<html>
<body>
<pre>
<h1>礦ision Build Log</h1>
<h2>Tool Versions:</h2>
IDE-Version: μVision V5.23.0.0
Copyright (C) 2017 ARM Ltd and ARM Germany GmbH. All rights reserved.
License Information: TURBO YAN, TURBO, LIC=W962Z-JQW8R-JM498-3LDA8-A8NHU-84F4I
 
Tool Versions:
Toolchain:       MDK-ARM Professional  Version: 5.23
Toolchain Path:  D:\Keil\Keil for MDK\ARM\ARMCC\Bin
C Compiler:      Armcc.exe V5.06 update 4 (build 422)
Assembler:       Armasm.exe V5.06 update 4 (build 422)
Linker/Locator:  ArmLink.exe V5.06 update 4 (build 422)
Library Manager: ArmAr.exe V5.06 update 4 (build 422)
Hex Converter:   FromElf.exe V5.06 update 4 (build 422)
CPU DLL:         SARMCM3.DLL V5.23
Dialog DLL:      DCM.DLL V1.15.0.0
Target DLL:      Segger\JL2CM3.dll V2.99.23.0
Dialog DLL:      TCM.DLL V1.27.0.0
 
<h2>Project:</h2>
F:\2019 smart car competition\DMA-ADC-UART\LPC-DMA\LPC546XX.uvprojx
Project File Date:  11/05/2019

<h2>Output:</h2>
*** Using Compiler 'V5.06 update 4 (build 422)', folder: 'D:\Keil\Keil for MDK\ARM\ARMCC\Bin'
Rebuild target 'SeekFree_LPC546XX'
assembling startup_LPC54606.s...
compiling system_LPC54606.c...
compiling LPC546XX_adc.c...
compiling LPC546XX_ctimer.c...
compiling LPC546XX_dma.c...
compiling LPC546XX_gpio.c...
compiling LPC546XX_gint.c...
compiling LPC546XX_flexcomm.c...
compiling LPC546XX_iic.c...
compiling LPC546XX_iocon.c...
compiling LPC546XX_pint.c...
compiling LPC546XX_pit.c...
compiling LPC546XX_pll.c...
compiling LPC546XX_systick.c...
compiling LPC546XX_sct.c...
compiling LPC546XX_spi.c...
compiling LPC546XX_uart.c...
compiling misc.c...
compiling LPC546XX_eeprom.c...
compiling assert.c...
compiling common.c...
compiling SelfBuild_PID.c...
USER\_PID\SelfBuild_PID.c(25): warning:  #1035-D: single-precision operand implicitly converted to double-precision
  	Kpp=1.0*(PID_Xxx->Error*PID_Xxx->Error)/PID_Xxx->Param_Kp+PID_Xxx->Param_Ki;
USER\_PID\SelfBuild_PID.c(27): warning:  #1035-D: single-precision operand implicitly converted to double-precision
  			       +PID_Xxx->Param_Kd*(0.8*(PID_Xxx->Error-PID_Xxx->Error_last)));
USER\_PID\SelfBuild_PID.c(71): warning:  #1-D: last line of file ends without a newline
  }
USER\_PID\SelfBuild_PID.c: 3 warnings, 0 errors
compiling SEEKFREE_PRINTF.c...
compiling SelfBuild_Mecanum_Ctrl.c...
USER\_MECANUM_CTRL\SelfBuild_Mecanum_Ctrl.c(35): warning:  #188-D: enumerated type mixed with another type
  		for(WheelNum_Typedef num=0;num<Wheel_Sum;num++)
USER\_MECANUM_CTRL\SelfBuild_Mecanum_Ctrl.c(37): warning:  #188-D: enumerated type mixed with another type
  			MECANUM_Motor_Data.SPEED_Get_cm_s[(uint8)num]=ctimer_count_read(Encoder_Pulse_TIMER[(uint8)num]);
USER\_MECANUM_CTRL\SelfBuild_Mecanum_Ctrl.c(38): warning:  #188-D: enumerated type mixed with another type
  			if(gpio_get(Encoder_Dir_Pin[(uint8)num]) == Encoder_Dir_Set[(uint8)num]) 
USER\_MECANUM_CTRL\SelfBuild_Mecanum_Ctrl.c(40): warning:  #188-D: enumerated type mixed with another type
  			ctimer_count_clean(Encoder_Pulse_TIMER[(uint8)num]);
USER\_MECANUM_CTRL\SelfBuild_Mecanum_Ctrl.c(71): warning:  #188-D: enumerated type mixed with another type
  	for(WheelNum_Typedef num=0;num<Wheel_Sum;num++)
USER\_MECANUM_CTRL\SelfBuild_Mecanum_Ctrl.c(86): warning:  #188-D: enumerated type mixed with another type
  	for(WheelNum_Typedef num=0;num<Wheel_Sum;num++)
USER\_MECANUM_CTRL\SelfBuild_Mecanum_Ctrl.c(89): warning:  #188-D: enumerated type mixed with another type
  		sct_pwm_duty(Motor_PWM[0][(uint8)num],MECANUM_Motor_Data.PWM_Set[(uint8)num]>0?MECANUM_Motor_Data.PWM_Set[(uint8)num]:0);
USER\_MECANUM_CTRL\SelfBuild_Mecanum_Ctrl.c(90): warning:  #188-D: enumerated type mixed with another type
  		sct_pwm_duty(Motor_PWM[1][(uint8)num],MECANUM_Motor_Data.PWM_Set[(uint8)num]<0?-MECANUM_Motor_Data.PWM_Set[(uint8)num]:0);
USER\_MECANUM_CTRL\SelfBuild_Mecanum_Ctrl.c: 8 warnings, 0 errors
compiling SelfBuild_control.c...
USER\_CONTROL\SelfBuild_control.c(8): warning:  #188-D: enumerated type mixed with another type
  {A6,0xff,0xff,0xff,0xff,B16},
USER\_CONTROL\SelfBuild_control.c(8): warning:  #188-D: enumerated type mixed with another type
  {A6,0xff,0xff,0xff,0xff,B16},
USER\_CONTROL\SelfBuild_control.c(8): warning:  #188-D: enumerated type mixed with another type
  {A6,0xff,0xff,0xff,0xff,B16},
USER\_CONTROL\SelfBuild_control.c(8): warning:  #188-D: enumerated type mixed with another type
  {A6,0xff,0xff,0xff,0xff,B16},
USER\_CONTROL\SelfBuild_control.c(9): warning:  #188-D: enumerated type mixed with another type
  {A19,0xff,0xff,0xff,0xff,A5},
USER\_CONTROL\SelfBuild_control.c(9): warning:  #188-D: enumerated type mixed with another type
  {A19,0xff,0xff,0xff,0xff,A5},
USER\_CONTROL\SelfBuild_control.c(9): warning:  #188-D: enumerated type mixed with another type
  {A19,0xff,0xff,0xff,0xff,A5},
USER\_CONTROL\SelfBuild_control.c(9): warning:  #188-D: enumerated type mixed with another type
  {A19,0xff,0xff,0xff,0xff,A5},
USER\_CONTROL\SelfBuild_control.c(10): warning:  #188-D: enumerated type mixed with another type
  {A10 ,0xff,0xff,0xff,0xff,A18},	
USER\_CONTROL\SelfBuild_control.c(10): warning:  #188-D: enumerated type mixed with another type
  {A10 ,0xff,0xff,0xff,0xff,A18},	
USER\_CONTROL\SelfBuild_control.c(10): warning:  #188-D: enumerated type mixed with another type
  {A10 ,0xff,0xff,0xff,0xff,A18},	
USER\_CONTROL\SelfBuild_control.c(10): warning:  #188-D: enumerated type mixed with another type
  {A10 ,0xff,0xff,0xff,0xff,A18},	
USER\_CONTROL\SelfBuild_control.c(11): warning:  #188-D: enumerated type mixed with another type
  {B20,0xff,0xff,0xff,0xff,A17},
USER\_CONTROL\SelfBuild_control.c(11): warning:  #188-D: enumerated type mixed with another type
  {B20,0xff,0xff,0xff,0xff,A17},
USER\_CONTROL\SelfBuild_control.c(11): warning:  #188-D: enumerated type mixed with another type
  {B20,0xff,0xff,0xff,0xff,A17},
USER\_CONTROL\SelfBuild_control.c(11): warning:  #188-D: enumerated type mixed with another type
  {B20,0xff,0xff,0xff,0xff,A17},
USER\_CONTROL\SelfBuild_control.c(44): warning:  #188-D: enumerated type mixed with another type
  	for(WheelNum_Typedef num=0;num<Wheel_Sum;num++)		//电机相关初始化
USER\_CONTROL\SelfBuild_control.c(46): warning:  #188-D: enumerated type mixed with another type
  		gpio_init(Encoder_Dir_Pin[(uint8)num],GPI,1,PULLUP);		//编码器方向口
USER\_CONTROL\SelfBuild_control.c(47): warning:  #188-D: enumerated type mixed with another type
  		ctimer_count_init(Encoder_Pulse_TIMER[(uint8)num]);		//编码器计数器
USER\_CONTROL\SelfBuild_control.c(48): warning:  #188-D: enumerated type mixed with another type
  		sct_pwm_init(Motor_PWM[0][(uint8)num],5000,0);  //正转PWM
USER\_CONTROL\SelfBuild_control.c(49): warning:  #188-D: enumerated type mixed with another type
  		sct_pwm_init(Motor_PWM[1][(uint8)num],5000,0);  //倒转PWM
USER\_CONTROL\SelfBuild_control.c(163): warning:  #1-D: last line of file ends without a newline
  }
USER\_CONTROL\SelfBuild_control.c: 22 warnings, 0 errors
compiling SelfBuild_DataHelper.c...
compiling Selfbuild_oled.c...
compiling SelfBuild_OLEDMenu.c...
compiling isr.c...
USER\src\isr.c(26): warning:  #177-D: variable "zuoqian"  was declared but never referenced
  		uint8 zuoqian=0,zuohou=0,youqian=0,youhou=0;
USER\src\isr.c(26): warning:  #177-D: variable "zuohou"  was declared but never referenced
  		uint8 zuoqian=0,zuohou=0,youqian=0,youhou=0;
USER\src\isr.c(26): warning:  #177-D: variable "youqian"  was declared but never referenced
  		uint8 zuoqian=0,zuohou=0,youqian=0,youhou=0;
USER\src\isr.c(26): warning:  #177-D: variable "youhou"  was declared but never referenced
  		uint8 zuoqian=0,zuohou=0,youqian=0,youhou=0;
USER\src\isr.c: 4 warnings, 0 errors
compiling main.c...
USER\src\main.c(12): warning:  #1-D: last line of file ends without a newline
  }
USER\src\main.c: 1 warning, 0 errors
compiling SEEKFREE_FONT.c...
compiling SEEKFREE_FUN.c...
compiling SEEKFREE_IIC.c...
compiling SEEKFREE_7725.c...
compiling SEEKFREE_L3G4200D.c...
compiling SEEKFREE_NRF24L01.c...
compiling SEEKFREE_MT9V032.c...
compiling SEEKFREE_MMA8451.c...
compiling SEEKFREE_VIRSCO.c...
compiling SEEKFREE_18TFT.c...
compiling VCAN_computer.c...
compiling log_stm32.c...
compiling eMPL_outputs.c...
compiling data_builder.c...
compiling message_layer.c...
compiling hal_outputs.c...
compiling inv_mpu.c...
compiling mlmath.c...
compiling ml_math_func.c...
compiling mpl.c...
compiling start_manager.c...
compiling results_holder.c...
compiling inv_mpu_dmp_motion_driver.c...
compiling storage_manager.c...
compiling mpuiic.c...
compiling MPU_ForUser.c...
compiling mpu9250.c...
linking...
Program Size: Code=81524 RO-data=7396 RW-data=364 ZI-data=42604  
".\Objects\LPC546XX.axf" - 0 Error(s), 38 Warning(s).

<h2>Collection of Component include folders:</h2>
  .\RTE\_SeekFree_LPC546XX
  D:\Keil\Keil for MDK\ARM\PACK\Keil\LPC54000_DFP\2.6.0\Device\Include

<h2>Collection of Component Files used:</h2>
Build Time Elapsed:  00:00:45
</pre>
</body>
</html>
