<!doctype html public "-//w3c//dtd html 4.0 transitional//en">
<html><head>
<title>Static Call Graph - [.\Objects\LPC546XX.axf]</title></head>
<body><HR>
<H1>Static Call Graph for image .\Objects\LPC546XX.axf</H1><HR>
<BR><P>#&#060CALLGRAPH&#062# ARM Linker, 5060422: Last Updated: Wed Nov 06 22:50:57 2019
<BR><P>
<H3>Maximum Stack Usage =        984 bytes + Unknown(Functions without stacksize, Cycles, Untraceable Function Pointers)</H3><H3>
Call chain for Maximum Stack Depth:</H3>
__rt_entry_main &rArr; main &rArr; Init_ALL &rArr; MPU_Init_ForUser &rArr; mpu_dmp_init &rArr; run_self_test &rArr; mpu_run_6500_self_test &rArr; get_st_6500_biases &rArr; MPU_Read_Len &rArr; IIC_Read_Byte &rArr; IIC_NAck &rArr; systick_delay &rArr; assert_failed &rArr; printf &rArr; __aeabi_dmul
<P>
<H3>
Functions with no stack information
</H3><UL>
 <LI><a href="#[1cc]">__user_initial_stackheap</a>
</UL>
</UL>
<P>
<H3>
Mutually Recursive functions
</H3> <LI><a href="#[e]">MemManage_Handler</a>&nbsp;&nbsp;&nbsp;&rArr;&nbsp;&nbsp;&nbsp;<a href="#[e]">MemManage_Handler</a><BR>
 <LI><a href="#[f]">BusFault_Handler</a>&nbsp;&nbsp;&nbsp;&rArr;&nbsp;&nbsp;&nbsp;<a href="#[f]">BusFault_Handler</a><BR>
 <LI><a href="#[10]">UsageFault_Handler</a>&nbsp;&nbsp;&nbsp;&rArr;&nbsp;&nbsp;&nbsp;<a href="#[10]">UsageFault_Handler</a><BR>
 <LI><a href="#[11]">SVC_Handler</a>&nbsp;&nbsp;&nbsp;&rArr;&nbsp;&nbsp;&nbsp;<a href="#[11]">SVC_Handler</a><BR>
 <LI><a href="#[12]">DebugMon_Handler</a>&nbsp;&nbsp;&nbsp;&rArr;&nbsp;&nbsp;&nbsp;<a href="#[12]">DebugMon_Handler</a><BR>
 <LI><a href="#[13]">PendSV_Handler</a>&nbsp;&nbsp;&nbsp;&rArr;&nbsp;&nbsp;&nbsp;<a href="#[13]">PendSV_Handler</a><BR>
 <LI><a href="#[14]">SysTick_Handler</a>&nbsp;&nbsp;&nbsp;&rArr;&nbsp;&nbsp;&nbsp;<a href="#[14]">SysTick_Handler</a><BR>
 <LI><a href="#[66]">ADC0_SEQA_DriverIRQHandler</a>&nbsp;&nbsp;&nbsp;&rArr;&nbsp;&nbsp;&nbsp;<a href="#[66]">ADC0_SEQA_DriverIRQHandler</a><BR>
</UL>
<P>
<H3>
Function Pointers
</H3><UL>
 <LI><a href="#[66]">ADC0_SEQA_DriverIRQHandler</a> from startup_lpc54606.o(.text) referenced from startup_lpc54606.o(.text)
 <LI><a href="#[2b]">ADC0_SEQA_IRQHandler</a> from startup_lpc54606.o(.text) referenced from startup_lpc54606.o(RESET)
 <LI><a href="#[67]">ADC0_SEQB_DriverIRQHandler</a> from startup_lpc54606.o(.text) referenced from startup_lpc54606.o(.text)
 <LI><a href="#[2c]">ADC0_SEQB_IRQHandler</a> from startup_lpc54606.o(.text) referenced from startup_lpc54606.o(RESET)
 <LI><a href="#[68]">ADC0_THCMP_DriverIRQHandler</a> from startup_lpc54606.o(.text) referenced from startup_lpc54606.o(.text)
 <LI><a href="#[2d]">ADC0_THCMP_IRQHandler</a> from startup_lpc54606.o(.text) referenced from startup_lpc54606.o(RESET)
 <LI><a href="#[f]">BusFault_Handler</a> from startup_lpc54606.o(.text) referenced from startup_lpc54606.o(RESET)
 <LI><a href="#[7b]">CAN0_IRQ0_DriverIRQHandler</a> from startup_lpc54606.o(.text) referenced from startup_lpc54606.o(.text)
 <LI><a href="#[40]">CAN0_IRQ0_IRQHandler</a> from startup_lpc54606.o(.text) referenced from startup_lpc54606.o(RESET)
 <LI><a href="#[7c]">CAN0_IRQ1_DriverIRQHandler</a> from startup_lpc54606.o(.text) referenced from startup_lpc54606.o(.text)
 <LI><a href="#[41]">CAN0_IRQ1_IRQHandler</a> from startup_lpc54606.o(.text) referenced from startup_lpc54606.o(RESET)
 <LI><a href="#[7d]">CAN1_IRQ0_DriverIRQHandler</a> from startup_lpc54606.o(.text) referenced from startup_lpc54606.o(.text)
 <LI><a href="#[42]">CAN1_IRQ0_IRQHandler</a> from startup_lpc54606.o(.text) referenced from startup_lpc54606.o(RESET)
 <LI><a href="#[7e]">CAN1_IRQ1_DriverIRQHandler</a> from startup_lpc54606.o(.text) referenced from startup_lpc54606.o(.text)
 <LI><a href="#[43]">CAN1_IRQ1_IRQHandler</a> from startup_lpc54606.o(.text) referenced from startup_lpc54606.o(RESET)
 <LI><a href="#[5a]">CTIMER0_DriverIRQHandler</a> from startup_lpc54606.o(.text) referenced from startup_lpc54606.o(.text)
 <LI><a href="#[1f]">CTIMER0_IRQHandler</a> from startup_lpc54606.o(.text) referenced from startup_lpc54606.o(RESET)
 <LI><a href="#[5b]">CTIMER1_DriverIRQHandler</a> from startup_lpc54606.o(.text) referenced from startup_lpc54606.o(.text)
 <LI><a href="#[20]">CTIMER1_IRQHandler</a> from startup_lpc54606.o(.text) referenced from startup_lpc54606.o(RESET)
 <LI><a href="#[74]">CTIMER2_DriverIRQHandler</a> from startup_lpc54606.o(.text) referenced from startup_lpc54606.o(.text)
 <LI><a href="#[39]">CTIMER2_IRQHandler</a> from startup_lpc54606.o(.text) referenced from startup_lpc54606.o(RESET)
 <LI><a href="#[5d]">CTIMER3_DriverIRQHandler</a> from startup_lpc54606.o(.text) referenced from startup_lpc54606.o(.text)
 <LI><a href="#[22]">CTIMER3_IRQHandler</a> from startup_lpc54606.o(.text) referenced from startup_lpc54606.o(RESET)
 <LI><a href="#[75]">CTIMER4_DriverIRQHandler</a> from startup_lpc54606.o(.text) referenced from startup_lpc54606.o(.text)
 <LI><a href="#[3a]">CTIMER4_IRQHandler</a> from startup_lpc54606.o(.text) referenced from startup_lpc54606.o(RESET)
 <LI><a href="#[51]">DMA0_DriverIRQHandler</a> from isr.o(i.DMA0_DriverIRQHandler) referenced from startup_lpc54606.o(.text)
 <LI><a href="#[16]">DMA0_IRQHandler</a> from startup_lpc54606.o(.text) referenced from startup_lpc54606.o(RESET)
 <LI><a href="#[69]">DMIC0_DriverIRQHandler</a> from startup_lpc54606.o(.text) referenced from startup_lpc54606.o(.text)
 <LI><a href="#[2e]">DMIC0_IRQHandler</a> from startup_lpc54606.o(.text) referenced from startup_lpc54606.o(RESET)
 <LI><a href="#[12]">DebugMon_Handler</a> from startup_lpc54606.o(.text) referenced from startup_lpc54606.o(RESET)
 <LI><a href="#[84]">EEPROM_DriverIRQHandler</a> from startup_lpc54606.o(.text) referenced from startup_lpc54606.o(.text)
 <LI><a href="#[49]">EEPROM_IRQHandler</a> from startup_lpc54606.o(.text) referenced from startup_lpc54606.o(RESET)
 <LI><a href="#[81]">ETHERNET_DriverIRQHandler</a> from startup_lpc54606.o(.text) referenced from startup_lpc54606.o(.text)
 <LI><a href="#[46]">ETHERNET_IRQHandler</a> from startup_lpc54606.o(.text) referenced from startup_lpc54606.o(RESET)
 <LI><a href="#[83]">ETHERNET_MACLP_DriverIRQHandler</a> from startup_lpc54606.o(.text) referenced from startup_lpc54606.o(.text)
 <LI><a href="#[48]">ETHERNET_MACLP_IRQHandler</a> from startup_lpc54606.o(.text) referenced from startup_lpc54606.o(RESET)
 <LI><a href="#[82]">ETHERNET_PMT_DriverIRQHandler</a> from startup_lpc54606.o(.text) referenced from startup_lpc54606.o(.text)
 <LI><a href="#[47]">ETHERNET_PMT_IRQHandler</a> from startup_lpc54606.o(.text) referenced from startup_lpc54606.o(RESET)
 <LI><a href="#[5e]">FLEXCOMM0_DriverIRQHandler</a> from isr.o(i.FLEXCOMM0_DriverIRQHandler) referenced from startup_lpc54606.o(.text)
 <LI><a href="#[23]">FLEXCOMM0_IRQHandler</a> from startup_lpc54606.o(.text) referenced from startup_lpc54606.o(RESET)
 <LI><a href="#[5f]">FLEXCOMM1_DriverIRQHandler</a> from startup_lpc54606.o(.text) referenced from startup_lpc54606.o(.text)
 <LI><a href="#[24]">FLEXCOMM1_IRQHandler</a> from startup_lpc54606.o(.text) referenced from startup_lpc54606.o(RESET)
 <LI><a href="#[60]">FLEXCOMM2_DriverIRQHandler</a> from startup_lpc54606.o(.text) referenced from startup_lpc54606.o(.text)
 <LI><a href="#[25]">FLEXCOMM2_IRQHandler</a> from startup_lpc54606.o(.text) referenced from startup_lpc54606.o(RESET)
 <LI><a href="#[61]">FLEXCOMM3_DriverIRQHandler</a> from startup_lpc54606.o(.text) referenced from startup_lpc54606.o(.text)
 <LI><a href="#[26]">FLEXCOMM3_IRQHandler</a> from startup_lpc54606.o(.text) referenced from startup_lpc54606.o(RESET)
 <LI><a href="#[62]">FLEXCOMM4_DriverIRQHandler</a> from startup_lpc54606.o(.text) referenced from startup_lpc54606.o(.text)
 <LI><a href="#[27]">FLEXCOMM4_IRQHandler</a> from startup_lpc54606.o(.text) referenced from startup_lpc54606.o(RESET)
 <LI><a href="#[63]">FLEXCOMM5_DriverIRQHandler</a> from isr.o(i.FLEXCOMM5_DriverIRQHandler) referenced from startup_lpc54606.o(.text)
 <LI><a href="#[28]">FLEXCOMM5_IRQHandler</a> from startup_lpc54606.o(.text) referenced from startup_lpc54606.o(RESET)
 <LI><a href="#[64]">FLEXCOMM6_DriverIRQHandler</a> from startup_lpc54606.o(.text) referenced from startup_lpc54606.o(.text)
 <LI><a href="#[29]">FLEXCOMM6_IRQHandler</a> from startup_lpc54606.o(.text) referenced from startup_lpc54606.o(RESET)
 <LI><a href="#[65]">FLEXCOMM7_DriverIRQHandler</a> from startup_lpc54606.o(.text) referenced from startup_lpc54606.o(.text)
 <LI><a href="#[2a]">FLEXCOMM7_IRQHandler</a> from startup_lpc54606.o(.text) referenced from startup_lpc54606.o(RESET)
 <LI><a href="#[78]">FLEXCOMM8_DriverIRQHandler</a> from startup_lpc54606.o(.text) referenced from startup_lpc54606.o(.text)
 <LI><a href="#[3d]">FLEXCOMM8_IRQHandler</a> from startup_lpc54606.o(.text) referenced from startup_lpc54606.o(RESET)
 <LI><a href="#[79]">FLEXCOMM9_DriverIRQHandler</a> from startup_lpc54606.o(.text) referenced from startup_lpc54606.o(.text)
 <LI><a href="#[3e]">FLEXCOMM9_IRQHandler</a> from startup_lpc54606.o(.text) referenced from startup_lpc54606.o(RESET)
 <LI><a href="#[52]">GINT0_DriverIRQHandler</a> from startup_lpc54606.o(.text) referenced from startup_lpc54606.o(.text)
 <LI><a href="#[17]">GINT0_IRQHandler</a> from startup_lpc54606.o(.text) referenced from startup_lpc54606.o(RESET)
 <LI><a href="#[53]">GINT1_DriverIRQHandler</a> from startup_lpc54606.o(.text) referenced from startup_lpc54606.o(.text)
 <LI><a href="#[18]">GINT1_IRQHandler</a> from startup_lpc54606.o(.text) referenced from startup_lpc54606.o(RESET)
 <LI><a href="#[6a]">HWVAD0_DriverIRQHandler</a> from startup_lpc54606.o(.text) referenced from startup_lpc54606.o(.text)
 <LI><a href="#[2f]">HWVAD0_IRQHandler</a> from startup_lpc54606.o(.text) referenced from startup_lpc54606.o(RESET)
 <LI><a href="#[d]">HardFault_Handler</a> from system_lpc54606.o(i.HardFault_Handler) referenced from startup_lpc54606.o(RESET)
 <LI><a href="#[85]">LCD_DriverIRQHandler</a> from startup_lpc54606.o(.text) referenced from startup_lpc54606.o(.text)
 <LI><a href="#[4a]">LCD_IRQHandler</a> from startup_lpc54606.o(.text) referenced from startup_lpc54606.o(RESET)
 <LI><a href="#[59]">MRT0_DriverIRQHandler</a> from isr.o(i.MRT0_DriverIRQHandler) referenced from startup_lpc54606.o(.text)
 <LI><a href="#[1e]">MRT0_IRQHandler</a> from startup_lpc54606.o(.text) referenced from startup_lpc54606.o(RESET)
 <LI><a href="#[e]">MemManage_Handler</a> from startup_lpc54606.o(.text) referenced from startup_lpc54606.o(RESET)
 <LI><a href="#[c]">NMI_Handler</a> from system_lpc54606.o(i.NMI_Handler) referenced from startup_lpc54606.o(RESET)
 <LI><a href="#[54]">PIN_INT0_DriverIRQHandler</a> from startup_lpc54606.o(.text) referenced from startup_lpc54606.o(.text)
 <LI><a href="#[19]">PIN_INT0_IRQHandler</a> from startup_lpc54606.o(.text) referenced from startup_lpc54606.o(RESET)
 <LI><a href="#[55]">PIN_INT1_DriverIRQHandler</a> from startup_lpc54606.o(.text) referenced from startup_lpc54606.o(.text)
 <LI><a href="#[1a]">PIN_INT1_IRQHandler</a> from startup_lpc54606.o(.text) referenced from startup_lpc54606.o(RESET)
 <LI><a href="#[56]">PIN_INT2_DriverIRQHandler</a> from startup_lpc54606.o(.text) referenced from startup_lpc54606.o(.text)
 <LI><a href="#[1b]">PIN_INT2_IRQHandler</a> from startup_lpc54606.o(.text) referenced from startup_lpc54606.o(RESET)
 <LI><a href="#[57]">PIN_INT3_DriverIRQHandler</a> from startup_lpc54606.o(.text) referenced from startup_lpc54606.o(.text)
 <LI><a href="#[1c]">PIN_INT3_IRQHandler</a> from startup_lpc54606.o(.text) referenced from startup_lpc54606.o(RESET)
 <LI><a href="#[70]">PIN_INT4_DriverIRQHandler</a> from startup_lpc54606.o(.text) referenced from startup_lpc54606.o(.text)
 <LI><a href="#[35]">PIN_INT4_IRQHandler</a> from startup_lpc54606.o(.text) referenced from startup_lpc54606.o(RESET)
 <LI><a href="#[71]">PIN_INT5_DriverIRQHandler</a> from startup_lpc54606.o(.text) referenced from startup_lpc54606.o(.text)
 <LI><a href="#[36]">PIN_INT5_IRQHandler</a> from startup_lpc54606.o(.text) referenced from startup_lpc54606.o(RESET)
 <LI><a href="#[72]">PIN_INT6_DriverIRQHandler</a> from startup_lpc54606.o(.text) referenced from startup_lpc54606.o(.text)
 <LI><a href="#[37]">PIN_INT6_IRQHandler</a> from startup_lpc54606.o(.text) referenced from startup_lpc54606.o(RESET)
 <LI><a href="#[73]">PIN_INT7_DriverIRQHandler</a> from isr.o(i.PIN_INT7_DriverIRQHandler) referenced from startup_lpc54606.o(.text)
 <LI><a href="#[38]">PIN_INT7_IRQHandler</a> from startup_lpc54606.o(.text) referenced from startup_lpc54606.o(RESET)
 <LI><a href="#[13]">PendSV_Handler</a> from startup_lpc54606.o(.text) referenced from startup_lpc54606.o(RESET)
 <LI><a href="#[76]">RIT_DriverIRQHandler</a> from isr.o(i.RIT_DriverIRQHandler) referenced from startup_lpc54606.o(.text)
 <LI><a href="#[3b]">RIT_IRQHandler</a> from startup_lpc54606.o(.text) referenced from startup_lpc54606.o(RESET)
 <LI><a href="#[6d]">RTC_DriverIRQHandler</a> from startup_lpc54606.o(.text) referenced from startup_lpc54606.o(.text)
 <LI><a href="#[32]">RTC_IRQHandler</a> from startup_lpc54606.o(.text) referenced from startup_lpc54606.o(RESET)
 <LI><a href="#[6e]">Reserved46_DriverIRQHandler</a> from startup_lpc54606.o(.text) referenced from startup_lpc54606.o(.text)
 <LI><a href="#[33]">Reserved46_IRQHandler</a> from startup_lpc54606.o(.text) referenced from startup_lpc54606.o(RESET)
 <LI><a href="#[6f]">Reserved47_DriverIRQHandler</a> from startup_lpc54606.o(.text) referenced from startup_lpc54606.o(.text)
 <LI><a href="#[34]">Reserved47_IRQHandler</a> from startup_lpc54606.o(.text) referenced from startup_lpc54606.o(RESET)
 <LI><a href="#[b]">Reset_Handler</a> from startup_lpc54606.o(.text) referenced from startup_lpc54606.o(RESET)
 <LI><a href="#[5c]">SCT0_DriverIRQHandler</a> from startup_lpc54606.o(.text) referenced from startup_lpc54606.o(.text)
 <LI><a href="#[21]">SCT0_IRQHandler</a> from startup_lpc54606.o(.text) referenced from startup_lpc54606.o(RESET)
 <LI><a href="#[7a]">SDIO_DriverIRQHandler</a> from startup_lpc54606.o(.text) referenced from startup_lpc54606.o(.text)
 <LI><a href="#[3f]">SDIO_IRQHandler</a> from startup_lpc54606.o(.text) referenced from startup_lpc54606.o(RESET)
 <LI><a href="#[86]">SHA_DriverIRQHandler</a> from startup_lpc54606.o(.text) referenced from startup_lpc54606.o(.text)
 <LI><a href="#[4b]">SHA_IRQHandler</a> from startup_lpc54606.o(.text) referenced from startup_lpc54606.o(RESET)
 <LI><a href="#[87]">SMARTCARD0_DriverIRQHandler</a> from startup_lpc54606.o(.text) referenced from startup_lpc54606.o(.text)
 <LI><a href="#[4c]">SMARTCARD0_IRQHandler</a> from startup_lpc54606.o(.text) referenced from startup_lpc54606.o(RESET)
 <LI><a href="#[88]">SMARTCARD1_DriverIRQHandler</a> from startup_lpc54606.o(.text) referenced from startup_lpc54606.o(.text)
 <LI><a href="#[4d]">SMARTCARD1_IRQHandler</a> from startup_lpc54606.o(.text) referenced from startup_lpc54606.o(RESET)
 <LI><a href="#[77]">SPIFI0_DriverIRQHandler</a> from startup_lpc54606.o(.text) referenced from startup_lpc54606.o(.text)
 <LI><a href="#[3c]">SPIFI0_IRQHandler</a> from startup_lpc54606.o(.text) referenced from startup_lpc54606.o(RESET)
 <LI><a href="#[11]">SVC_Handler</a> from startup_lpc54606.o(.text) referenced from startup_lpc54606.o(RESET)
 <LI><a href="#[14]">SysTick_Handler</a> from startup_lpc54606.o(.text) referenced from startup_lpc54606.o(RESET)
 <LI><a href="#[4e]">SystemInit</a> from system_lpc54606.o(i.SystemInit) referenced from startup_lpc54606.o(.text)
 <LI><a href="#[6c]">USB0_DriverIRQHandler</a> from startup_lpc54606.o(.text) referenced from startup_lpc54606.o(.text)
 <LI><a href="#[31]">USB0_IRQHandler</a> from startup_lpc54606.o(.text) referenced from startup_lpc54606.o(RESET)
 <LI><a href="#[6b]">USB0_NEEDCLK_DriverIRQHandler</a> from startup_lpc54606.o(.text) referenced from startup_lpc54606.o(.text)
 <LI><a href="#[30]">USB0_NEEDCLK_IRQHandler</a> from startup_lpc54606.o(.text) referenced from startup_lpc54606.o(RESET)
 <LI><a href="#[7f]">USB1_DriverIRQHandler</a> from startup_lpc54606.o(.text) referenced from startup_lpc54606.o(.text)
 <LI><a href="#[44]">USB1_IRQHandler</a> from startup_lpc54606.o(.text) referenced from startup_lpc54606.o(RESET)
 <LI><a href="#[80]">USB1_NEEDCLK_DriverIRQHandler</a> from startup_lpc54606.o(.text) referenced from startup_lpc54606.o(.text)
 <LI><a href="#[45]">USB1_NEEDCLK_IRQHandler</a> from startup_lpc54606.o(.text) referenced from startup_lpc54606.o(RESET)
 <LI><a href="#[58]">UTICK0_DriverIRQHandler</a> from startup_lpc54606.o(.text) referenced from startup_lpc54606.o(.text)
 <LI><a href="#[1d]">UTICK0_IRQHandler</a> from startup_lpc54606.o(.text) referenced from startup_lpc54606.o(RESET)
 <LI><a href="#[10]">UsageFault_Handler</a> from startup_lpc54606.o(.text) referenced from startup_lpc54606.o(RESET)
 <LI><a href="#[50]">WDT_BOD_DriverIRQHandler</a> from startup_lpc54606.o(.text) referenced from startup_lpc54606.o(.text)
 <LI><a href="#[15]">WDT_BOD_IRQHandler</a> from startup_lpc54606.o(.text) referenced from startup_lpc54606.o(RESET)
 <LI><a href="#[96]">__main</a> from __main.o(!!!main) referenced from startup_lpc54606.o(.text)
 <LI><a href="#[8f]">_get_lc_ctype</a> from lc_ctype_c.o(locale$$code) referenced from rt_ctype_table.o(.text)
 <LI><a href="#[8e]">_printf_input_char</a> from _printf_char_common.o(.text) referenced from _printf_char_common.o(.text)
 <LI><a href="#[8d]">_sputc</a> from _sputc.o(.text) referenced from vsprintf.o(.text)
 <LI><a href="#[18d]">inv_auto_calibrate</a> from accel_auto_cal.o(.text) referenced 3 times from accel_auto_cal.o(.text)
 <LI><a href="#[93]">inv_db_load_func</a> from data_builder.o(i.inv_db_load_func) referenced from data_builder.o(i.inv_init_data_builder)
 <LI><a href="#[92]">inv_db_save_func</a> from data_builder.o(i.inv_db_save_func) referenced from data_builder.o(i.inv_init_data_builder)
 <LI><a href="#[94]">inv_generate_eMPL_outputs</a> from empl_outputs.o(i.inv_generate_eMPL_outputs) referenced from empl_outputs.o(i.inv_start_eMPL_outputs)
 <LI><a href="#[128]">inv_generate_fast_nomot</a> from fast_no_motion.o(.text) referenced 2 times from fast_no_motion.o(.text)
 <LI><a href="#[8c]">inv_generate_quaternion</a> from quaternion_supervisor.o(.text) referenced from quaternion_supervisor.o(.text)
 <LI><a href="#[95]">inv_generate_results</a> from results_holder.o(i.inv_generate_results) referenced from results_holder.o(i.inv_start_results_holder)
 <LI><a href="#[107]">inv_generate_vector_compass_cal</a> from compass_vec_cal.o(.text) referenced 3 times from compass_vec_cal.o(.text)
 <LI><a href="#[89]">inv_gtc_data_cb</a> from gyro_tc.o(.text) referenced from gyro_tc.o(.text)
 <LI><a href="#[8b]">inv_gtc_load</a> from gyro_tc.o(.text) referenced from gyro_tc.o(.text)
 <LI><a href="#[8a]">inv_gtc_store</a> from gyro_tc.o(.text) referenced from gyro_tc.o(.text)
 <LI><a href="#[165]">inv_magnetic_disturbance_process</a> from mag_disturb.o(.text) referenced 4 times from mag_disturb.o(.text)
 <LI><a href="#[143]">inv_process_9x_sensor_fusion_cb</a> from fusion_9axis.o(.text) referenced 2 times from fusion_9axis.o(.text)
 <LI><a href="#[145]">inv_start_9x_sensor_fusion</a> from fusion_9axis.o(.text) referenced 2 times from fusion_9axis.o(.text)
 <LI><a href="#[90]">inv_start_eMPL_outputs</a> from empl_outputs.o(i.inv_start_eMPL_outputs) referenced from empl_outputs.o(i.inv_enable_eMPL_outputs)
 <LI><a href="#[131]">inv_start_fast_nomot</a> from fast_no_motion.o(.text) referenced 2 times from fast_no_motion.o(.text)
 <LI><a href="#[152]">inv_start_gyro_tc</a> from gyro_tc.o(.text) referenced 2 times from gyro_tc.o(.text)
 <LI><a href="#[192]">inv_start_in_use_auto_calibration</a> from accel_auto_cal.o(.text) referenced 2 times from accel_auto_cal.o(.text)
 <LI><a href="#[167]">inv_start_magnetic_disturbance</a> from mag_disturb.o(.text) referenced from mag_disturb.o(.text)
 <LI><a href="#[17b]">inv_start_quaternion</a> from quaternion_supervisor.o(.text) referenced 2 times from quaternion_supervisor.o(.text)
 <LI><a href="#[91]">inv_start_results_holder</a> from results_holder.o(i.inv_start_results_holder) referenced from results_holder.o(i.inv_enable_results_holder)
 <LI><a href="#[109]">inv_start_vector_compass_cal</a> from compass_vec_cal.o(.text) referenced 2 times from compass_vec_cal.o(.text)
</UL>
<P>
<H3>
Global Symbols
</H3>
<P><STRONG><a name="[96]"></a>__main</STRONG> (Thumb, 8 bytes, Stack size 0 bytes, __main.o(!!!main))
<BR><BR>[Calls]<UL><LI><a href="#[98]">&gt;&gt;</a>&nbsp;&nbsp;&nbsp;__rt_entry
<LI><a href="#[97]">&gt;&gt;</a>&nbsp;&nbsp;&nbsp;__scatterload
</UL>

<P><STRONG><a name="[97]"></a>__scatterload</STRONG> (Thumb, 0 bytes, Stack size unknown bytes, __scatter.o(!!!scatter))
<BR><BR>[Called By]<UL><LI><a href="#[96]">&gt;&gt;</a>&nbsp;&nbsp;&nbsp;__main
</UL>

<P><STRONG><a name="[99]"></a>__scatterload_rt2</STRONG> (Thumb, 44 bytes, Stack size unknown bytes, __scatter.o(!!!scatter), UNUSED)
<BR><BR>[Calls]<UL><LI><a href="#[98]">&gt;&gt;</a>&nbsp;&nbsp;&nbsp;__rt_entry
</UL>

<P><STRONG><a name="[2f6]"></a>__scatterload_rt2_thumb_only</STRONG> (Thumb, 0 bytes, Stack size unknown bytes, __scatter.o(!!!scatter), UNUSED)

<P><STRONG><a name="[2f7]"></a>__scatterload_null</STRONG> (Thumb, 0 bytes, Stack size unknown bytes, __scatter.o(!!!scatter), UNUSED)

<P><STRONG><a name="[2f8]"></a>__decompress</STRONG> (Thumb, 90 bytes, Stack size unknown bytes, __dczerorl2.o(!!dczerorl2), UNUSED)

<P><STRONG><a name="[2f9]"></a>__decompress1</STRONG> (Thumb, 0 bytes, Stack size unknown bytes, __dczerorl2.o(!!dczerorl2), UNUSED)

<P><STRONG><a name="[2fa]"></a>__scatterload_zeroinit</STRONG> (Thumb, 28 bytes, Stack size unknown bytes, __scatter_zi.o(!!handler_zi), UNUSED)

<P><STRONG><a name="[9a]"></a>_printf_n</STRONG> (Thumb, 0 bytes, Stack size unknown bytes, _printf_n.o(.ARM.Collect$$_printf_percent$$00000001))
<BR><BR>[Calls]<UL><LI><a href="#[9b]">&gt;&gt;</a>&nbsp;&nbsp;&nbsp;_printf_charcount
</UL>

<P><STRONG><a name="[19f]"></a>_printf_percent</STRONG> (Thumb, 0 bytes, Stack size unknown bytes, _printf_percent.o(.ARM.Collect$$_printf_percent$$00000000))
<BR><BR>[Called By]<UL><LI><a href="#[19d]">&gt;&gt;</a>&nbsp;&nbsp;&nbsp;__printf
</UL>

<P><STRONG><a name="[9c]"></a>_printf_p</STRONG> (Thumb, 0 bytes, Stack size unknown bytes, _printf_p.o(.ARM.Collect$$_printf_percent$$00000002))
<BR><BR>[Stack]<UL><LI>Max Depth = 64 + Unknown Stack Size
<LI>Call Chain = _printf_p &rArr; _printf_hex_ptr &rArr; _printf_longlong_hex &rArr; _printf_int_common &rArr; _printf_post_padding
</UL>
<BR>[Calls]<UL><LI><a href="#[9d]">&gt;&gt;</a>&nbsp;&nbsp;&nbsp;_printf_hex_ptr
</UL>

<P><STRONG><a name="[9e]"></a>_printf_f</STRONG> (Thumb, 0 bytes, Stack size unknown bytes, _printf_f.o(.ARM.Collect$$_printf_percent$$00000003))
<BR><BR>[Stack]<UL><LI>Max Depth = 320 + Unknown Stack Size
<LI>Call Chain = _printf_f &rArr; _printf_fp_dec &rArr; _printf_fp_dec_real &rArr; _fp_digits &rArr; _btod_etento &rArr; _btod_emul &rArr; _e2e
</UL>
<BR>[Calls]<UL><LI><a href="#[9f]">&gt;&gt;</a>&nbsp;&nbsp;&nbsp;_printf_fp_dec
</UL>

<P><STRONG><a name="[a0]"></a>_printf_e</STRONG> (Thumb, 0 bytes, Stack size unknown bytes, _printf_e.o(.ARM.Collect$$_printf_percent$$00000004))
<BR><BR>[Stack]<UL><LI>Max Depth = 320 + Unknown Stack Size
<LI>Call Chain = _printf_e &rArr; _printf_fp_dec &rArr; _printf_fp_dec_real &rArr; _fp_digits &rArr; _btod_etento &rArr; _btod_emul &rArr; _e2e
</UL>
<BR>[Calls]<UL><LI><a href="#[9f]">&gt;&gt;</a>&nbsp;&nbsp;&nbsp;_printf_fp_dec
</UL>

<P><STRONG><a name="[a1]"></a>_printf_g</STRONG> (Thumb, 0 bytes, Stack size unknown bytes, _printf_g.o(.ARM.Collect$$_printf_percent$$00000005))
<BR><BR>[Stack]<UL><LI>Max Depth = 320 + Unknown Stack Size
<LI>Call Chain = _printf_g &rArr; _printf_fp_dec &rArr; _printf_fp_dec_real &rArr; _fp_digits &rArr; _btod_etento &rArr; _btod_emul &rArr; _e2e
</UL>
<BR>[Calls]<UL><LI><a href="#[9f]">&gt;&gt;</a>&nbsp;&nbsp;&nbsp;_printf_fp_dec
</UL>

<P><STRONG><a name="[a2]"></a>_printf_a</STRONG> (Thumb, 0 bytes, Stack size unknown bytes, _printf_a.o(.ARM.Collect$$_printf_percent$$00000006))
<BR><BR>[Stack]<UL><LI>Max Depth = 112 + Unknown Stack Size
<LI>Call Chain = _printf_a &rArr; _printf_fp_hex &rArr; _printf_fp_hex_real &rArr; _printf_fp_infnan &rArr; _printf_post_padding
</UL>
<BR>[Calls]<UL><LI><a href="#[a3]">&gt;&gt;</a>&nbsp;&nbsp;&nbsp;_printf_fp_hex
</UL>

<P><STRONG><a name="[2fb]"></a>_printf_ll</STRONG> (Thumb, 0 bytes, Stack size unknown bytes, _printf_ll.o(.ARM.Collect$$_printf_percent$$00000007))

<P><STRONG><a name="[a4]"></a>_printf_i</STRONG> (Thumb, 0 bytes, Stack size unknown bytes, _printf_i.o(.ARM.Collect$$_printf_percent$$00000008))
<BR><BR>[Stack]<UL><LI>Max Depth = 72 + Unknown Stack Size
<LI>Call Chain = _printf_i &rArr; _printf_int_dec &rArr; _printf_int_common &rArr; _printf_post_padding
</UL>
<BR>[Calls]<UL><LI><a href="#[a5]">&gt;&gt;</a>&nbsp;&nbsp;&nbsp;_printf_int_dec
</UL>

<P><STRONG><a name="[a6]"></a>_printf_d</STRONG> (Thumb, 0 bytes, Stack size unknown bytes, _printf_d.o(.ARM.Collect$$_printf_percent$$00000009))
<BR><BR>[Stack]<UL><LI>Max Depth = 72 + Unknown Stack Size
<LI>Call Chain = _printf_d &rArr; _printf_int_dec &rArr; _printf_int_common &rArr; _printf_post_padding
</UL>
<BR>[Calls]<UL><LI><a href="#[a5]">&gt;&gt;</a>&nbsp;&nbsp;&nbsp;_printf_int_dec
</UL>

<P><STRONG><a name="[a7]"></a>_printf_u</STRONG> (Thumb, 0 bytes, Stack size unknown bytes, _printf_u.o(.ARM.Collect$$_printf_percent$$0000000A))
<BR><BR>[Stack]<UL><LI>Max Depth = 72 + Unknown Stack Size
<LI>Call Chain = _printf_u &rArr; _printf_int_dec &rArr; _printf_int_common &rArr; _printf_post_padding
</UL>
<BR>[Calls]<UL><LI><a href="#[a5]">&gt;&gt;</a>&nbsp;&nbsp;&nbsp;_printf_int_dec
</UL>

<P><STRONG><a name="[a8]"></a>_printf_o</STRONG> (Thumb, 0 bytes, Stack size unknown bytes, _printf_o.o(.ARM.Collect$$_printf_percent$$0000000B))
<BR><BR>[Stack]<UL><LI>Max Depth = 64 + Unknown Stack Size
<LI>Call Chain = _printf_o &rArr; _printf_int_oct &rArr; _printf_longlong_oct &rArr; _printf_int_common &rArr; _printf_post_padding
</UL>
<BR>[Calls]<UL><LI><a href="#[a9]">&gt;&gt;</a>&nbsp;&nbsp;&nbsp;_printf_int_oct
</UL>

<P><STRONG><a name="[aa]"></a>_printf_x</STRONG> (Thumb, 0 bytes, Stack size unknown bytes, _printf_x.o(.ARM.Collect$$_printf_percent$$0000000C))
<BR><BR>[Stack]<UL><LI>Max Depth = 80 + Unknown Stack Size
<LI>Call Chain = _printf_x &rArr; _printf_int_hex &rArr; _printf_longlong_hex &rArr; _printf_int_common &rArr; _printf_post_padding
</UL>
<BR>[Calls]<UL><LI><a href="#[ab]">&gt;&gt;</a>&nbsp;&nbsp;&nbsp;_printf_int_hex
</UL>

<P><STRONG><a name="[ac]"></a>_printf_lli</STRONG> (Thumb, 0 bytes, Stack size unknown bytes, _printf_lli.o(.ARM.Collect$$_printf_percent$$0000000D))
<BR><BR>[Stack]<UL><LI>Max Depth = 72 + Unknown Stack Size
<LI>Call Chain = _printf_lli &rArr; _printf_longlong_dec &rArr; _printf_int_common &rArr; _printf_post_padding
</UL>
<BR>[Calls]<UL><LI><a href="#[ad]">&gt;&gt;</a>&nbsp;&nbsp;&nbsp;_printf_longlong_dec
</UL>

<P><STRONG><a name="[ae]"></a>_printf_lld</STRONG> (Thumb, 0 bytes, Stack size unknown bytes, _printf_lld.o(.ARM.Collect$$_printf_percent$$0000000E))
<BR><BR>[Stack]<UL><LI>Max Depth = 72 + Unknown Stack Size
<LI>Call Chain = _printf_lld &rArr; _printf_longlong_dec &rArr; _printf_int_common &rArr; _printf_post_padding
</UL>
<BR>[Calls]<UL><LI><a href="#[ad]">&gt;&gt;</a>&nbsp;&nbsp;&nbsp;_printf_longlong_dec
</UL>

<P><STRONG><a name="[af]"></a>_printf_llu</STRONG> (Thumb, 0 bytes, Stack size unknown bytes, _printf_llu.o(.ARM.Collect$$_printf_percent$$0000000F))
<BR><BR>[Stack]<UL><LI>Max Depth = 72 + Unknown Stack Size
<LI>Call Chain = _printf_llu &rArr; _printf_longlong_dec &rArr; _printf_int_common &rArr; _printf_post_padding
</UL>
<BR>[Calls]<UL><LI><a href="#[ad]">&gt;&gt;</a>&nbsp;&nbsp;&nbsp;_printf_longlong_dec
</UL>

<P><STRONG><a name="[b0]"></a>_printf_llo</STRONG> (Thumb, 0 bytes, Stack size unknown bytes, _printf_llo.o(.ARM.Collect$$_printf_percent$$00000010))
<BR><BR>[Stack]<UL><LI>Max Depth = 56 + Unknown Stack Size
<LI>Call Chain = _printf_llo &rArr; _printf_ll_oct &rArr; _printf_longlong_oct &rArr; _printf_int_common &rArr; _printf_post_padding
</UL>
<BR>[Calls]<UL><LI><a href="#[b1]">&gt;&gt;</a>&nbsp;&nbsp;&nbsp;_printf_ll_oct
</UL>

<P><STRONG><a name="[b2]"></a>_printf_llx</STRONG> (Thumb, 0 bytes, Stack size unknown bytes, _printf_llx.o(.ARM.Collect$$_printf_percent$$00000011))
<BR><BR>[Stack]<UL><LI>Max Depth = 64 + Unknown Stack Size
<LI>Call Chain = _printf_llx &rArr; _printf_ll_hex &rArr; _printf_longlong_hex &rArr; _printf_int_common &rArr; _printf_post_padding
</UL>
<BR>[Calls]<UL><LI><a href="#[b3]">&gt;&gt;</a>&nbsp;&nbsp;&nbsp;_printf_ll_hex
</UL>

<P><STRONG><a name="[2fc]"></a>_printf_l</STRONG> (Thumb, 0 bytes, Stack size unknown bytes, _printf_l.o(.ARM.Collect$$_printf_percent$$00000012))

<P><STRONG><a name="[b4]"></a>_printf_c</STRONG> (Thumb, 0 bytes, Stack size unknown bytes, _printf_c.o(.ARM.Collect$$_printf_percent$$00000013))
<BR><BR>[Stack]<UL><LI>Max Depth = 40 + Unknown Stack Size
<LI>Call Chain = _printf_c &rArr; _printf_char &rArr; _printf_cs_common &rArr; _printf_str &rArr; _printf_post_padding
</UL>
<BR>[Calls]<UL><LI><a href="#[b5]">&gt;&gt;</a>&nbsp;&nbsp;&nbsp;_printf_char
</UL>

<P><STRONG><a name="[b6]"></a>_printf_s</STRONG> (Thumb, 0 bytes, Stack size unknown bytes, _printf_s.o(.ARM.Collect$$_printf_percent$$00000014))
<BR><BR>[Stack]<UL><LI>Max Depth = 40 + Unknown Stack Size
<LI>Call Chain = _printf_s &rArr; _printf_string &rArr; _printf_cs_common &rArr; _printf_str &rArr; _printf_post_padding
</UL>
<BR>[Calls]<UL><LI><a href="#[b7]">&gt;&gt;</a>&nbsp;&nbsp;&nbsp;_printf_string
</UL>

<P><STRONG><a name="[b8]"></a>_printf_lc</STRONG> (Thumb, 0 bytes, Stack size unknown bytes, _printf_lc.o(.ARM.Collect$$_printf_percent$$00000015))
<BR><BR>[Stack]<UL><LI>Max Depth = 88 + Unknown Stack Size
<LI>Call Chain = _printf_lc &rArr; _printf_wchar &rArr; _printf_lcs_common &rArr; _printf_wctomb &rArr; _wcrtomb &rArr; __rt_ctype_table
</UL>
<BR>[Calls]<UL><LI><a href="#[b9]">&gt;&gt;</a>&nbsp;&nbsp;&nbsp;_printf_wchar
</UL>

<P><STRONG><a name="[ba]"></a>_printf_ls</STRONG> (Thumb, 0 bytes, Stack size unknown bytes, _printf_ls.o(.ARM.Collect$$_printf_percent$$00000016))
<BR><BR>[Stack]<UL><LI>Max Depth = 88 + Unknown Stack Size
<LI>Call Chain = _printf_ls &rArr; _printf_wstring &rArr; _printf_lcs_common &rArr; _printf_wctomb &rArr; _wcrtomb &rArr; __rt_ctype_table
</UL>
<BR>[Calls]<UL><LI><a href="#[bb]">&gt;&gt;</a>&nbsp;&nbsp;&nbsp;_printf_wstring
</UL>

<P><STRONG><a name="[2fd]"></a>_printf_percent_end</STRONG> (Thumb, 0 bytes, Stack size unknown bytes, _printf_percent_end.o(.ARM.Collect$$_printf_percent$$00000017))

<P><STRONG><a name="[c8]"></a>__rt_lib_init</STRONG> (Thumb, 0 bytes, Stack size unknown bytes, libinit.o(.ARM.Collect$$libinit$$00000000))
<BR><BR>[Called By]<UL><LI><a href="#[c7]">&gt;&gt;</a>&nbsp;&nbsp;&nbsp;__rt_entry_li
</UL>

<P><STRONG><a name="[bc]"></a>__rt_lib_init_fp_1</STRONG> (Thumb, 0 bytes, Stack size unknown bytes, libinit2.o(.ARM.Collect$$libinit$$00000001))
<BR><BR>[Calls]<UL><LI><a href="#[bd]">&gt;&gt;</a>&nbsp;&nbsp;&nbsp;_fp_init
</UL>

<P><STRONG><a name="[be]"></a>__rt_lib_init_heap_2</STRONG> (Thumb, 0 bytes, Stack size unknown bytes, libinit2.o(.ARM.Collect$$libinit$$00000005))
<BR><BR>[Stack]<UL><LI>Max Depth = 64 + Unknown Stack Size
<LI>Call Chain = __rt_lib_init_heap_2 &rArr; _init_alloc &rArr; __rt_SIGRTMEM &rArr; __rt_SIGRTMEM_inner &rArr; __default_signal_display &rArr; _ttywrch
</UL>
<BR>[Calls]<UL><LI><a href="#[bf]">&gt;&gt;</a>&nbsp;&nbsp;&nbsp;_init_alloc
</UL>

<P><STRONG><a name="[2fe]"></a>__rt_lib_init_preinit_1</STRONG> (Thumb, 0 bytes, Stack size unknown bytes, libinit2.o(.ARM.Collect$$libinit$$00000004))

<P><STRONG><a name="[2ff]"></a>__rt_lib_init_heap_1</STRONG> (Thumb, 0 bytes, Stack size unknown bytes, libinit2.o(.ARM.Collect$$libinit$$0000000A))

<P><STRONG><a name="[c0]"></a>__rt_lib_init_lc_common</STRONG> (Thumb, 0 bytes, Stack size unknown bytes, libinit2.o(.ARM.Collect$$libinit$$0000000F))
<BR><BR>[Calls]<UL><LI><a href="#[c1]">&gt;&gt;</a>&nbsp;&nbsp;&nbsp;__rt_locale
</UL>

<P><STRONG><a name="[300]"></a>__rt_lib_init_rand_1</STRONG> (Thumb, 0 bytes, Stack size unknown bytes, libinit2.o(.ARM.Collect$$libinit$$0000000E))

<P><STRONG><a name="[301]"></a>__rt_lib_init_user_alloc_1</STRONG> (Thumb, 0 bytes, Stack size unknown bytes, libinit2.o(.ARM.Collect$$libinit$$0000000C))

<P><STRONG><a name="[302]"></a>__rt_lib_init_lc_collate_1</STRONG> (Thumb, 0 bytes, Stack size unknown bytes, libinit2.o(.ARM.Collect$$libinit$$00000011))

<P><STRONG><a name="[c2]"></a>__rt_lib_init_lc_ctype_2</STRONG> (Thumb, 0 bytes, Stack size unknown bytes, libinit2.o(.ARM.Collect$$libinit$$00000012))
<BR><BR>[Stack]<UL><LI>Max Depth = 8 + Unknown Stack Size
<LI>Call Chain = __rt_lib_init_lc_ctype_2 &rArr; _get_lc_ctype
</UL>
<BR>[Calls]<UL><LI><a href="#[8f]">&gt;&gt;</a>&nbsp;&nbsp;&nbsp;_get_lc_ctype
</UL>

<P><STRONG><a name="[303]"></a>__rt_lib_init_lc_ctype_1</STRONG> (Thumb, 0 bytes, Stack size unknown bytes, libinit2.o(.ARM.Collect$$libinit$$00000013))

<P><STRONG><a name="[304]"></a>__rt_lib_init_lc_monetary_1</STRONG> (Thumb, 0 bytes, Stack size unknown bytes, libinit2.o(.ARM.Collect$$libinit$$00000015))

<P><STRONG><a name="[c3]"></a>__rt_lib_init_lc_numeric_2</STRONG> (Thumb, 0 bytes, Stack size unknown bytes, libinit2.o(.ARM.Collect$$libinit$$00000016))
<BR><BR>[Stack]<UL><LI>Max Depth = 8 + Unknown Stack Size
<LI>Call Chain = __rt_lib_init_lc_numeric_2 &rArr; _get_lc_numeric
</UL>
<BR>[Calls]<UL><LI><a href="#[c4]">&gt;&gt;</a>&nbsp;&nbsp;&nbsp;_get_lc_numeric
</UL>

<P><STRONG><a name="[305]"></a>__rt_lib_init_alloca_1</STRONG> (Thumb, 0 bytes, Stack size unknown bytes, libinit2.o(.ARM.Collect$$libinit$$0000002E))

<P><STRONG><a name="[306]"></a>__rt_lib_init_argv_1</STRONG> (Thumb, 0 bytes, Stack size unknown bytes, libinit2.o(.ARM.Collect$$libinit$$0000002C))

<P><STRONG><a name="[307]"></a>__rt_lib_init_atexit_1</STRONG> (Thumb, 0 bytes, Stack size unknown bytes, libinit2.o(.ARM.Collect$$libinit$$0000001B))

<P><STRONG><a name="[308]"></a>__rt_lib_init_clock_1</STRONG> (Thumb, 0 bytes, Stack size unknown bytes, libinit2.o(.ARM.Collect$$libinit$$00000021))

<P><STRONG><a name="[309]"></a>__rt_lib_init_cpp_1</STRONG> (Thumb, 0 bytes, Stack size unknown bytes, libinit2.o(.ARM.Collect$$libinit$$00000032))

<P><STRONG><a name="[30a]"></a>__rt_lib_init_exceptions_1</STRONG> (Thumb, 0 bytes, Stack size unknown bytes, libinit2.o(.ARM.Collect$$libinit$$00000030))

<P><STRONG><a name="[30b]"></a>__rt_lib_init_fp_trap_1</STRONG> (Thumb, 0 bytes, Stack size unknown bytes, libinit2.o(.ARM.Collect$$libinit$$0000001F))

<P><STRONG><a name="[30c]"></a>__rt_lib_init_getenv_1</STRONG> (Thumb, 0 bytes, Stack size unknown bytes, libinit2.o(.ARM.Collect$$libinit$$00000023))

<P><STRONG><a name="[30d]"></a>__rt_lib_init_lc_numeric_1</STRONG> (Thumb, 0 bytes, Stack size unknown bytes, libinit2.o(.ARM.Collect$$libinit$$00000017))

<P><STRONG><a name="[30e]"></a>__rt_lib_init_lc_time_1</STRONG> (Thumb, 0 bytes, Stack size unknown bytes, libinit2.o(.ARM.Collect$$libinit$$00000019))

<P><STRONG><a name="[30f]"></a>__rt_lib_init_return</STRONG> (Thumb, 0 bytes, Stack size unknown bytes, libinit2.o(.ARM.Collect$$libinit$$00000033))

<P><STRONG><a name="[310]"></a>__rt_lib_init_signal_1</STRONG> (Thumb, 0 bytes, Stack size unknown bytes, libinit2.o(.ARM.Collect$$libinit$$0000001D))

<P><STRONG><a name="[311]"></a>__rt_lib_init_stdio_1</STRONG> (Thumb, 0 bytes, Stack size unknown bytes, libinit2.o(.ARM.Collect$$libinit$$00000025))

<P><STRONG><a name="[cd]"></a>__rt_lib_shutdown</STRONG> (Thumb, 0 bytes, Stack size unknown bytes, libshutdown.o(.ARM.Collect$$libshutdown$$00000000))
<BR><BR>[Called By]<UL><LI><a href="#[cc]">&gt;&gt;</a>&nbsp;&nbsp;&nbsp;__rt_exit_ls
</UL>

<P><STRONG><a name="[312]"></a>__rt_lib_shutdown_cpp_1</STRONG> (Thumb, 0 bytes, Stack size unknown bytes, libshutdown2.o(.ARM.Collect$$libshutdown$$00000002))

<P><STRONG><a name="[313]"></a>__rt_lib_shutdown_fp_trap_1</STRONG> (Thumb, 0 bytes, Stack size unknown bytes, libshutdown2.o(.ARM.Collect$$libshutdown$$00000007))

<P><STRONG><a name="[314]"></a>__rt_lib_shutdown_heap_1</STRONG> (Thumb, 0 bytes, Stack size unknown bytes, libshutdown2.o(.ARM.Collect$$libshutdown$$0000000F))

<P><STRONG><a name="[315]"></a>__rt_lib_shutdown_return</STRONG> (Thumb, 0 bytes, Stack size unknown bytes, libshutdown2.o(.ARM.Collect$$libshutdown$$00000010))

<P><STRONG><a name="[316]"></a>__rt_lib_shutdown_signal_1</STRONG> (Thumb, 0 bytes, Stack size unknown bytes, libshutdown2.o(.ARM.Collect$$libshutdown$$0000000A))

<P><STRONG><a name="[317]"></a>__rt_lib_shutdown_stdio_1</STRONG> (Thumb, 0 bytes, Stack size unknown bytes, libshutdown2.o(.ARM.Collect$$libshutdown$$00000004))

<P><STRONG><a name="[318]"></a>__rt_lib_shutdown_user_alloc_1</STRONG> (Thumb, 0 bytes, Stack size unknown bytes, libshutdown2.o(.ARM.Collect$$libshutdown$$0000000C))

<P><STRONG><a name="[98]"></a>__rt_entry</STRONG> (Thumb, 0 bytes, Stack size unknown bytes, __rtentry.o(.ARM.Collect$$rtentry$$00000000))
<BR><BR>[Called By]<UL><LI><a href="#[96]">&gt;&gt;</a>&nbsp;&nbsp;&nbsp;__main
<LI><a href="#[99]">&gt;&gt;</a>&nbsp;&nbsp;&nbsp;__scatterload_rt2
</UL>

<P><STRONG><a name="[319]"></a>__rt_entry_presh_1</STRONG> (Thumb, 0 bytes, Stack size unknown bytes, __rtentry2.o(.ARM.Collect$$rtentry$$00000002))

<P><STRONG><a name="[c5]"></a>__rt_entry_sh</STRONG> (Thumb, 0 bytes, Stack size unknown bytes, __rtentry4.o(.ARM.Collect$$rtentry$$00000004))
<BR><BR>[Stack]<UL><LI>Max Depth = 8 + Unknown Stack Size
<LI>Call Chain = __rt_entry_sh &rArr; __user_setup_stackheap
</UL>
<BR>[Calls]<UL><LI><a href="#[c6]">&gt;&gt;</a>&nbsp;&nbsp;&nbsp;__user_setup_stackheap
</UL>

<P><STRONG><a name="[c7]"></a>__rt_entry_li</STRONG> (Thumb, 0 bytes, Stack size unknown bytes, __rtentry2.o(.ARM.Collect$$rtentry$$0000000A))
<BR><BR>[Calls]<UL><LI><a href="#[c8]">&gt;&gt;</a>&nbsp;&nbsp;&nbsp;__rt_lib_init
</UL>

<P><STRONG><a name="[31a]"></a>__rt_entry_postsh_1</STRONG> (Thumb, 0 bytes, Stack size unknown bytes, __rtentry2.o(.ARM.Collect$$rtentry$$00000009))

<P><STRONG><a name="[c9]"></a>__rt_entry_main</STRONG> (Thumb, 0 bytes, Stack size unknown bytes, __rtentry2.o(.ARM.Collect$$rtentry$$0000000D))
<BR><BR>[Stack]<UL><LI>Max Depth = 984 + Unknown Stack Size
<LI>Call Chain = __rt_entry_main &rArr; main &rArr; Init_ALL &rArr; MPU_Init_ForUser &rArr; mpu_dmp_init &rArr; run_self_test &rArr; mpu_run_6500_self_test &rArr; get_st_6500_biases &rArr; MPU_Read_Len &rArr; IIC_Read_Byte &rArr; IIC_NAck &rArr; systick_delay &rArr; assert_failed &rArr; printf &rArr; __aeabi_dmul
</UL>
<BR>[Calls]<UL><LI><a href="#[ca]">&gt;&gt;</a>&nbsp;&nbsp;&nbsp;main
<LI><a href="#[cb]">&gt;&gt;</a>&nbsp;&nbsp;&nbsp;exit
</UL>

<P><STRONG><a name="[31b]"></a>__rt_entry_postli_1</STRONG> (Thumb, 0 bytes, Stack size unknown bytes, __rtentry2.o(.ARM.Collect$$rtentry$$0000000C))

<P><STRONG><a name="[1d2]"></a>__rt_exit</STRONG> (Thumb, 0 bytes, Stack size unknown bytes, rtexit.o(.ARM.Collect$$rtexit$$00000000))
<BR><BR>[Called By]<UL><LI><a href="#[cb]">&gt;&gt;</a>&nbsp;&nbsp;&nbsp;exit
</UL>

<P><STRONG><a name="[cc]"></a>__rt_exit_ls</STRONG> (Thumb, 0 bytes, Stack size unknown bytes, rtexit2.o(.ARM.Collect$$rtexit$$00000003))
<BR><BR>[Calls]<UL><LI><a href="#[cd]">&gt;&gt;</a>&nbsp;&nbsp;&nbsp;__rt_lib_shutdown
</UL>

<P><STRONG><a name="[31c]"></a>__rt_exit_prels_1</STRONG> (Thumb, 0 bytes, Stack size unknown bytes, rtexit2.o(.ARM.Collect$$rtexit$$00000002))

<P><STRONG><a name="[ce]"></a>__rt_exit_exit</STRONG> (Thumb, 0 bytes, Stack size unknown bytes, rtexit2.o(.ARM.Collect$$rtexit$$00000004))
<BR><BR>[Calls]<UL><LI><a href="#[cf]">&gt;&gt;</a>&nbsp;&nbsp;&nbsp;_sys_exit
</UL>

<P><STRONG><a name="[b]"></a>Reset_Handler</STRONG> (Thumb, 8 bytes, Stack size 0 bytes, startup_lpc54606.o(.text))
<BR>[Address Reference Count : 1]<UL><LI> startup_lpc54606.o(RESET)
</UL>
<P><STRONG><a name="[31d]"></a>_maybe_terminate_alloc</STRONG> (Thumb, 0 bytes, Stack size 0 bytes, maybetermalloc1.o(.emb_text), UNUSED)

<P><STRONG><a name="[e]"></a>MemManage_Handler</STRONG> (Thumb, 2 bytes, Stack size 0 bytes, startup_lpc54606.o(.text))
<BR><BR>[Calls]<UL><LI><a href="#[e]">&gt;&gt;</a>&nbsp;&nbsp;&nbsp;MemManage_Handler
</UL>
<BR>[Called By]<UL><LI><a href="#[e]">&gt;&gt;</a>&nbsp;&nbsp;&nbsp;MemManage_Handler
</UL>
<BR>[Address Reference Count : 1]<UL><LI> startup_lpc54606.o(RESET)
</UL>
<P><STRONG><a name="[f]"></a>BusFault_Handler</STRONG> (Thumb, 2 bytes, Stack size 0 bytes, startup_lpc54606.o(.text))
<BR><BR>[Calls]<UL><LI><a href="#[f]">&gt;&gt;</a>&nbsp;&nbsp;&nbsp;BusFault_Handler
</UL>
<BR>[Called By]<UL><LI><a href="#[f]">&gt;&gt;</a>&nbsp;&nbsp;&nbsp;BusFault_Handler
</UL>
<BR>[Address Reference Count : 1]<UL><LI> startup_lpc54606.o(RESET)
</UL>
<P><STRONG><a name="[10]"></a>UsageFault_Handler</STRONG> (Thumb, 2 bytes, Stack size 0 bytes, startup_lpc54606.o(.text))
<BR><BR>[Calls]<UL><LI><a href="#[10]">&gt;&gt;</a>&nbsp;&nbsp;&nbsp;UsageFault_Handler
</UL>
<BR>[Called By]<UL><LI><a href="#[10]">&gt;&gt;</a>&nbsp;&nbsp;&nbsp;UsageFault_Handler
</UL>
<BR>[Address Reference Count : 1]<UL><LI> startup_lpc54606.o(RESET)
</UL>
<P><STRONG><a name="[11]"></a>SVC_Handler</STRONG> (Thumb, 2 bytes, Stack size 0 bytes, startup_lpc54606.o(.text))
<BR><BR>[Calls]<UL><LI><a href="#[11]">&gt;&gt;</a>&nbsp;&nbsp;&nbsp;SVC_Handler
</UL>
<BR>[Called By]<UL><LI><a href="#[11]">&gt;&gt;</a>&nbsp;&nbsp;&nbsp;SVC_Handler
</UL>
<BR>[Address Reference Count : 1]<UL><LI> startup_lpc54606.o(RESET)
</UL>
<P><STRONG><a name="[12]"></a>DebugMon_Handler</STRONG> (Thumb, 2 bytes, Stack size 0 bytes, startup_lpc54606.o(.text))
<BR><BR>[Calls]<UL><LI><a href="#[12]">&gt;&gt;</a>&nbsp;&nbsp;&nbsp;DebugMon_Handler
</UL>
<BR>[Called By]<UL><LI><a href="#[12]">&gt;&gt;</a>&nbsp;&nbsp;&nbsp;DebugMon_Handler
</UL>
<BR>[Address Reference Count : 1]<UL><LI> startup_lpc54606.o(RESET)
</UL>
<P><STRONG><a name="[13]"></a>PendSV_Handler</STRONG> (Thumb, 2 bytes, Stack size 0 bytes, startup_lpc54606.o(.text))
<BR><BR>[Calls]<UL><LI><a href="#[13]">&gt;&gt;</a>&nbsp;&nbsp;&nbsp;PendSV_Handler
</UL>
<BR>[Called By]<UL><LI><a href="#[13]">&gt;&gt;</a>&nbsp;&nbsp;&nbsp;PendSV_Handler
</UL>
<BR>[Address Reference Count : 1]<UL><LI> startup_lpc54606.o(RESET)
</UL>
<P><STRONG><a name="[14]"></a>SysTick_Handler</STRONG> (Thumb, 2 bytes, Stack size 0 bytes, startup_lpc54606.o(.text))
<BR><BR>[Calls]<UL><LI><a href="#[14]">&gt;&gt;</a>&nbsp;&nbsp;&nbsp;SysTick_Handler
</UL>
<BR>[Called By]<UL><LI><a href="#[14]">&gt;&gt;</a>&nbsp;&nbsp;&nbsp;SysTick_Handler
</UL>
<BR>[Address Reference Count : 1]<UL><LI> startup_lpc54606.o(RESET)
</UL>
<P><STRONG><a name="[15]"></a>WDT_BOD_IRQHandler</STRONG> (Thumb, 4 bytes, Stack size 0 bytes, startup_lpc54606.o(.text))
<BR>[Address Reference Count : 1]<UL><LI> startup_lpc54606.o(RESET)
</UL>
<P><STRONG><a name="[16]"></a>DMA0_IRQHandler</STRONG> (Thumb, 4 bytes, Stack size 0 bytes, startup_lpc54606.o(.text))
<BR>[Address Reference Count : 1]<UL><LI> startup_lpc54606.o(RESET)
</UL>
<P><STRONG><a name="[17]"></a>GINT0_IRQHandler</STRONG> (Thumb, 4 bytes, Stack size 0 bytes, startup_lpc54606.o(.text))
<BR>[Address Reference Count : 1]<UL><LI> startup_lpc54606.o(RESET)
</UL>
<P><STRONG><a name="[18]"></a>GINT1_IRQHandler</STRONG> (Thumb, 4 bytes, Stack size 0 bytes, startup_lpc54606.o(.text))
<BR>[Address Reference Count : 1]<UL><LI> startup_lpc54606.o(RESET)
</UL>
<P><STRONG><a name="[19]"></a>PIN_INT0_IRQHandler</STRONG> (Thumb, 4 bytes, Stack size 0 bytes, startup_lpc54606.o(.text))
<BR>[Address Reference Count : 1]<UL><LI> startup_lpc54606.o(RESET)
</UL>
<P><STRONG><a name="[1a]"></a>PIN_INT1_IRQHandler</STRONG> (Thumb, 4 bytes, Stack size 0 bytes, startup_lpc54606.o(.text))
<BR>[Address Reference Count : 1]<UL><LI> startup_lpc54606.o(RESET)
</UL>
<P><STRONG><a name="[1b]"></a>PIN_INT2_IRQHandler</STRONG> (Thumb, 4 bytes, Stack size 0 bytes, startup_lpc54606.o(.text))
<BR>[Address Reference Count : 1]<UL><LI> startup_lpc54606.o(RESET)
</UL>
<P><STRONG><a name="[1c]"></a>PIN_INT3_IRQHandler</STRONG> (Thumb, 4 bytes, Stack size 0 bytes, startup_lpc54606.o(.text))
<BR>[Address Reference Count : 1]<UL><LI> startup_lpc54606.o(RESET)
</UL>
<P><STRONG><a name="[1d]"></a>UTICK0_IRQHandler</STRONG> (Thumb, 4 bytes, Stack size 0 bytes, startup_lpc54606.o(.text))
<BR>[Address Reference Count : 1]<UL><LI> startup_lpc54606.o(RESET)
</UL>
<P><STRONG><a name="[1e]"></a>MRT0_IRQHandler</STRONG> (Thumb, 4 bytes, Stack size 0 bytes, startup_lpc54606.o(.text))
<BR>[Address Reference Count : 1]<UL><LI> startup_lpc54606.o(RESET)
</UL>
<P><STRONG><a name="[1f]"></a>CTIMER0_IRQHandler</STRONG> (Thumb, 4 bytes, Stack size 0 bytes, startup_lpc54606.o(.text))
<BR>[Address Reference Count : 1]<UL><LI> startup_lpc54606.o(RESET)
</UL>
<P><STRONG><a name="[20]"></a>CTIMER1_IRQHandler</STRONG> (Thumb, 4 bytes, Stack size 0 bytes, startup_lpc54606.o(.text))
<BR>[Address Reference Count : 1]<UL><LI> startup_lpc54606.o(RESET)
</UL>
<P><STRONG><a name="[21]"></a>SCT0_IRQHandler</STRONG> (Thumb, 4 bytes, Stack size 0 bytes, startup_lpc54606.o(.text))
<BR>[Address Reference Count : 1]<UL><LI> startup_lpc54606.o(RESET)
</UL>
<P><STRONG><a name="[22]"></a>CTIMER3_IRQHandler</STRONG> (Thumb, 4 bytes, Stack size 0 bytes, startup_lpc54606.o(.text))
<BR>[Address Reference Count : 1]<UL><LI> startup_lpc54606.o(RESET)
</UL>
<P><STRONG><a name="[23]"></a>FLEXCOMM0_IRQHandler</STRONG> (Thumb, 4 bytes, Stack size 0 bytes, startup_lpc54606.o(.text))
<BR>[Address Reference Count : 1]<UL><LI> startup_lpc54606.o(RESET)
</UL>
<P><STRONG><a name="[24]"></a>FLEXCOMM1_IRQHandler</STRONG> (Thumb, 4 bytes, Stack size 0 bytes, startup_lpc54606.o(.text))
<BR>[Address Reference Count : 1]<UL><LI> startup_lpc54606.o(RESET)
</UL>
<P><STRONG><a name="[25]"></a>FLEXCOMM2_IRQHandler</STRONG> (Thumb, 4 bytes, Stack size 0 bytes, startup_lpc54606.o(.text))
<BR>[Address Reference Count : 1]<UL><LI> startup_lpc54606.o(RESET)
</UL>
<P><STRONG><a name="[26]"></a>FLEXCOMM3_IRQHandler</STRONG> (Thumb, 4 bytes, Stack size 0 bytes, startup_lpc54606.o(.text))
<BR>[Address Reference Count : 1]<UL><LI> startup_lpc54606.o(RESET)
</UL>
<P><STRONG><a name="[27]"></a>FLEXCOMM4_IRQHandler</STRONG> (Thumb, 4 bytes, Stack size 0 bytes, startup_lpc54606.o(.text))
<BR>[Address Reference Count : 1]<UL><LI> startup_lpc54606.o(RESET)
</UL>
<P><STRONG><a name="[28]"></a>FLEXCOMM5_IRQHandler</STRONG> (Thumb, 4 bytes, Stack size 0 bytes, startup_lpc54606.o(.text))
<BR>[Address Reference Count : 1]<UL><LI> startup_lpc54606.o(RESET)
</UL>
<P><STRONG><a name="[29]"></a>FLEXCOMM6_IRQHandler</STRONG> (Thumb, 4 bytes, Stack size 0 bytes, startup_lpc54606.o(.text))
<BR>[Address Reference Count : 1]<UL><LI> startup_lpc54606.o(RESET)
</UL>
<P><STRONG><a name="[2a]"></a>FLEXCOMM7_IRQHandler</STRONG> (Thumb, 4 bytes, Stack size 0 bytes, startup_lpc54606.o(.text))
<BR>[Address Reference Count : 1]<UL><LI> startup_lpc54606.o(RESET)
</UL>
<P><STRONG><a name="[2b]"></a>ADC0_SEQA_IRQHandler</STRONG> (Thumb, 4 bytes, Stack size 0 bytes, startup_lpc54606.o(.text))
<BR>[Address Reference Count : 1]<UL><LI> startup_lpc54606.o(RESET)
</UL>
<P><STRONG><a name="[2c]"></a>ADC0_SEQB_IRQHandler</STRONG> (Thumb, 4 bytes, Stack size 0 bytes, startup_lpc54606.o(.text))
<BR>[Address Reference Count : 1]<UL><LI> startup_lpc54606.o(RESET)
</UL>
<P><STRONG><a name="[2d]"></a>ADC0_THCMP_IRQHandler</STRONG> (Thumb, 4 bytes, Stack size 0 bytes, startup_lpc54606.o(.text))
<BR>[Address Reference Count : 1]<UL><LI> startup_lpc54606.o(RESET)
</UL>
<P><STRONG><a name="[2e]"></a>DMIC0_IRQHandler</STRONG> (Thumb, 4 bytes, Stack size 0 bytes, startup_lpc54606.o(.text))
<BR>[Address Reference Count : 1]<UL><LI> startup_lpc54606.o(RESET)
</UL>
<P><STRONG><a name="[2f]"></a>HWVAD0_IRQHandler</STRONG> (Thumb, 4 bytes, Stack size 0 bytes, startup_lpc54606.o(.text))
<BR>[Address Reference Count : 1]<UL><LI> startup_lpc54606.o(RESET)
</UL>
<P><STRONG><a name="[30]"></a>USB0_NEEDCLK_IRQHandler</STRONG> (Thumb, 4 bytes, Stack size 0 bytes, startup_lpc54606.o(.text))
<BR>[Address Reference Count : 1]<UL><LI> startup_lpc54606.o(RESET)
</UL>
<P><STRONG><a name="[31]"></a>USB0_IRQHandler</STRONG> (Thumb, 4 bytes, Stack size 0 bytes, startup_lpc54606.o(.text))
<BR>[Address Reference Count : 1]<UL><LI> startup_lpc54606.o(RESET)
</UL>
<P><STRONG><a name="[32]"></a>RTC_IRQHandler</STRONG> (Thumb, 4 bytes, Stack size 0 bytes, startup_lpc54606.o(.text))
<BR>[Address Reference Count : 1]<UL><LI> startup_lpc54606.o(RESET)
</UL>
<P><STRONG><a name="[33]"></a>Reserved46_IRQHandler</STRONG> (Thumb, 4 bytes, Stack size 0 bytes, startup_lpc54606.o(.text))
<BR>[Address Reference Count : 1]<UL><LI> startup_lpc54606.o(RESET)
</UL>
<P><STRONG><a name="[34]"></a>Reserved47_IRQHandler</STRONG> (Thumb, 4 bytes, Stack size 0 bytes, startup_lpc54606.o(.text))
<BR>[Address Reference Count : 1]<UL><LI> startup_lpc54606.o(RESET)
</UL>
<P><STRONG><a name="[35]"></a>PIN_INT4_IRQHandler</STRONG> (Thumb, 4 bytes, Stack size 0 bytes, startup_lpc54606.o(.text))
<BR>[Address Reference Count : 1]<UL><LI> startup_lpc54606.o(RESET)
</UL>
<P><STRONG><a name="[36]"></a>PIN_INT5_IRQHandler</STRONG> (Thumb, 4 bytes, Stack size 0 bytes, startup_lpc54606.o(.text))
<BR>[Address Reference Count : 1]<UL><LI> startup_lpc54606.o(RESET)
</UL>
<P><STRONG><a name="[37]"></a>PIN_INT6_IRQHandler</STRONG> (Thumb, 4 bytes, Stack size 0 bytes, startup_lpc54606.o(.text))
<BR>[Address Reference Count : 1]<UL><LI> startup_lpc54606.o(RESET)
</UL>
<P><STRONG><a name="[38]"></a>PIN_INT7_IRQHandler</STRONG> (Thumb, 4 bytes, Stack size 0 bytes, startup_lpc54606.o(.text))
<BR>[Address Reference Count : 1]<UL><LI> startup_lpc54606.o(RESET)
</UL>
<P><STRONG><a name="[39]"></a>CTIMER2_IRQHandler</STRONG> (Thumb, 4 bytes, Stack size 0 bytes, startup_lpc54606.o(.text))
<BR>[Address Reference Count : 1]<UL><LI> startup_lpc54606.o(RESET)
</UL>
<P><STRONG><a name="[3a]"></a>CTIMER4_IRQHandler</STRONG> (Thumb, 4 bytes, Stack size 0 bytes, startup_lpc54606.o(.text))
<BR>[Address Reference Count : 1]<UL><LI> startup_lpc54606.o(RESET)
</UL>
<P><STRONG><a name="[3b]"></a>RIT_IRQHandler</STRONG> (Thumb, 4 bytes, Stack size 0 bytes, startup_lpc54606.o(.text))
<BR>[Address Reference Count : 1]<UL><LI> startup_lpc54606.o(RESET)
</UL>
<P><STRONG><a name="[3c]"></a>SPIFI0_IRQHandler</STRONG> (Thumb, 4 bytes, Stack size 0 bytes, startup_lpc54606.o(.text))
<BR>[Address Reference Count : 1]<UL><LI> startup_lpc54606.o(RESET)
</UL>
<P><STRONG><a name="[3d]"></a>FLEXCOMM8_IRQHandler</STRONG> (Thumb, 4 bytes, Stack size 0 bytes, startup_lpc54606.o(.text))
<BR>[Address Reference Count : 1]<UL><LI> startup_lpc54606.o(RESET)
</UL>
<P><STRONG><a name="[3e]"></a>FLEXCOMM9_IRQHandler</STRONG> (Thumb, 4 bytes, Stack size 0 bytes, startup_lpc54606.o(.text))
<BR>[Address Reference Count : 1]<UL><LI> startup_lpc54606.o(RESET)
</UL>
<P><STRONG><a name="[3f]"></a>SDIO_IRQHandler</STRONG> (Thumb, 4 bytes, Stack size 0 bytes, startup_lpc54606.o(.text))
<BR>[Address Reference Count : 1]<UL><LI> startup_lpc54606.o(RESET)
</UL>
<P><STRONG><a name="[40]"></a>CAN0_IRQ0_IRQHandler</STRONG> (Thumb, 4 bytes, Stack size 0 bytes, startup_lpc54606.o(.text))
<BR>[Address Reference Count : 1]<UL><LI> startup_lpc54606.o(RESET)
</UL>
<P><STRONG><a name="[41]"></a>CAN0_IRQ1_IRQHandler</STRONG> (Thumb, 4 bytes, Stack size 0 bytes, startup_lpc54606.o(.text))
<BR>[Address Reference Count : 1]<UL><LI> startup_lpc54606.o(RESET)
</UL>
<P><STRONG><a name="[42]"></a>CAN1_IRQ0_IRQHandler</STRONG> (Thumb, 4 bytes, Stack size 0 bytes, startup_lpc54606.o(.text))
<BR>[Address Reference Count : 1]<UL><LI> startup_lpc54606.o(RESET)
</UL>
<P><STRONG><a name="[43]"></a>CAN1_IRQ1_IRQHandler</STRONG> (Thumb, 4 bytes, Stack size 0 bytes, startup_lpc54606.o(.text))
<BR>[Address Reference Count : 1]<UL><LI> startup_lpc54606.o(RESET)
</UL>
<P><STRONG><a name="[44]"></a>USB1_IRQHandler</STRONG> (Thumb, 4 bytes, Stack size 0 bytes, startup_lpc54606.o(.text))
<BR>[Address Reference Count : 1]<UL><LI> startup_lpc54606.o(RESET)
</UL>
<P><STRONG><a name="[45]"></a>USB1_NEEDCLK_IRQHandler</STRONG> (Thumb, 4 bytes, Stack size 0 bytes, startup_lpc54606.o(.text))
<BR>[Address Reference Count : 1]<UL><LI> startup_lpc54606.o(RESET)
</UL>
<P><STRONG><a name="[46]"></a>ETHERNET_IRQHandler</STRONG> (Thumb, 4 bytes, Stack size 0 bytes, startup_lpc54606.o(.text))
<BR>[Address Reference Count : 1]<UL><LI> startup_lpc54606.o(RESET)
</UL>
<P><STRONG><a name="[47]"></a>ETHERNET_PMT_IRQHandler</STRONG> (Thumb, 4 bytes, Stack size 0 bytes, startup_lpc54606.o(.text))
<BR>[Address Reference Count : 1]<UL><LI> startup_lpc54606.o(RESET)
</UL>
<P><STRONG><a name="[48]"></a>ETHERNET_MACLP_IRQHandler</STRONG> (Thumb, 4 bytes, Stack size 0 bytes, startup_lpc54606.o(.text))
<BR>[Address Reference Count : 1]<UL><LI> startup_lpc54606.o(RESET)
</UL>
<P><STRONG><a name="[49]"></a>EEPROM_IRQHandler</STRONG> (Thumb, 4 bytes, Stack size 0 bytes, startup_lpc54606.o(.text))
<BR>[Address Reference Count : 1]<UL><LI> startup_lpc54606.o(RESET)
</UL>
<P><STRONG><a name="[4a]"></a>LCD_IRQHandler</STRONG> (Thumb, 4 bytes, Stack size 0 bytes, startup_lpc54606.o(.text))
<BR>[Address Reference Count : 1]<UL><LI> startup_lpc54606.o(RESET)
</UL>
<P><STRONG><a name="[4b]"></a>SHA_IRQHandler</STRONG> (Thumb, 4 bytes, Stack size 0 bytes, startup_lpc54606.o(.text))
<BR>[Address Reference Count : 1]<UL><LI> startup_lpc54606.o(RESET)
</UL>
<P><STRONG><a name="[4c]"></a>SMARTCARD0_IRQHandler</STRONG> (Thumb, 4 bytes, Stack size 0 bytes, startup_lpc54606.o(.text))
<BR>[Address Reference Count : 1]<UL><LI> startup_lpc54606.o(RESET)
</UL>
<P><STRONG><a name="[4d]"></a>SMARTCARD1_IRQHandler</STRONG> (Thumb, 4 bytes, Stack size 0 bytes, startup_lpc54606.o(.text))
<BR>[Address Reference Count : 1]<UL><LI> startup_lpc54606.o(RESET)
</UL>
<P><STRONG><a name="[66]"></a>ADC0_SEQA_DriverIRQHandler</STRONG> (Thumb, 0 bytes, Stack size 0 bytes, startup_lpc54606.o(.text))
<BR><BR>[Calls]<UL><LI><a href="#[66]">&gt;&gt;</a>&nbsp;&nbsp;&nbsp;ADC0_SEQA_DriverIRQHandler
</UL>
<BR>[Called By]<UL><LI><a href="#[66]">&gt;&gt;</a>&nbsp;&nbsp;&nbsp;ADC0_SEQA_DriverIRQHandler
</UL>
<BR>[Address Reference Count : 1]<UL><LI> startup_lpc54606.o(.text)
</UL>
<P><STRONG><a name="[67]"></a>ADC0_SEQB_DriverIRQHandler</STRONG> (Thumb, 0 bytes, Stack size 0 bytes, startup_lpc54606.o(.text))
<BR>[Address Reference Count : 1]<UL><LI> startup_lpc54606.o(.text)
</UL>
<P><STRONG><a name="[68]"></a>ADC0_THCMP_DriverIRQHandler</STRONG> (Thumb, 0 bytes, Stack size 0 bytes, startup_lpc54606.o(.text))
<BR>[Address Reference Count : 1]<UL><LI> startup_lpc54606.o(.text)
</UL>
<P><STRONG><a name="[7b]"></a>CAN0_IRQ0_DriverIRQHandler</STRONG> (Thumb, 0 bytes, Stack size 0 bytes, startup_lpc54606.o(.text))
<BR>[Address Reference Count : 1]<UL><LI> startup_lpc54606.o(.text)
</UL>
<P><STRONG><a name="[7c]"></a>CAN0_IRQ1_DriverIRQHandler</STRONG> (Thumb, 0 bytes, Stack size 0 bytes, startup_lpc54606.o(.text))
<BR>[Address Reference Count : 1]<UL><LI> startup_lpc54606.o(.text)
</UL>
<P><STRONG><a name="[7d]"></a>CAN1_IRQ0_DriverIRQHandler</STRONG> (Thumb, 0 bytes, Stack size 0 bytes, startup_lpc54606.o(.text))
<BR>[Address Reference Count : 1]<UL><LI> startup_lpc54606.o(.text)
</UL>
<P><STRONG><a name="[7e]"></a>CAN1_IRQ1_DriverIRQHandler</STRONG> (Thumb, 0 bytes, Stack size 0 bytes, startup_lpc54606.o(.text))
<BR>[Address Reference Count : 1]<UL><LI> startup_lpc54606.o(.text)
</UL>
<P><STRONG><a name="[5a]"></a>CTIMER0_DriverIRQHandler</STRONG> (Thumb, 0 bytes, Stack size 0 bytes, startup_lpc54606.o(.text))
<BR>[Address Reference Count : 1]<UL><LI> startup_lpc54606.o(.text)
</UL>
<P><STRONG><a name="[5b]"></a>CTIMER1_DriverIRQHandler</STRONG> (Thumb, 0 bytes, Stack size 0 bytes, startup_lpc54606.o(.text))
<BR>[Address Reference Count : 1]<UL><LI> startup_lpc54606.o(.text)
</UL>
<P><STRONG><a name="[74]"></a>CTIMER2_DriverIRQHandler</STRONG> (Thumb, 0 bytes, Stack size 0 bytes, startup_lpc54606.o(.text))
<BR>[Address Reference Count : 1]<UL><LI> startup_lpc54606.o(.text)
</UL>
<P><STRONG><a name="[5d]"></a>CTIMER3_DriverIRQHandler</STRONG> (Thumb, 0 bytes, Stack size 0 bytes, startup_lpc54606.o(.text))
<BR>[Address Reference Count : 1]<UL><LI> startup_lpc54606.o(.text)
</UL>
<P><STRONG><a name="[75]"></a>CTIMER4_DriverIRQHandler</STRONG> (Thumb, 0 bytes, Stack size 0 bytes, startup_lpc54606.o(.text))
<BR>[Address Reference Count : 1]<UL><LI> startup_lpc54606.o(.text)
</UL>
<P><STRONG><a name="[69]"></a>DMIC0_DriverIRQHandler</STRONG> (Thumb, 0 bytes, Stack size 0 bytes, startup_lpc54606.o(.text))
<BR>[Address Reference Count : 1]<UL><LI> startup_lpc54606.o(.text)
</UL>
<P><STRONG><a name="[84]"></a>EEPROM_DriverIRQHandler</STRONG> (Thumb, 0 bytes, Stack size 0 bytes, startup_lpc54606.o(.text))
<BR>[Address Reference Count : 1]<UL><LI> startup_lpc54606.o(.text)
</UL>
<P><STRONG><a name="[81]"></a>ETHERNET_DriverIRQHandler</STRONG> (Thumb, 0 bytes, Stack size 0 bytes, startup_lpc54606.o(.text))
<BR>[Address Reference Count : 1]<UL><LI> startup_lpc54606.o(.text)
</UL>
<P><STRONG><a name="[83]"></a>ETHERNET_MACLP_DriverIRQHandler</STRONG> (Thumb, 0 bytes, Stack size 0 bytes, startup_lpc54606.o(.text))
<BR>[Address Reference Count : 1]<UL><LI> startup_lpc54606.o(.text)
</UL>
<P><STRONG><a name="[82]"></a>ETHERNET_PMT_DriverIRQHandler</STRONG> (Thumb, 0 bytes, Stack size 0 bytes, startup_lpc54606.o(.text))
<BR>[Address Reference Count : 1]<UL><LI> startup_lpc54606.o(.text)
</UL>
<P><STRONG><a name="[5f]"></a>FLEXCOMM1_DriverIRQHandler</STRONG> (Thumb, 0 bytes, Stack size 0 bytes, startup_lpc54606.o(.text))
<BR>[Address Reference Count : 1]<UL><LI> startup_lpc54606.o(.text)
</UL>
<P><STRONG><a name="[60]"></a>FLEXCOMM2_DriverIRQHandler</STRONG> (Thumb, 0 bytes, Stack size 0 bytes, startup_lpc54606.o(.text))
<BR>[Address Reference Count : 1]<UL><LI> startup_lpc54606.o(.text)
</UL>
<P><STRONG><a name="[61]"></a>FLEXCOMM3_DriverIRQHandler</STRONG> (Thumb, 0 bytes, Stack size 0 bytes, startup_lpc54606.o(.text))
<BR>[Address Reference Count : 1]<UL><LI> startup_lpc54606.o(.text)
</UL>
<P><STRONG><a name="[62]"></a>FLEXCOMM4_DriverIRQHandler</STRONG> (Thumb, 0 bytes, Stack size 0 bytes, startup_lpc54606.o(.text))
<BR>[Address Reference Count : 1]<UL><LI> startup_lpc54606.o(.text)
</UL>
<P><STRONG><a name="[64]"></a>FLEXCOMM6_DriverIRQHandler</STRONG> (Thumb, 0 bytes, Stack size 0 bytes, startup_lpc54606.o(.text))
<BR>[Address Reference Count : 1]<UL><LI> startup_lpc54606.o(.text)
</UL>
<P><STRONG><a name="[65]"></a>FLEXCOMM7_DriverIRQHandler</STRONG> (Thumb, 0 bytes, Stack size 0 bytes, startup_lpc54606.o(.text))
<BR>[Address Reference Count : 1]<UL><LI> startup_lpc54606.o(.text)
</UL>
<P><STRONG><a name="[78]"></a>FLEXCOMM8_DriverIRQHandler</STRONG> (Thumb, 0 bytes, Stack size 0 bytes, startup_lpc54606.o(.text))
<BR>[Address Reference Count : 1]<UL><LI> startup_lpc54606.o(.text)
</UL>
<P><STRONG><a name="[79]"></a>FLEXCOMM9_DriverIRQHandler</STRONG> (Thumb, 0 bytes, Stack size 0 bytes, startup_lpc54606.o(.text))
<BR>[Address Reference Count : 1]<UL><LI> startup_lpc54606.o(.text)
</UL>
<P><STRONG><a name="[52]"></a>GINT0_DriverIRQHandler</STRONG> (Thumb, 0 bytes, Stack size 0 bytes, startup_lpc54606.o(.text))
<BR>[Address Reference Count : 1]<UL><LI> startup_lpc54606.o(.text)
</UL>
<P><STRONG><a name="[53]"></a>GINT1_DriverIRQHandler</STRONG> (Thumb, 0 bytes, Stack size 0 bytes, startup_lpc54606.o(.text))
<BR>[Address Reference Count : 1]<UL><LI> startup_lpc54606.o(.text)
</UL>
<P><STRONG><a name="[6a]"></a>HWVAD0_DriverIRQHandler</STRONG> (Thumb, 0 bytes, Stack size 0 bytes, startup_lpc54606.o(.text))
<BR>[Address Reference Count : 1]<UL><LI> startup_lpc54606.o(.text)
</UL>
<P><STRONG><a name="[85]"></a>LCD_DriverIRQHandler</STRONG> (Thumb, 0 bytes, Stack size 0 bytes, startup_lpc54606.o(.text))
<BR>[Address Reference Count : 1]<UL><LI> startup_lpc54606.o(.text)
</UL>
<P><STRONG><a name="[54]"></a>PIN_INT0_DriverIRQHandler</STRONG> (Thumb, 0 bytes, Stack size 0 bytes, startup_lpc54606.o(.text))
<BR>[Address Reference Count : 1]<UL><LI> startup_lpc54606.o(.text)
</UL>
<P><STRONG><a name="[55]"></a>PIN_INT1_DriverIRQHandler</STRONG> (Thumb, 0 bytes, Stack size 0 bytes, startup_lpc54606.o(.text))
<BR>[Address Reference Count : 1]<UL><LI> startup_lpc54606.o(.text)
</UL>
<P><STRONG><a name="[56]"></a>PIN_INT2_DriverIRQHandler</STRONG> (Thumb, 0 bytes, Stack size 0 bytes, startup_lpc54606.o(.text))
<BR>[Address Reference Count : 1]<UL><LI> startup_lpc54606.o(.text)
</UL>
<P><STRONG><a name="[57]"></a>PIN_INT3_DriverIRQHandler</STRONG> (Thumb, 0 bytes, Stack size 0 bytes, startup_lpc54606.o(.text))
<BR>[Address Reference Count : 1]<UL><LI> startup_lpc54606.o(.text)
</UL>
<P><STRONG><a name="[70]"></a>PIN_INT4_DriverIRQHandler</STRONG> (Thumb, 0 bytes, Stack size 0 bytes, startup_lpc54606.o(.text))
<BR>[Address Reference Count : 1]<UL><LI> startup_lpc54606.o(.text)
</UL>
<P><STRONG><a name="[71]"></a>PIN_INT5_DriverIRQHandler</STRONG> (Thumb, 0 bytes, Stack size 0 bytes, startup_lpc54606.o(.text))
<BR>[Address Reference Count : 1]<UL><LI> startup_lpc54606.o(.text)
</UL>
<P><STRONG><a name="[72]"></a>PIN_INT6_DriverIRQHandler</STRONG> (Thumb, 0 bytes, Stack size 0 bytes, startup_lpc54606.o(.text))
<BR>[Address Reference Count : 1]<UL><LI> startup_lpc54606.o(.text)
</UL>
<P><STRONG><a name="[6d]"></a>RTC_DriverIRQHandler</STRONG> (Thumb, 0 bytes, Stack size 0 bytes, startup_lpc54606.o(.text))
<BR>[Address Reference Count : 1]<UL><LI> startup_lpc54606.o(.text)
</UL>
<P><STRONG><a name="[6e]"></a>Reserved46_DriverIRQHandler</STRONG> (Thumb, 0 bytes, Stack size 0 bytes, startup_lpc54606.o(.text))
<BR>[Address Reference Count : 1]<UL><LI> startup_lpc54606.o(.text)
</UL>
<P><STRONG><a name="[6f]"></a>Reserved47_DriverIRQHandler</STRONG> (Thumb, 0 bytes, Stack size 0 bytes, startup_lpc54606.o(.text))
<BR>[Address Reference Count : 1]<UL><LI> startup_lpc54606.o(.text)
</UL>
<P><STRONG><a name="[5c]"></a>SCT0_DriverIRQHandler</STRONG> (Thumb, 0 bytes, Stack size 0 bytes, startup_lpc54606.o(.text))
<BR>[Address Reference Count : 1]<UL><LI> startup_lpc54606.o(.text)
</UL>
<P><STRONG><a name="[7a]"></a>SDIO_DriverIRQHandler</STRONG> (Thumb, 0 bytes, Stack size 0 bytes, startup_lpc54606.o(.text))
<BR>[Address Reference Count : 1]<UL><LI> startup_lpc54606.o(.text)
</UL>
<P><STRONG><a name="[86]"></a>SHA_DriverIRQHandler</STRONG> (Thumb, 0 bytes, Stack size 0 bytes, startup_lpc54606.o(.text))
<BR>[Address Reference Count : 1]<UL><LI> startup_lpc54606.o(.text)
</UL>
<P><STRONG><a name="[87]"></a>SMARTCARD0_DriverIRQHandler</STRONG> (Thumb, 0 bytes, Stack size 0 bytes, startup_lpc54606.o(.text))
<BR>[Address Reference Count : 1]<UL><LI> startup_lpc54606.o(.text)
</UL>
<P><STRONG><a name="[88]"></a>SMARTCARD1_DriverIRQHandler</STRONG> (Thumb, 0 bytes, Stack size 0 bytes, startup_lpc54606.o(.text))
<BR>[Address Reference Count : 1]<UL><LI> startup_lpc54606.o(.text)
</UL>
<P><STRONG><a name="[77]"></a>SPIFI0_DriverIRQHandler</STRONG> (Thumb, 0 bytes, Stack size 0 bytes, startup_lpc54606.o(.text))
<BR>[Address Reference Count : 1]<UL><LI> startup_lpc54606.o(.text)
</UL>
<P><STRONG><a name="[6c]"></a>USB0_DriverIRQHandler</STRONG> (Thumb, 0 bytes, Stack size 0 bytes, startup_lpc54606.o(.text))
<BR>[Address Reference Count : 1]<UL><LI> startup_lpc54606.o(.text)
</UL>
<P><STRONG><a name="[6b]"></a>USB0_NEEDCLK_DriverIRQHandler</STRONG> (Thumb, 0 bytes, Stack size 0 bytes, startup_lpc54606.o(.text))
<BR>[Address Reference Count : 1]<UL><LI> startup_lpc54606.o(.text)
</UL>
<P><STRONG><a name="[7f]"></a>USB1_DriverIRQHandler</STRONG> (Thumb, 0 bytes, Stack size 0 bytes, startup_lpc54606.o(.text))
<BR>[Address Reference Count : 1]<UL><LI> startup_lpc54606.o(.text)
</UL>
<P><STRONG><a name="[80]"></a>USB1_NEEDCLK_DriverIRQHandler</STRONG> (Thumb, 0 bytes, Stack size 0 bytes, startup_lpc54606.o(.text))
<BR>[Address Reference Count : 1]<UL><LI> startup_lpc54606.o(.text)
</UL>
<P><STRONG><a name="[58]"></a>UTICK0_DriverIRQHandler</STRONG> (Thumb, 0 bytes, Stack size 0 bytes, startup_lpc54606.o(.text))
<BR>[Address Reference Count : 1]<UL><LI> startup_lpc54606.o(.text)
</UL>
<P><STRONG><a name="[50]"></a>WDT_BOD_DriverIRQHandler</STRONG> (Thumb, 0 bytes, Stack size 0 bytes, startup_lpc54606.o(.text))
<BR>[Address Reference Count : 1]<UL><LI> startup_lpc54606.o(.text)
</UL>
<P><STRONG><a name="[1cc]"></a>__user_initial_stackheap</STRONG> (Thumb, 0 bytes, Stack size unknown bytes, startup_lpc54606.o(.text))
<BR><BR>[Called By]<UL><LI><a href="#[c6]">&gt;&gt;</a>&nbsp;&nbsp;&nbsp;__user_setup_stackheap
</UL>

<P><STRONG><a name="[31e]"></a>inv_vector_compass_cal_sensitivity</STRONG> (Thumb, 8 bytes, Stack size 0 bytes, compass_vec_cal.o(.text), UNUSED)

<P><STRONG><a name="[d8]"></a>inv_cheap_rand</STRONG> (Thumb, 42 bytes, Stack size 0 bytes, compass_vec_cal.o(.text))
<BR><BR>[Called By]<UL><LI><a href="#[d7]">&gt;&gt;</a>&nbsp;&nbsp;&nbsp;inv_cheap_gaussian
</UL>

<P><STRONG><a name="[d7]"></a>inv_cheap_gaussian</STRONG> (Thumb, 100 bytes, Stack size 16 bytes, compass_vec_cal.o(.text))
<BR><BR>[Stack]<UL><LI>Max Depth = 168<LI>Call Chain = inv_cheap_gaussian &rArr; log &rArr; __hardfp_log &rArr; __kernel_poly &rArr; __aeabi_dmul
</UL>
<BR>[Calls]<UL><LI><a href="#[db]">&gt;&gt;</a>&nbsp;&nbsp;&nbsp;__ARM_scalbnf
<LI><a href="#[da]">&gt;&gt;</a>&nbsp;&nbsp;&nbsp;__aeabi_fmul
<LI><a href="#[d9]">&gt;&gt;</a>&nbsp;&nbsp;&nbsp;__aeabi_ui2f
<LI><a href="#[dd]">&gt;&gt;</a>&nbsp;&nbsp;&nbsp;__aeabi_f2d
<LI><a href="#[d4]">&gt;&gt;</a>&nbsp;&nbsp;&nbsp;__aeabi_dmul
<LI><a href="#[df]">&gt;&gt;</a>&nbsp;&nbsp;&nbsp;__aeabi_d2f
<LI><a href="#[d8]">&gt;&gt;</a>&nbsp;&nbsp;&nbsp;inv_cheap_rand
<LI><a href="#[e0]">&gt;&gt;</a>&nbsp;&nbsp;&nbsp;sqrtf
<LI><a href="#[de]">&gt;&gt;</a>&nbsp;&nbsp;&nbsp;log
<LI><a href="#[dc]">&gt;&gt;</a>&nbsp;&nbsp;&nbsp;cosf
</UL>
<BR>[Called By]<UL><LI><a href="#[f8]">&gt;&gt;</a>&nbsp;&nbsp;&nbsp;inv_check_sim
</UL>

<P><STRONG><a name="[e1]"></a>inv_combine_compass_data</STRONG> (Thumb, 294 bytes, Stack size 48 bytes, compass_vec_cal.o(.text))
<BR><BR>[Stack]<UL><LI>Max Depth = 80<LI>Call Chain = inv_combine_compass_data &rArr; __aeabi_dmul
</UL>
<BR>[Calls]<UL><LI><a href="#[dd]">&gt;&gt;</a>&nbsp;&nbsp;&nbsp;__aeabi_f2d
<LI><a href="#[d4]">&gt;&gt;</a>&nbsp;&nbsp;&nbsp;__aeabi_dmul
<LI><a href="#[d6]">&gt;&gt;</a>&nbsp;&nbsp;&nbsp;__aeabi_dadd
</UL>
<BR>[Called By]<UL><LI><a href="#[185]">&gt;&gt;</a>&nbsp;&nbsp;&nbsp;inv_combine_data_calculate_bias
<LI><a href="#[ff]">&gt;&gt;</a>&nbsp;&nbsp;&nbsp;inv_process_compass_only_cal
</UL>

<P><STRONG><a name="[e2]"></a>inv_set_terms</STRONG> (Thumb, 754 bytes, Stack size 104 bytes, compass_vec_cal.o(.text))
<BR><BR>[Stack]<UL><LI>Max Depth = 136<LI>Call Chain = inv_set_terms &rArr; __aeabi_dmul
</UL>
<BR>[Calls]<UL><LI><a href="#[d4]">&gt;&gt;</a>&nbsp;&nbsp;&nbsp;__aeabi_dmul
<LI><a href="#[d1]">&gt;&gt;</a>&nbsp;&nbsp;&nbsp;__aeabi_i2d
<LI><a href="#[d6]">&gt;&gt;</a>&nbsp;&nbsp;&nbsp;__aeabi_dadd
</UL>
<BR>[Called By]<UL><LI><a href="#[18d]">&gt;&gt;</a>&nbsp;&nbsp;&nbsp;inv_auto_calibrate
<LI><a href="#[ff]">&gt;&gt;</a>&nbsp;&nbsp;&nbsp;inv_process_compass_only_cal
<LI><a href="#[f8]">&gt;&gt;</a>&nbsp;&nbsp;&nbsp;inv_check_sim
</UL>

<P><STRONG><a name="[e3]"></a>inv_compute_bias</STRONG> (Thumb, 1668 bytes, Stack size 272 bytes, compass_vec_cal.o(.text))
<BR><BR>[Stack]<UL><LI>Max Depth = 344<LI>Call Chain = inv_compute_bias &rArr; sqrt &rArr; _dsqrt &rArr; __fpl_dnaninf
</UL>
<BR>[Calls]<UL><LI><a href="#[e4]">&gt;&gt;</a>&nbsp;&nbsp;&nbsp;__ARM_scalbn
<LI><a href="#[d4]">&gt;&gt;</a>&nbsp;&nbsp;&nbsp;__aeabi_dmul
<LI><a href="#[e5]">&gt;&gt;</a>&nbsp;&nbsp;&nbsp;__aeabi_cdcmpeq
<LI><a href="#[e6]">&gt;&gt;</a>&nbsp;&nbsp;&nbsp;__aeabi_ddiv
<LI><a href="#[d5]">&gt;&gt;</a>&nbsp;&nbsp;&nbsp;__aeabi_dsub
<LI><a href="#[d6]">&gt;&gt;</a>&nbsp;&nbsp;&nbsp;__aeabi_dadd
<LI><a href="#[e7]">&gt;&gt;</a>&nbsp;&nbsp;&nbsp;sqrt
</UL>
<BR>[Called By]<UL><LI><a href="#[185]">&gt;&gt;</a>&nbsp;&nbsp;&nbsp;inv_combine_data_calculate_bias
<LI><a href="#[ff]">&gt;&gt;</a>&nbsp;&nbsp;&nbsp;inv_process_compass_only_cal
<LI><a href="#[f8]">&gt;&gt;</a>&nbsp;&nbsp;&nbsp;inv_check_sim
</UL>

<P><STRONG><a name="[e8]"></a>inv_center_sum</STRONG> (Thumb, 1418 bytes, Stack size 160 bytes, compass_vec_cal.o(.text))
<BR><BR>[Stack]<UL><LI>Max Depth = 192<LI>Call Chain = inv_center_sum &rArr; __aeabi_dmul
</UL>
<BR>[Calls]<UL><LI><a href="#[e4]">&gt;&gt;</a>&nbsp;&nbsp;&nbsp;__ARM_scalbn
<LI><a href="#[d4]">&gt;&gt;</a>&nbsp;&nbsp;&nbsp;__aeabi_dmul
<LI><a href="#[d5]">&gt;&gt;</a>&nbsp;&nbsp;&nbsp;__aeabi_dsub
<LI><a href="#[e9]">&gt;&gt;</a>&nbsp;&nbsp;&nbsp;__aeabi_drsub
<LI><a href="#[d6]">&gt;&gt;</a>&nbsp;&nbsp;&nbsp;__aeabi_dadd
</UL>
<BR>[Called By]<UL><LI><a href="#[ff]">&gt;&gt;</a>&nbsp;&nbsp;&nbsp;inv_process_compass_only_cal
</UL>

<P><STRONG><a name="[ea]"></a>inv_get_current_calibrated_compass</STRONG> (Thumb, 82 bytes, Stack size 48 bytes, compass_vec_cal.o(.text))
<BR><BR>[Stack]<UL><LI>Max Depth = 88<LI>Call Chain = inv_get_current_calibrated_compass &rArr; inv_convert_to_body_with_scale &rArr; inv_q30_mult
</UL>
<BR>[Calls]<UL><LI><a href="#[ec]">&gt;&gt;</a>&nbsp;&nbsp;&nbsp;inv_convert_to_body_with_scale
<LI><a href="#[eb]">&gt;&gt;</a>&nbsp;&nbsp;&nbsp;inv_get_compass_bias
</UL>
<BR>[Called By]<UL><LI><a href="#[ed]">&gt;&gt;</a>&nbsp;&nbsp;&nbsp;inv_add_compass_block_data
</UL>

<P><STRONG><a name="[ed]"></a>inv_add_compass_block_data</STRONG> (Thumb, 142 bytes, Stack size 56 bytes, compass_vec_cal.o(.text))
<BR><BR>[Stack]<UL><LI>Max Depth = 144<LI>Call Chain = inv_add_compass_block_data &rArr; inv_get_current_calibrated_compass &rArr; inv_convert_to_body_with_scale &rArr; inv_q30_mult
</UL>
<BR>[Calls]<UL><LI><a href="#[f0]">&gt;&gt;</a>&nbsp;&nbsp;&nbsp;inv_got_compass_bias
<LI><a href="#[db]">&gt;&gt;</a>&nbsp;&nbsp;&nbsp;__ARM_scalbnf
<LI><a href="#[da]">&gt;&gt;</a>&nbsp;&nbsp;&nbsp;__aeabi_fmul
<LI><a href="#[ee]">&gt;&gt;</a>&nbsp;&nbsp;&nbsp;__aeabi_i2f
<LI><a href="#[ef]">&gt;&gt;</a>&nbsp;&nbsp;&nbsp;__aeabi_fadd
<LI><a href="#[dd]">&gt;&gt;</a>&nbsp;&nbsp;&nbsp;__aeabi_f2d
<LI><a href="#[e6]">&gt;&gt;</a>&nbsp;&nbsp;&nbsp;__aeabi_ddiv
<LI><a href="#[d6]">&gt;&gt;</a>&nbsp;&nbsp;&nbsp;__aeabi_dadd
<LI><a href="#[df]">&gt;&gt;</a>&nbsp;&nbsp;&nbsp;__aeabi_d2f
<LI><a href="#[ea]">&gt;&gt;</a>&nbsp;&nbsp;&nbsp;inv_get_current_calibrated_compass
<LI><a href="#[e7]">&gt;&gt;</a>&nbsp;&nbsp;&nbsp;sqrt
</UL>
<BR>[Called By]<UL><LI><a href="#[f1]">&gt;&gt;</a>&nbsp;&nbsp;&nbsp;inv_ignore_compass_data
</UL>

<P><STRONG><a name="[f8]"></a>inv_check_sim</STRONG> (Thumb, 278 bytes, Stack size 136 bytes, compass_vec_cal.o(.text))
<BR><BR>[Stack]<UL><LI>Max Depth = 480<LI>Call Chain = inv_check_sim &rArr; inv_compute_bias &rArr; sqrt &rArr; _dsqrt &rArr; __fpl_dnaninf
</UL>
<BR>[Calls]<UL><LI><a href="#[f9]">&gt;&gt;</a>&nbsp;&nbsp;&nbsp;inv_get_6axis_quaternion
<LI><a href="#[fb]">&gt;&gt;</a>&nbsp;&nbsp;&nbsp;inv_q_mult
<LI><a href="#[fa]">&gt;&gt;</a>&nbsp;&nbsp;&nbsp;inv_q_invert
<LI><a href="#[fc]">&gt;&gt;</a>&nbsp;&nbsp;&nbsp;__aeabi_f2iz
<LI><a href="#[d3]">&gt;&gt;</a>&nbsp;&nbsp;&nbsp;__aeabi_cdrcmple
<LI><a href="#[d4]">&gt;&gt;</a>&nbsp;&nbsp;&nbsp;__aeabi_dmul
<LI><a href="#[e6]">&gt;&gt;</a>&nbsp;&nbsp;&nbsp;__aeabi_ddiv
<LI><a href="#[d5]">&gt;&gt;</a>&nbsp;&nbsp;&nbsp;__aeabi_dsub
<LI><a href="#[d6]">&gt;&gt;</a>&nbsp;&nbsp;&nbsp;__aeabi_dadd
<LI><a href="#[e3]">&gt;&gt;</a>&nbsp;&nbsp;&nbsp;inv_compute_bias
<LI><a href="#[e2]">&gt;&gt;</a>&nbsp;&nbsp;&nbsp;inv_set_terms
<LI><a href="#[d7]">&gt;&gt;</a>&nbsp;&nbsp;&nbsp;inv_cheap_gaussian
<LI><a href="#[e7]">&gt;&gt;</a>&nbsp;&nbsp;&nbsp;sqrt
</UL>
<BR>[Called By]<UL><LI><a href="#[ff]">&gt;&gt;</a>&nbsp;&nbsp;&nbsp;inv_process_compass_only_cal
</UL>

<P><STRONG><a name="[fd]"></a>inv_reset_data_collection</STRONG> (Thumb, 50 bytes, Stack size 8 bytes, compass_vec_cal.o(.text))
<BR><BR>[Stack]<UL><LI>Max Depth = 12<LI>Call Chain = inv_reset_data_collection &rArr; __aeabi_memclr4
</UL>
<BR>[Calls]<UL><LI><a href="#[fe]">&gt;&gt;</a>&nbsp;&nbsp;&nbsp;__aeabi_memclr4
</UL>
<BR>[Called By]<UL><LI><a href="#[10d]">&gt;&gt;</a>&nbsp;&nbsp;&nbsp;inv_init_vector_compass_cal
<LI><a href="#[ff]">&gt;&gt;</a>&nbsp;&nbsp;&nbsp;inv_process_compass_only_cal
</UL>

<P><STRONG><a name="[ff]"></a>inv_process_compass_only_cal</STRONG> (Thumb, 1474 bytes, Stack size 312 bytes, compass_vec_cal.o(.text))
<BR><BR>[Stack]<UL><LI>Max Depth = 792<LI>Call Chain = inv_process_compass_only_cal &rArr; inv_check_sim &rArr; inv_compute_bias &rArr; sqrt &rArr; _dsqrt &rArr; __fpl_dnaninf
</UL>
<BR>[Calls]<UL><LI><a href="#[105]">&gt;&gt;</a>&nbsp;&nbsp;&nbsp;inv_set_compass_bias_found
<LI><a href="#[104]">&gt;&gt;</a>&nbsp;&nbsp;&nbsp;inv_set_compass_bias
<LI><a href="#[102]">&gt;&gt;</a>&nbsp;&nbsp;&nbsp;inv_set_compass_state
<LI><a href="#[106]">&gt;&gt;</a>&nbsp;&nbsp;&nbsp;inv_set_compass_bias_error
<LI><a href="#[e4]">&gt;&gt;</a>&nbsp;&nbsp;&nbsp;__ARM_scalbn
<LI><a href="#[dd]">&gt;&gt;</a>&nbsp;&nbsp;&nbsp;__aeabi_f2d
<LI><a href="#[d3]">&gt;&gt;</a>&nbsp;&nbsp;&nbsp;__aeabi_cdrcmple
<LI><a href="#[d4]">&gt;&gt;</a>&nbsp;&nbsp;&nbsp;__aeabi_dmul
<LI><a href="#[d2]">&gt;&gt;</a>&nbsp;&nbsp;&nbsp;__aeabi_cdcmple
<LI><a href="#[d1]">&gt;&gt;</a>&nbsp;&nbsp;&nbsp;__aeabi_i2d
<LI><a href="#[103]">&gt;&gt;</a>&nbsp;&nbsp;&nbsp;__aeabi_d2iz
<LI><a href="#[e5]">&gt;&gt;</a>&nbsp;&nbsp;&nbsp;__aeabi_cdcmpeq
<LI><a href="#[e6]">&gt;&gt;</a>&nbsp;&nbsp;&nbsp;__aeabi_ddiv
<LI><a href="#[d5]">&gt;&gt;</a>&nbsp;&nbsp;&nbsp;__aeabi_dsub
<LI><a href="#[d6]">&gt;&gt;</a>&nbsp;&nbsp;&nbsp;__aeabi_dadd
<LI><a href="#[f7]">&gt;&gt;</a>&nbsp;&nbsp;&nbsp;__aeabi_memcpy4
<LI><a href="#[101]">&gt;&gt;</a>&nbsp;&nbsp;&nbsp;inv_set_magnetic_disturbance
<LI><a href="#[fd]">&gt;&gt;</a>&nbsp;&nbsp;&nbsp;inv_reset_data_collection
<LI><a href="#[f8]">&gt;&gt;</a>&nbsp;&nbsp;&nbsp;inv_check_sim
<LI><a href="#[e8]">&gt;&gt;</a>&nbsp;&nbsp;&nbsp;inv_center_sum
<LI><a href="#[e3]">&gt;&gt;</a>&nbsp;&nbsp;&nbsp;inv_compute_bias
<LI><a href="#[e2]">&gt;&gt;</a>&nbsp;&nbsp;&nbsp;inv_set_terms
<LI><a href="#[e1]">&gt;&gt;</a>&nbsp;&nbsp;&nbsp;inv_combine_compass_data
<LI><a href="#[100]">&gt;&gt;</a>&nbsp;&nbsp;&nbsp;inv_set_peaks
<LI><a href="#[f6]">&gt;&gt;</a>&nbsp;&nbsp;&nbsp;inv_bias_stability
<LI><a href="#[f1]">&gt;&gt;</a>&nbsp;&nbsp;&nbsp;inv_ignore_compass_data
<LI><a href="#[d0]">&gt;&gt;</a>&nbsp;&nbsp;&nbsp;inv_check_peaks
<LI><a href="#[e7]">&gt;&gt;</a>&nbsp;&nbsp;&nbsp;sqrt
</UL>
<BR>[Called By]<UL><LI><a href="#[107]">&gt;&gt;</a>&nbsp;&nbsp;&nbsp;inv_generate_vector_compass_cal
</UL>

<P><STRONG><a name="[107]"></a>inv_generate_vector_compass_cal</STRONG> (Thumb, 62 bytes, Stack size 16 bytes, compass_vec_cal.o(.text))
<BR><BR>[Stack]<UL><LI>Max Depth = 808<LI>Call Chain = inv_generate_vector_compass_cal &rArr; inv_process_compass_only_cal &rArr; inv_check_sim &rArr; inv_compute_bias &rArr; sqrt &rArr; _dsqrt &rArr; __fpl_dnaninf
</UL>
<BR>[Calls]<UL><LI><a href="#[ff]">&gt;&gt;</a>&nbsp;&nbsp;&nbsp;inv_process_compass_only_cal
<LI><a href="#[108]">&gt;&gt;</a>&nbsp;&nbsp;&nbsp;inv_init_sensitivity_const
</UL>
<BR>[Address Reference Count : 1]<UL><LI> compass_vec_cal.o(.text)
</UL>
<P><STRONG><a name="[109]"></a>inv_start_vector_compass_cal</STRONG> (Thumb, 14 bytes, Stack size 0 bytes, compass_vec_cal.o(.text))
<BR><BR>[Stack]<UL><LI>Max Depth = 480 + Unknown Stack Size
<LI>Call Chain = inv_start_vector_compass_cal &rArr; inv_register_data_cb &rArr; _MLPrintLog &rArr; vsprintf &rArr; _printf_char_common &rArr; __printf
</UL>
<BR>[Calls]<UL><LI><a href="#[10a]">&gt;&gt;</a>&nbsp;&nbsp;&nbsp;inv_register_data_cb
</UL>
<BR>[Address Reference Count : 1]<UL><LI> compass_vec_cal.o(.text)
</UL>
<P><STRONG><a name="[10b]"></a>inv_stop_vector_compass_cal</STRONG> (Thumb, 8 bytes, Stack size 0 bytes, compass_vec_cal.o(.text), UNUSED)
<BR><BR>[Calls]<UL><LI><a href="#[10c]">&gt;&gt;</a>&nbsp;&nbsp;&nbsp;inv_unregister_data_cb
</UL>

<P><STRONG><a name="[10d]"></a>inv_init_vector_compass_cal</STRONG> (Thumb, 78 bytes, Stack size 8 bytes, compass_vec_cal.o(.text))
<BR><BR>[Stack]<UL><LI>Max Depth = 20<LI>Call Chain = inv_init_vector_compass_cal &rArr; inv_init_check_sample_balance_parameter
</UL>
<BR>[Calls]<UL><LI><a href="#[fe]">&gt;&gt;</a>&nbsp;&nbsp;&nbsp;__aeabi_memclr4
<LI><a href="#[10e]">&gt;&gt;</a>&nbsp;&nbsp;&nbsp;inv_init_check_sample_balance_parameter
<LI><a href="#[fd]">&gt;&gt;</a>&nbsp;&nbsp;&nbsp;inv_reset_data_collection
</UL>
<BR>[Called By]<UL><LI><a href="#[10f]">&gt;&gt;</a>&nbsp;&nbsp;&nbsp;inv_enable_vector_compass_cal
</UL>

<P><STRONG><a name="[10f]"></a>inv_enable_vector_compass_cal</STRONG> (Thumb, 24 bytes, Stack size 8 bytes, compass_vec_cal.o(.text))
<BR><BR>[Stack]<UL><LI>Max Depth = 28<LI>Call Chain = inv_enable_vector_compass_cal &rArr; inv_init_vector_compass_cal &rArr; inv_init_check_sample_balance_parameter
</UL>
<BR>[Calls]<UL><LI><a href="#[110]">&gt;&gt;</a>&nbsp;&nbsp;&nbsp;inv_register_mpl_start_notification
<LI><a href="#[10d]">&gt;&gt;</a>&nbsp;&nbsp;&nbsp;inv_init_vector_compass_cal
</UL>
<BR>[Called By]<UL><LI><a href="#[20e]">&gt;&gt;</a>&nbsp;&nbsp;&nbsp;mpu_dmp_init
</UL>

<P><STRONG><a name="[111]"></a>inv_disable_vector_compass_cal</STRONG> (Thumb, 22 bytes, Stack size 8 bytes, compass_vec_cal.o(.text), UNUSED)
<BR><BR>[Calls]<UL><LI><a href="#[112]">&gt;&gt;</a>&nbsp;&nbsp;&nbsp;inv_unregister_mpl_start_notification
<LI><a href="#[10c]">&gt;&gt;</a>&nbsp;&nbsp;&nbsp;inv_unregister_data_cb
</UL>

<P><STRONG><a name="[11c]"></a>inv_init_maxmin</STRONG> (Thumb, 78 bytes, Stack size 8 bytes, fast_no_motion.o(.text))
<BR><BR>[Stack]<UL><LI>Max Depth = 8<LI>Call Chain = inv_init_maxmin
</UL>
<BR>[Called By]<UL><LI><a href="#[131]">&gt;&gt;</a>&nbsp;&nbsp;&nbsp;inv_start_fast_nomot
<LI><a href="#[130]">&gt;&gt;</a>&nbsp;&nbsp;&nbsp;inv_init_fast_nomot
<LI><a href="#[121]">&gt;&gt;</a>&nbsp;&nbsp;&nbsp;inv_detect_motion_by_gyro_accel
<LI><a href="#[11a]">&gt;&gt;</a>&nbsp;&nbsp;&nbsp;inv_fast_nomot_set_gyro_bias
<LI><a href="#[122]">&gt;&gt;</a>&nbsp;&nbsp;&nbsp;inv_reset_packet
</UL>

<P><STRONG><a name="[114]"></a>inv_fast_nomot_parameter</STRONG> (Thumb, 318 bytes, Stack size 48 bytes, fast_no_motion.o(.text))
<BR><BR>[Stack]<UL><LI>Max Depth = 64<LI>Call Chain = inv_fast_nomot_parameter &rArr; __aeabi_f2lz
</UL>
<BR>[Calls]<UL><LI><a href="#[115]">&gt;&gt;</a>&nbsp;&nbsp;&nbsp;__aeabi_l2f
<LI><a href="#[117]">&gt;&gt;</a>&nbsp;&nbsp;&nbsp;__aeabi_f2lz
<LI><a href="#[116]">&gt;&gt;</a>&nbsp;&nbsp;&nbsp;__aeabi_fdiv
<LI><a href="#[118]">&gt;&gt;</a>&nbsp;&nbsp;&nbsp;__aeabi_lasr
</UL>
<BR>[Called By]<UL><LI><a href="#[18d]">&gt;&gt;</a>&nbsp;&nbsp;&nbsp;inv_auto_calibrate
<LI><a href="#[121]">&gt;&gt;</a>&nbsp;&nbsp;&nbsp;inv_detect_motion_by_gyro_accel
</UL>

<P><STRONG><a name="[119]"></a>inv_fast_nomot_parameter_3rd</STRONG> (Thumb, 180 bytes, Stack size 40 bytes, fast_no_motion.o(.text))
<BR><BR>[Stack]<UL><LI>Max Depth = 56<LI>Call Chain = inv_fast_nomot_parameter_3rd &rArr; __aeabi_f2lz
</UL>
<BR>[Calls]<UL><LI><a href="#[115]">&gt;&gt;</a>&nbsp;&nbsp;&nbsp;__aeabi_l2f
<LI><a href="#[117]">&gt;&gt;</a>&nbsp;&nbsp;&nbsp;__aeabi_f2lz
<LI><a href="#[116]">&gt;&gt;</a>&nbsp;&nbsp;&nbsp;__aeabi_fdiv
<LI><a href="#[118]">&gt;&gt;</a>&nbsp;&nbsp;&nbsp;__aeabi_lasr
</UL>
<BR>[Called By]<UL><LI><a href="#[18d]">&gt;&gt;</a>&nbsp;&nbsp;&nbsp;inv_auto_calibrate
</UL>

<P><STRONG><a name="[11a]"></a>inv_fast_nomot_set_gyro_bias</STRONG> (Thumb, 232 bytes, Stack size 40 bytes, fast_no_motion.o(.text))
[...]
</UL>

<P><STRONG><a name="[94]"></a>inv_generate_eMPL_outputs</STRONG> (Thumb, 236 bytes, Stack size 16 bytes, empl_outputs.o(i.inv_generate_eMPL_outputs))
<BR><BR>[Stack]<UL><LI>Max Depth = 80<LI>Call Chain = inv_generate_eMPL_outputs &rArr; inv_get_quaternion_set &rArr; inv_get_quaternion &rArr; inv_q_mult &rArr; inv_q30_mult
</UL>
<BR>[Calls]<UL><LI><a href="#[294]">&gt;&gt;</a>&nbsp;&nbsp;&nbsp;inv_get_quaternion_set
</UL>
<BR>[Address Reference Count : 1]<UL><LI> empl_outputs.o(i.inv_start_eMPL_outputs)
</UL>
<P><STRONG><a name="[28f]"></a>inv_init_eMPL_outputs</STRONG> (Thumb, 14 bytes, Stack size 8 bytes, empl_outputs.o(i.inv_init_eMPL_outputs))
<BR><BR>[Stack]<UL><LI>Max Depth = 12<LI>Call Chain = inv_init_eMPL_outputs &rArr; __aeabi_memclr4
</UL>
<BR>[Calls]<UL><LI><a href="#[fe]">&gt;&gt;</a>&nbsp;&nbsp;&nbsp;__aeabi_memclr4
</UL>
<BR>[Called By]<UL><LI><a href="#[28e]">&gt;&gt;</a>&nbsp;&nbsp;&nbsp;inv_enable_eMPL_outputs
</UL>

<P><STRONG><a name="[90]"></a>inv_start_eMPL_outputs</STRONG> (Thumb, 16 bytes, Stack size 8 bytes, empl_outputs.o(i.inv_start_eMPL_outputs))
<BR><BR>[Stack]<UL><LI>Max Depth = 488 + Unknown Stack Size
<LI>Call Chain = inv_start_eMPL_outputs &rArr; inv_register_data_cb &rArr; _MLPrintLog &rArr; vsprintf &rArr; _printf_char_common &rArr; __printf
</UL>
<BR>[Calls]<UL><LI><a href="#[10a]">&gt;&gt;</a>&nbsp;&nbsp;&nbsp;inv_register_data_cb
</UL>
<BR>[Address Reference Count : 1]<UL><LI> empl_outputs.o(i.inv_enable_eMPL_outputs)
</UL>
<P><STRONG><a name="[93]"></a>inv_db_load_func</STRONG> (Thumb, 70 bytes, Stack size 8 bytes, data_builder.o(i.inv_db_load_func))
<BR><BR>[Stack]<UL><LI>Max Depth = 8<LI>Call Chain = inv_db_load_func
</UL>
<BR>[Calls]<UL><LI><a href="#[105]">&gt;&gt;</a>&nbsp;&nbsp;&nbsp;inv_set_compass_bias_found
<LI><a href="#[14b]">&gt;&gt;</a>&nbsp;&nbsp;&nbsp;__aeabi_memcpy
</UL>
<BR>[Address Reference Count : 1]<UL><LI> data_builder.o(i.inv_init_data_builder)
</UL>
<P><STRONG><a name="[92]"></a>inv_db_save_func</STRONG> (Thumb, 18 bytes, Stack size 8 bytes, data_builder.o(i.inv_db_save_func))
<BR><BR>[Stack]<UL><LI>Max Depth = 8<LI>Call Chain = inv_db_save_func
</UL>
<BR>[Calls]<UL><LI><a href="#[14b]">&gt;&gt;</a>&nbsp;&nbsp;&nbsp;__aeabi_memcpy
</UL>
<BR>[Address Reference Count : 1]<UL><LI> data_builder.o(i.inv_init_data_builder)
</UL>
<P><STRONG><a name="[293]"></a>inv_set_contiguous</STRONG> (Thumb, 282 bytes, Stack size 0 bytes, data_builder.o(i.inv_set_contiguous))
<BR><BR>[Called By]<UL><LI><a href="#[292]">&gt;&gt;</a>&nbsp;&nbsp;&nbsp;inv_execute_on_data
</UL>

<P><STRONG><a name="[28d]"></a>inv_q30_to_float</STRONG> (Thumb, 18 bytes, Stack size 0 bytes, ml_math_func.o(i.inv_q30_to_float))
<BR><BR>[Called By]<UL><LI><a href="#[149]">&gt;&gt;</a>&nbsp;&nbsp;&nbsp;inv_compass_angle
</UL>

<P><STRONG><a name="[2a4]"></a>inv_row_2_scale</STRONG> (Thumb, 78 bytes, Stack size 0 bytes, ml_math_func.o(i.inv_row_2_scale))
<BR><BR>[Called By]<UL><LI><a href="#[2a3]">&gt;&gt;</a>&nbsp;&nbsp;&nbsp;inv_orientation_matrix_to_scalar
</UL>

<P><STRONG><a name="[254]"></a>__print_result_location</STRONG> (Thumb, 28 bytes, Stack size 32 bytes, mpl.o(i.__print_result_location))
<BR><BR>[Stack]<UL><LI>Max Depth = 480 + Unknown Stack Size
<LI>Call Chain = __print_result_location &rArr; _MLPrintLog &rArr; vsprintf &rArr; _printf_char_common &rArr; __printf
</UL>
<BR>[Calls]<UL><LI><a href="#[23b]">&gt;&gt;</a>&nbsp;&nbsp;&nbsp;_MLPrintLog
</UL>
<BR>[Called By]<UL><LI><a href="#[2ab]">&gt;&gt;</a>&nbsp;&nbsp;&nbsp;inv_start_mpl
<LI><a href="#[2a0]">&gt;&gt;</a>&nbsp;&nbsp;&nbsp;inv_init_mpl
</UL>

<P><STRONG><a name="[d0]"></a>inv_check_peaks</STRONG> (Thumb, 474 bytes, Stack size 56 bytes, compass_vec_cal.o(.text))
<BR><BR>[Stack]<UL><LI>Max Depth = 88<LI>Call Chain = inv_check_peaks &rArr; __aeabi_dmul
</UL>
<BR>[Calls]<UL><LI><a href="#[d3]">&gt;&gt;</a>&nbsp;&nbsp;&nbsp;__aeabi_cdrcmple
<LI><a href="#[d4]">&gt;&gt;</a>&nbsp;&nbsp;&nbsp;__aeabi_dmul
<LI><a href="#[d2]">&gt;&gt;</a>&nbsp;&nbsp;&nbsp;__aeabi_cdcmple
<LI><a href="#[d1]">&gt;&gt;</a>&nbsp;&nbsp;&nbsp;__aeabi_i2d
<LI><a href="#[d5]">&gt;&gt;</a>&nbsp;&nbsp;&nbsp;__aeabi_dsub
<LI><a href="#[d6]">&gt;&gt;</a>&nbsp;&nbsp;&nbsp;__aeabi_dadd
</UL>
<BR>[Called By]<UL><LI><a href="#[ff]">&gt;&gt;</a>&nbsp;&nbsp;&nbsp;inv_process_compass_only_cal
</UL>

<P><STRONG><a name="[f1]"></a>inv_ignore_compass_data</STRONG> (Thumb, 252 bytes, Stack size 24 bytes, compass_vec_cal.o(.text))
<BR><BR>[Stack]<UL><LI>Max Depth = 168<LI>Call Chain = inv_ignore_compass_data &rArr; inv_add_compass_block_data &rArr; inv_get_current_calibrated_compass &rArr; inv_convert_to_body_with_scale &rArr; inv_q30_mult
</UL>
<BR>[Calls]<UL><LI><a href="#[f2]">&gt;&gt;</a>&nbsp;&nbsp;&nbsp;inv_get_large_mag_field
<LI><a href="#[f3]">&gt;&gt;</a>&nbsp;&nbsp;&nbsp;inv_get_compass_state
<LI><a href="#[f5]">&gt;&gt;</a>&nbsp;&nbsp;&nbsp;inv_get_gyro_sum_of_sqr
<LI><a href="#[f4]">&gt;&gt;</a>&nbsp;&nbsp;&nbsp;inv_check_sample_balance
<LI><a href="#[ed]">&gt;&gt;</a>&nbsp;&nbsp;&nbsp;inv_add_compass_block_data
</UL>
<BR>[Called By]<UL><LI><a href="#[ff]">&gt;&gt;</a>&nbsp;&nbsp;&nbsp;inv_process_compass_only_cal
</UL>

<P><STRONG><a name="[f6]"></a>inv_bias_stability</STRONG> (Thumb, 308 bytes, Stack size 112 bytes, compass_vec_cal.o(.text))
<BR><BR>[Stack]<UL><LI>Max Depth = 144<LI>Call Chain = inv_bias_stability &rArr; __aeabi_cdcmple
</UL>
<BR>[Calls]<UL><LI><a href="#[d3]">&gt;&gt;</a>&nbsp;&nbsp;&nbsp;__aeabi_cdrcmple
<LI><a href="#[d2]">&gt;&gt;</a>&nbsp;&nbsp;&nbsp;__aeabi_cdcmple
<LI><a href="#[d5]">&gt;&gt;</a>&nbsp;&nbsp;&nbsp;__aeabi_dsub
<LI><a href="#[f7]">&gt;&gt;</a>&nbsp;&nbsp;&nbsp;__aeabi_memcpy4
</UL>
<BR>[Called By]<UL><LI><a href="#[ff]">&gt;&gt;</a>&nbsp;&nbsp;&nbsp;inv_process_compass_only_cal
</UL>

<P><STRONG><a name="[100]"></a>inv_set_peaks</STRONG> (Thumb, 86 bytes, Stack size 12 bytes, compass_vec_cal.o(.text))
<BR><BR>[Stack]<UL><LI>Max Depth = 12<LI>Call Chain = inv_set_peaks
</UL>
<BR>[Called By]<UL><LI><a href="#[ff]">&gt;&gt;</a>&nbsp;&nbsp;&nbsp;inv_process_compass_only_cal
</UL>

<P><STRONG><a name="[108]"></a>inv_init_sensitivity_const</STRONG> (Thumb, 94 bytes, Stack size 16 bytes, compass_vec_cal.o(.text))
<BR><BR>[Stack]<UL><LI>Max Depth = 24<LI>Call Chain = inv_init_sensitivity_const &rArr; __aeabi_ldivmod
</UL>
<BR>[Calls]<UL><LI><a href="#[d1]">&gt;&gt;</a>&nbsp;&nbsp;&nbsp;__aeabi_i2d
<LI><a href="#[113]">&gt;&gt;</a>&nbsp;&nbsp;&nbsp;__aeabi_ldivmod
</UL>
<BR>[Called By]<UL><LI><a href="#[107]">&gt;&gt;</a>&nbsp;&nbsp;&nbsp;inv_generate_vector_compass_cal
</UL>

<P><STRONG><a name="[122]"></a>inv_reset_packet</STRONG> (Thumb, 30 bytes, Stack size 8 bytes, fast_no_motion.o(.text))
<BR><BR>[Stack]<UL><LI>Max Depth = 16<LI>Call Chain = inv_reset_packet &rArr; inv_init_maxmin
</UL>
<BR>[Calls]<UL><LI><a href="#[fe]">&gt;&gt;</a>&nbsp;&nbsp;&nbsp;__aeabi_memclr4
<LI><a href="#[11c]">&gt;&gt;</a>&nbsp;&nbsp;&nbsp;inv_init_maxmin
</UL>
<BR>[Called By]<UL><LI><a href="#[128]">&gt;&gt;</a>&nbsp;&nbsp;&nbsp;inv_generate_fast_nomot
<LI><a href="#[121]">&gt;&gt;</a>&nbsp;&nbsp;&nbsp;inv_detect_motion_by_gyro_accel
</UL>

<P><STRONG><a name="[13c]"></a>inv_find_synchronized_compass_angle</STRONG> (Thumb, 156 bytes, Stack size 48 bytes, fusion_9axis.o(.text))
<BR><BR>[Stack]<UL><LI>Max Depth = 192<LI>Call Chain = inv_find_synchronized_compass_angle &rArr; inv_compass_angle &rArr; inv_q_mult &rArr; inv_q30_mult
</UL>
<BR>[Calls]<UL><LI><a href="#[fb]">&gt;&gt;</a>&nbsp;&nbsp;&nbsp;inv_q_mult
<LI><a href="#[149]">&gt;&gt;</a>&nbsp;&nbsp;&nbsp;inv_compass_angle
<LI><a href="#[14a]">&gt;&gt;</a>&nbsp;&nbsp;&nbsp;__aeabi_cfcmple
<LI><a href="#[137]">&gt;&gt;</a>&nbsp;&nbsp;&nbsp;__aeabi_memmove4
</UL>
<BR>[Called By]<UL><LI><a href="#[13a]">&gt;&gt;</a>&nbsp;&nbsp;&nbsp;inv_perform_9x_fusion
</UL>

<P><STRONG><a name="[8b]"></a>inv_gtc_load</STRONG> (Thumb, 38 bytes, Stack size 24 bytes, gyro_tc.o(.text))
<BR><BR>[Stack]<UL><LI>Max Depth = 24<LI>Call Chain = inv_gtc_load
</UL>
<BR>[Calls]<UL><LI><a href="#[14b]">&gt;&gt;</a>&nbsp;&nbsp;&nbsp;__aeabi_memcpy
</UL>
<BR>[Address Reference Count : 1]<UL><LI> gyro_tc.o(.text)
</UL>
<P><STRONG><a name="[8a]"></a>inv_gtc_store</STRONG> (Thumb, 32 bytes, Stack size 24 bytes, gyro_tc.o(.text))
<BR><BR>[Stack]<UL><LI>Max Depth = 24<LI>Call Chain = inv_gtc_store
</UL>
<BR>[Calls]<UL><LI><a href="#[14b]">&gt;&gt;</a>&nbsp;&nbsp;&nbsp;__aeabi_memcpy
</UL>
<BR>[Address Reference Count : 1]<UL><LI> gyro_tc.o(.text)
</UL>
<P><STRONG><a name="[14c]"></a>inv_gtc_compute_slope</STRONG> (Thumb, 472 bytes, Stack size 104 bytes, gyro_tc.o(.text))
<BR><BR>[Stack]<UL><LI>Max Depth = 112<LI>Call Chain = inv_gtc_compute_slope &rArr; __aeabi_ldivmod
</UL>
<BR>[Calls]<UL><LI><a href="#[fe]">&gt;&gt;</a>&nbsp;&nbsp;&nbsp;__aeabi_memclr4
<LI><a href="#[113]">&gt;&gt;</a>&nbsp;&nbsp;&nbsp;__aeabi_ldivmod
</UL>
<BR>[Called By]<UL><LI><a href="#[89]">&gt;&gt;</a>&nbsp;&nbsp;&nbsp;inv_gtc_data_cb
</UL>

<P><STRONG><a name="[14d]"></a>inv_gtc_add_data</STRONG> (Thumb, 204 bytes, Stack size 24 bytes, gyro_tc.o(.text))
<BR><BR>[Stack]<UL><LI>Max Depth = 32<LI>Call Chain = inv_gtc_add_data &rArr; __aeabi_memmove4
</UL>
<BR>[Calls]<UL><LI><a href="#[137]">&gt;&gt;</a>&nbsp;&nbsp;&nbsp;__aeabi_memmove4
</UL>
<BR>[Called By]<UL><LI><a href="#[89]">&gt;&gt;</a>&nbsp;&nbsp;&nbsp;inv_gtc_data_cb
</UL>

<P><STRONG><a name="[89]"></a>inv_gtc_data_cb</STRONG> (Thumb, 144 bytes, Stack size 32 bytes, gyro_tc.o(.text))
<BR><BR>[Stack]<UL><LI>Max Depth = 144<LI>Call Chain = inv_gtc_data_cb &rArr; inv_gtc_compute_slope &rArr; __aeabi_ldivmod
</UL>
<BR>[Calls]<UL><LI><a href="#[11e]">&gt;&gt;</a>&nbsp;&nbsp;&nbsp;inv_set_gyro_bias
<LI><a href="#[150]">&gt;&gt;</a>&nbsp;&nbsp;&nbsp;inv_get_gyro_bias_tc_set
<LI><a href="#[14e]">&gt;&gt;</a>&nbsp;&nbsp;&nbsp;inv_get_gyro_bias
<LI><a href="#[14f]">&gt;&gt;</a>&nbsp;&nbsp;&nbsp;inv_get_motion_state
<LI><a href="#[14d]">&gt;&gt;</a>&nbsp;&nbsp;&nbsp;inv_gtc_add_data
<LI><a href="#[14c]">&gt;&gt;</a>&nbsp;&nbsp;&nbsp;inv_gtc_compute_slope
</UL>
<BR>[Address Reference Count : 1]<UL><LI> gyro_tc.o(.text)
</UL>
<P><STRONG><a name="[16b]"></a>accel_fusion</STRONG> (Thumb, 428 bytes, Stack size 128 bytes, quaternion_supervisor.o(.text))
<BR><BR>[Stack]<UL><LI>Max Depth = 168<LI>Call Chain = accel_fusion &rArr; inv_q_norm4 &rArr; __hardfp_sqrtf &rArr; __set_errno
</UL>
<BR>[Calls]<UL><LI><a href="#[16e]">&gt;&gt;</a>&nbsp;&nbsp;&nbsp;inv_q_norm4
<LI><a href="#[13f]">&gt;&gt;</a>&nbsp;&nbsp;&nbsp;inv_q_multf
<LI><a href="#[16c]">&gt;&gt;</a>&nbsp;&nbsp;&nbsp;inv_q_invertf
<LI><a href="#[16d]">&gt;&gt;</a>&nbsp;&nbsp;&nbsp;inv_q_addf
<LI><a href="#[db]">&gt;&gt;</a>&nbsp;&nbsp;&nbsp;__ARM_scalbnf
<LI><a href="#[139]">&gt;&gt;</a>&nbsp;&nbsp;&nbsp;__aeabi_cfrcmple
<LI><a href="#[da]">&gt;&gt;</a>&nbsp;&nbsp;&nbsp;__aeabi_fmul
<LI><a href="#[ee]">&gt;&gt;</a>&nbsp;&nbsp;&nbsp;__aeabi_i2f
<LI><a href="#[fc]">&gt;&gt;</a>&nbsp;&nbsp;&nbsp;__aeabi_f2iz
<LI><a href="#[116]">&gt;&gt;</a>&nbsp;&nbsp;&nbsp;__aeabi_fdiv
<LI><a href="#[ef]">&gt;&gt;</a>&nbsp;&nbsp;&nbsp;__aeabi_fadd
<LI><a href="#[e0]">&gt;&gt;</a>&nbsp;&nbsp;&nbsp;sqrtf
</UL>
<BR>[Called By]<UL><LI><a href="#[175]">&gt;&gt;</a>&nbsp;&nbsp;&nbsp;inv_generate_accel_gyro_quaternion
</UL>

<P><STRONG><a name="[16f]"></a>inv_compute_quat_from_accel</STRONG> (Thumb, 286 bytes, Stack size 40 bytes, quaternion_supervisor.o(.text))
<BR><BR>[Stack]<UL><LI>Max Depth = 64<LI>Call Chain = inv_compute_quat_from_accel &rArr; sqrtf &rArr; __set_errno
</UL>
<BR>[Calls]<UL><LI><a href="#[db]">&gt;&gt;</a>&nbsp;&nbsp;&nbsp;__ARM_scalbnf
<LI><a href="#[da]">&gt;&gt;</a>&nbsp;&nbsp;&nbsp;__aeabi_fmul
<LI><a href="#[ee]">&gt;&gt;</a>&nbsp;&nbsp;&nbsp;__aeabi_i2f
<LI><a href="#[fc]">&gt;&gt;</a>&nbsp;&nbsp;&nbsp;__aeabi_f2iz
<LI><a href="#[116]">&gt;&gt;</a>&nbsp;&nbsp;&nbsp;__aeabi_fdiv
<LI><a href="#[138]">&gt;&gt;</a>&nbsp;&nbsp;&nbsp;__aeabi_fsub
<LI><a href="#[ef]">&gt;&gt;</a>&nbsp;&nbsp;&nbsp;__aeabi_fadd
<LI><a href="#[e0]">&gt;&gt;</a>&nbsp;&nbsp;&nbsp;sqrtf
</UL>
<BR>[Called By]<UL><LI><a href="#[175]">&gt;&gt;</a>&nbsp;&nbsp;&nbsp;inv_generate_accel_gyro_quaternion
</UL>

<P><STRONG><a name="[170]"></a>inv_normalize_quat</STRONG> (Thumb, 198 bytes, Stack size 24 bytes, quaternion_supervisor.o(.text))
<BR><BR>[Stack]<UL><LI>Max Depth = 48<LI>Call Chain = inv_normalize_quat &rArr; sqrtf &rArr; __set_errno
</UL>
<BR>[Calls]<UL><LI><a href="#[db]">&gt;&gt;</a>&nbsp;&nbsp;&nbsp;__ARM_scalbnf
<LI><a href="#[da]">&gt;&gt;</a>&nbsp;&nbsp;&nbsp;__aeabi_fmul
<LI><a href="#[ee]">&gt;&gt;</a>&nbsp;&nbsp;&nbsp;__aeabi_i2f
<LI><a href="#[fc]">&gt;&gt;</a>&nbsp;&nbsp;&nbsp;__aeabi_f2iz
<LI><a href="#[116]">&gt;&gt;</a>&nbsp;&nbsp;&nbsp;__aeabi_fdiv
<LI><a href="#[ef]">&gt;&gt;</a>&nbsp;&nbsp;&nbsp;__aeabi_fadd
<LI><a href="#[e0]">&gt;&gt;</a>&nbsp;&nbsp;&nbsp;sqrtf
</UL>
<BR>[Called By]<UL><LI><a href="#[175]">&gt;&gt;</a>&nbsp;&nbsp;&nbsp;inv_generate_accel_gyro_quaternion
<LI><a href="#[171]">&gt;&gt;</a>&nbsp;&nbsp;&nbsp;inv_generate_gyro_quaternion
<LI><a href="#[173]">&gt;&gt;</a>&nbsp;&nbsp;&nbsp;inv_process_dmp_quaternion
</UL>

<P><STRONG><a name="[173]"></a>inv_process_dmp_quaternion</STRONG> (Thumb, 494 bytes, Stack size 88 bytes, quaternion_supervisor.o(.text))
<BR><BR>[Stack]<UL><LI>Max Depth = 136<LI>Call Chain = inv_process_dmp_quaternion &rArr; inv_normalize_quat &rArr; sqrtf &rArr; __set_errno
</UL>
<BR>[Calls]<UL><LI><a href="#[ec]">&gt;&gt;</a>&nbsp;&nbsp;&nbsp;inv_convert_to_body_with_scale
<LI><a href="#[14e]">&gt;&gt;</a>&nbsp;&nbsp;&nbsp;inv_get_gyro_bias
<LI><a href="#[fb]">&gt;&gt;</a>&nbsp;&nbsp;&nbsp;inv_q_mult
<LI><a href="#[fa]">&gt;&gt;</a>&nbsp;&nbsp;&nbsp;inv_q_invert
<LI><a href="#[db]">&gt;&gt;</a>&nbsp;&nbsp;&nbsp;__ARM_scalbnf
<LI><a href="#[da]">&gt;&gt;</a>&nbsp;&nbsp;&nbsp;__aeabi_fmul
<LI><a href="#[ee]">&gt;&gt;</a>&nbsp;&nbsp;&nbsp;__aeabi_i2f
<LI><a href="#[fc]">&gt;&gt;</a>&nbsp;&nbsp;&nbsp;__aeabi_f2iz
<LI><a href="#[116]">&gt;&gt;</a>&nbsp;&nbsp;&nbsp;__aeabi_fdiv
<LI><a href="#[ef]">&gt;&gt;</a>&nbsp;&nbsp;&nbsp;__aeabi_fadd
<LI><a href="#[163]">&gt;&gt;</a>&nbsp;&nbsp;&nbsp;memcmp
<LI><a href="#[170]">&gt;&gt;</a>&nbsp;&nbsp;&nbsp;inv_normalize_quat
<LI><a href="#[e0]">&gt;&gt;</a>&nbsp;&nbsp;&nbsp;sqrtf
<LI><a href="#[13e]">&gt;&gt;</a>&nbsp;&nbsp;&nbsp;sinf
<LI><a href="#[dc]">&gt;&gt;</a>&nbsp;&nbsp;&nbsp;cosf
</UL>
<BR>[Called By]<UL><LI><a href="#[175]">&gt;&gt;</a>&nbsp;&nbsp;&nbsp;inv_generate_accel_gyro_quaternion
</UL>

<P><STRONG><a name="[8c]"></a>inv_generate_quaternion</STRONG> (Thumb, 72 bytes, Stack size 16 bytes, quaternion_supervisor.o(.text))
<BR><BR>[Stack]<UL><LI>Max Depth = 288<LI>Call Chain = inv_generate_quaternion &rArr; inv_generate_accel_gyro_quaternion &rArr; accel_fusion &rArr; inv_q_norm4 &rArr; __hardfp_sqrtf &rArr; __set_errno
</UL>
<BR>[Calls]<UL><LI><a href="#[178]">&gt;&gt;</a>&nbsp;&nbsp;&nbsp;inv_store_gaming_quaternion
<LI><a href="#[175]">&gt;&gt;</a>&nbsp;&nbsp;&nbsp;inv_generate_accel_gyro_quaternion
</UL>
<BR>[Address Reference Count : 1]<UL><LI> quaternion_supervisor.o(.text)
</UL>
<P><STRONG><a name="[180]"></a>inv_check_push</STRONG> (Thumb, 352 bytes, Stack size 72 bytes, accel_auto_cal.o(.text))
<BR><BR>[Stack]<UL><LI>Max Depth = 152<LI>Call Chain = inv_check_push &rArr; inv_set_accel_bias_mask &rArr; inv_apply_calibration &rArr; inv_convert_to_body_with_scale &rArr; inv_q30_mult
</UL>
<BR>[Calls]<UL><LI><a href="#[13b]">&gt;&gt;</a>&nbsp;&nbsp;&nbsp;inv_get_gravity
<LI><a href="#[181]">&gt;&gt;</a>&nbsp;&nbsp;&nbsp;inv_set_accel_bias_mask
<LI><a href="#[183]">&gt;&gt;</a>&nbsp;&nbsp;&nbsp;inv_set_accel_accuracy
<LI><a href="#[182]">&gt;&gt;</a>&nbsp;&nbsp;&nbsp;inv_set_accel_bias_found
<LI><a href="#[177]">&gt;&gt;</a>&nbsp;&nbsp;&nbsp;inv_get_linear_accel
<LI><a href="#[137]">&gt;&gt;</a>&nbsp;&nbsp;&nbsp;__aeabi_memmove4
<LI><a href="#[17f]">&gt;&gt;</a>&nbsp;&nbsp;&nbsp;inv_get_current_calibrated_accel
</UL>
<BR>[Called By]<UL><LI><a href="#[18d]">&gt;&gt;</a>&nbsp;&nbsp;&nbsp;inv_auto_calibrate
</UL>

<P><STRONG><a name="[184]"></a>inv_check_coverage_set_bias</STRONG> (Thumb, 266 bytes, Stack size 32 bytes, accel_auto_cal.o(.text))
<BR><BR>[Stack]<UL><LI>Max Depth = 64<LI>Call Chain = inv_check_coverage_set_bias &rArr; __aeabi_cdcmple
</UL>
<BR>[Calls]<UL><LI><a href="#[139]">&gt;&gt;</a>&nbsp;&nbsp;&nbsp;__aeabi_cfrcmple
<LI><a href="#[d2]">&gt;&gt;</a>&nbsp;&nbsp;&nbsp;__aeabi_cdcmple
<LI><a href="#[103]">&gt;&gt;</a>&nbsp;&nbsp;&nbsp;__aeabi_d2iz
<LI><a href="#[d5]">&gt;&gt;</a>&nbsp;&nbsp;&nbsp;__aeabi_dsub
</UL>
<BR>[Called By]<UL><LI><a href="#[18d]">&gt;&gt;</a>&nbsp;&nbsp;&nbsp;inv_auto_calibrate
</UL>

<P><STRONG><a name="[185]"></a>inv_combine_data_calculate_bias</STRONG> (Thumb, 158 bytes, Stack size 24 bytes, accel_auto_cal.o(.text))
<BR><BR>[Stack]<UL><LI>Max Depth = 368<LI>Call Chain = inv_combine_data_calculate_bias &rArr; inv_compute_bias &rArr; sqrt &rArr; _dsqrt &rArr; __fpl_dnaninf
</UL>
<BR>[Calls]<UL><LI><a href="#[11d]">&gt;&gt;</a>&nbsp;&nbsp;&nbsp;inv_q30_mult
<LI><a href="#[db]">&gt;&gt;</a>&nbsp;&nbsp;&nbsp;__ARM_scalbnf
<LI><a href="#[ee]">&gt;&gt;</a>&nbsp;&nbsp;&nbsp;__aeabi_i2f
<LI><a href="#[dd]">&gt;&gt;</a>&nbsp;&nbsp;&nbsp;__aeabi_f2d
<LI><a href="#[d3]">&gt;&gt;</a>&nbsp;&nbsp;&nbsp;__aeabi_cdrcmple
<LI><a href="#[103]">&gt;&gt;</a>&nbsp;&nbsp;&nbsp;__aeabi_d2iz
<LI><a href="#[e3]">&gt;&gt;</a>&nbsp;&nbsp;&nbsp;inv_compute_bias
<LI><a href="#[e1]">&gt;&gt;</a>&nbsp;&nbsp;&nbsp;inv_combine_compass_data
</UL>
<BR>[Called By]<UL><LI><a href="#[18d]">&gt;&gt;</a>&nbsp;&nbsp;&nbsp;inv_auto_calibrate
</UL>

<P><STRONG><a name="[18b]"></a>set_sample_rate</STRONG> (Thumb, 54 bytes, Stack size 8 bytes, accel_auto_cal.o(.text))
<BR><BR>[Stack]<UL><LI>Max Depth = 200<LI>Call Chain = set_sample_rate &rArr; cos &rArr; __hardfp_cos &rArr; __ieee754_rem_pio2 &rArr; __aeabi_dmul
</UL>
<BR>[Calls]<UL><LI><a href="#[db]">&gt;&gt;</a>&nbsp;&nbsp;&nbsp;__ARM_scalbnf
<LI><a href="#[e4]">&gt;&gt;</a>&nbsp;&nbsp;&nbsp;__ARM_scalbn
<LI><a href="#[da]">&gt;&gt;</a>&nbsp;&nbsp;&nbsp;__aeabi_fmul
<LI><a href="#[ee]">&gt;&gt;</a>&nbsp;&nbsp;&nbsp;__aeabi_i2f
<LI><a href="#[116]">&gt;&gt;</a>&nbsp;&nbsp;&nbsp;__aeabi_fdiv
<LI><a href="#[dd]">&gt;&gt;</a>&nbsp;&nbsp;&nbsp;__aeabi_f2d
<LI><a href="#[103]">&gt;&gt;</a>&nbsp;&nbsp;&nbsp;__aeabi_d2iz
<LI><a href="#[18c]">&gt;&gt;</a>&nbsp;&nbsp;&nbsp;cos
</UL>
<BR>[Called By]<UL><LI><a href="#[18d]">&gt;&gt;</a>&nbsp;&nbsp;&nbsp;inv_auto_calibrate
</UL>

<P><STRONG><a name="[2eb]"></a>_dadd1</STRONG> (Thumb, 0 bytes, Stack size unknown bytes, daddsub_clz.o(x$fpl$dadd), UNUSED)
<BR><BR>[Called By]<UL><LI><a href="#[2ec]">&gt;&gt;</a>&nbsp;&nbsp;&nbsp;_dsub
<LI><a href="#[2ea]">&gt;&gt;</a>&nbsp;&nbsp;&nbsp;_drsb
</UL>

<P><STRONG><a name="[2dd]"></a>_dsub1</STRONG> (Thumb, 0 bytes, Stack size unknown bytes, daddsub_clz.o(x$fpl$dsub), UNUSED)
<BR><BR>[Called By]<UL><LI><a href="#[2ea]">&gt;&gt;</a>&nbsp;&nbsp;&nbsp;_drsb
<LI><a href="#[2dc]">&gt;&gt;</a>&nbsp;&nbsp;&nbsp;_dadd
</UL>

<P><STRONG><a name="[1ac]"></a>_fp_digits</STRONG> (Thumb, 428 bytes, Stack size 96 bytes, _printf_fp_dec.o(.text))
<BR><BR>[Stack]<UL><LI>Max Depth = 216<LI>Call Chain = _fp_digits &rArr; _btod_etento &rArr; _btod_emul &rArr; _e2e
</UL>
<BR>[Calls]<UL><LI><a href="#[1b0]">&gt;&gt;</a>&nbsp;&nbsp;&nbsp;_btod_emul
<LI><a href="#[1af]">&gt;&gt;</a>&nbsp;&nbsp;&nbsp;_btod_ediv
<LI><a href="#[1ae]">&gt;&gt;</a>&nbsp;&nbsp;&nbsp;_btod_d2e
<LI><a href="#[1ad]">&gt;&gt;</a>&nbsp;&nbsp;&nbsp;_btod_etento
<LI><a href="#[1b1]">&gt;&gt;</a>&nbsp;&nbsp;&nbsp;_ll_udiv10
</UL>
<BR>[Called By]<UL><LI><a href="#[1b2]">&gt;&gt;</a>&nbsp;&nbsp;&nbsp;_printf_fp_dec_real
</UL>

<P><STRONG><a name="[8e]"></a>_printf_input_char</STRONG> (Thumb, 10 bytes, Stack size 0 bytes, _printf_char_common.o(.text))
<BR>[Address Reference Count : 1]<UL><LI> _printf_char_common.o(.text)
</UL><P>
<H3>
Undefined Global Symbols
</H3><HR></body></html>
