Component: ARM Compiler 5.06 update 4 (build 422) Tool: armlink [4d35d2]

==============================================================================

Section Cross References

    startup_lpc54606.o(STACK) refers (Special) to heapauxi.o(.text) for __use_two_region_memory
    startup_lpc54606.o(HEAP) refers (Special) to heapauxi.o(.text) for __use_two_region_memory
    startup_lpc54606.o(RESET) refers (Special) to heapauxi.o(.text) for __use_two_region_memory
    startup_lpc54606.o(RESET) refers to startup_lpc54606.o(STACK) for __initial_sp
    startup_lpc54606.o(RESET) refers to startup_lpc54606.o(.text) for Reset_Handler
    startup_lpc54606.o(RESET) refers to system_lpc54606.o(i.NMI_Handler) for NMI_Handler
    startup_lpc54606.o(RESET) refers to system_lpc54606.o(i.HardFault_Handler) for HardFault_Handler
    startup_lpc54606.o(.text) refers (Special) to heapauxi.o(.text) for __use_two_region_memory
    startup_lpc54606.o(.text) refers to system_lpc54606.o(i.SystemInit) for SystemInit
    startup_lpc54606.o(.text) refers to __main.o(!!!main) for __main
    startup_lpc54606.o(.text) refers to isr.o(i.DMA0_DriverIRQHandler) for DMA0_DriverIRQHandler
    startup_lpc54606.o(.text) refers to isr.o(i.MRT0_DriverIRQHandler) for MRT0_DriverIRQHandler
    startup_lpc54606.o(.text) refers to isr.o(i.FLEXCOMM0_DriverIRQHandler) for FLEXCOMM0_DriverIRQHandler
    startup_lpc54606.o(.text) refers to isr.o(i.FLEXCOMM5_DriverIRQHandler) for FLEXCOMM5_DriverIRQHandler
    startup_lpc54606.o(.text) refers to isr.o(i.PIN_INT7_DriverIRQHandler) for PIN_INT7_DriverIRQHandler
    startup_lpc54606.o(.text) refers to isr.o(i.RIT_DriverIRQHandler) for RIT_DriverIRQHandler
    startup_lpc54606.o(.text) refers to startup_lpc54606.o(HEAP) for Heap_Mem
    startup_lpc54606.o(.text) refers to startup_lpc54606.o(STACK) for Stack_Mem
    system_lpc54606.o(i.HardFault_Handler) refers to seekfree_printf.o(i.printf) for printf
    system_lpc54606.o(i.SystemInit) refers to lpc546xx_pll.o(i.pll_init) for pll_init
    system_lpc54606.o(i.SystemInit) refers to startup_lpc54606.o(RESET) for __Vectors
    lpc546xx_adc.o(i.adc_init) refers to lpc546xx_systick.o(i.systick_delay) for systick_delay
    lpc546xx_adc.o(i.adc_init) refers to lpc546xx_adc.o(i.adc_mux) for adc_mux
    lpc546xx_adc.o(i.adc_init) refers to assert.o(i.assert_failed) for assert_failed
    lpc546xx_adc.o(i.adc_init) refers to lpc546xx_pll.o(.data) for main_clk_mhz
    lpc546xx_adc.o(i.adc_mux) refers to lpc546xx_iocon.o(i.iocon_init) for iocon_init
    lpc546xx_adc.o(i.adc_mux) refers to assert.o(i.assert_failed) for assert_failed
    lpc546xx_ctimer.o(i.ctimer_count_clean) refers to lpc546xx_ctimer.o(.data) for TIMERN
    lpc546xx_ctimer.o(i.ctimer_count_init) refers to lpc546xx_ctimer.o(i.ctimer_clock) for ctimer_clock
    lpc546xx_ctimer.o(i.ctimer_count_init) refers to lpc546xx_ctimer.o(i.ctimer_countmux) for ctimer_countmux
    lpc546xx_ctimer.o(i.ctimer_count_init) refers to lpc546xx_ctimer.o(.data) for TIMERN
    lpc546xx_ctimer.o(i.ctimer_count_read) refers to lpc546xx_ctimer.o(.data) for TIMERN
    lpc546xx_ctimer.o(i.ctimer_countmux) refers to lpc546xx_iocon.o(i.iocon_init) for iocon_init
    lpc546xx_ctimer.o(i.ctimer_pwm_duty) refers to assert.o(i.assert_failed) for assert_failed
    lpc546xx_ctimer.o(i.ctimer_pwm_duty) refers to llsdiv.o(.text) for __aeabi_ldivmod
    lpc546xx_ctimer.o(i.ctimer_pwm_duty) refers to lpc546xx_ctimer.o(.constdata) for duty_max
    lpc546xx_ctimer.o(i.ctimer_pwm_duty) refers to lpc546xx_ctimer.o(.data) for TIMERN
    lpc546xx_ctimer.o(i.ctimer_pwm_freq) refers to lpc546xx_pll.o(.data) for main_clk_mhz
    lpc546xx_ctimer.o(i.ctimer_pwm_freq) refers to lpc546xx_ctimer.o(.data) for TIMERN
    lpc546xx_ctimer.o(i.ctimer_pwm_freq) refers to lpc546xx_ctimer.o(.constdata) for period_ch
    lpc546xx_ctimer.o(i.ctimer_pwm_init) refers to assert.o(i.assert_failed) for assert_failed
    lpc546xx_ctimer.o(i.ctimer_pwm_init) refers to lpc546xx_ctimer.o(i.ctimer_clock) for ctimer_clock
    lpc546xx_ctimer.o(i.ctimer_pwm_init) refers to lpc546xx_ctimer.o(i.ctimer_pwmmux) for ctimer_pwmmux
    lpc546xx_ctimer.o(i.ctimer_pwm_init) refers to llsdiv.o(.text) for __aeabi_ldivmod
    lpc546xx_ctimer.o(i.ctimer_pwm_init) refers to lpc546xx_ctimer.o(.constdata) for period_ch
    lpc546xx_ctimer.o(i.ctimer_pwm_init) refers to lpc546xx_pll.o(.data) for main_clk_mhz
    lpc546xx_ctimer.o(i.ctimer_pwm_init) refers to lpc546xx_ctimer.o(.data) for TIMERN
    lpc546xx_ctimer.o(i.ctimer_pwmmux) refers to lpc546xx_iocon.o(i.iocon_init) for iocon_init
    lpc546xx_dma.o(i.dam_init) refers to lpc546xx_gpio.o(i.gpio_init) for gpio_init
    lpc546xx_dma.o(i.dam_init) refers to lpc546xx_dma.o(.bss) for s_dma_descriptor_table
    lpc546xx_dma.o(i.dam_init_linked) refers to lpc546xx_gpio.o(i.gpio_init) for gpio_init
    lpc546xx_dma.o(i.dam_init_linked) refers to lpc546xx_dma.o(.bss) for s_dma_descriptor_table
[...]
    mpu_set_bypass                           0x00011309   Thumb Code   328  inv_mpu.o(i.mpu_set_bypass)
    mpu_set_compass_sample_rate              0x00011455   Thumb Code    92  inv_mpu.o(i.mpu_set_compass_sample_rate)
    mpu_set_dmp_state                        0x000114b5   Thumb Code   138  inv_mpu.o(i.mpu_set_dmp_state)
    mpu_set_gyro_fsr                         0x00011545   Thumb Code   132  inv_mpu.o(i.mpu_set_gyro_fsr)
    mpu_set_int_latched                      0x000115cd   Thumb Code   102  inv_mpu.o(i.mpu_set_int_latched)
    mpu_set_lpf                              0x00011639   Thumb Code   126  inv_mpu.o(i.mpu_set_lpf)
    mpu_set_sample_rate                      0x000116bd   Thumb Code   174  inv_mpu.o(i.mpu_set_sample_rate)
    mpu_set_sensors                          0x00011771   Thumb Code   354  inv_mpu.o(i.mpu_set_sensors)
    mpu_write_mem                            0x000118d9   Thumb Code   122  inv_mpu.o(i.mpu_write_mem)
    mt9v032_cof_uart_interrupt               0x00011959   Thumb Code    68  seekfree_mt9v032.o(i.mt9v032_cof_uart_interrupt)
    mt9v032_dma                              0x000119a9   Thumb Code    22  seekfree_mt9v032.o(i.mt9v032_dma)
    mt9v032_vsync                            0x000119c9   Thumb Code    40  seekfree_mt9v032.o(i.mt9v032_vsync)
    my_eeprom_write_word                     0x000119fd   Thumb Code    88  lpc546xx_eeprom.o(i.my_eeprom_write_word)
    myabs                                    0x00011a85   Thumb Code    14  seekfree_fun.o(i.myabs)
    number_conversion_ascii                  0x00011a93   Thumb Code   136  seekfree_printf.o(i.number_conversion_ascii)
    pit_init                                 0x00011b1d   Thumb Code    48  lpc546xx_pit.o(i.pit_init)
    pll_init                                 0x00011c75   Thumb Code   112  lpc546xx_pll.o(i.pll_init)
    printf                                   0x00011cfd   Thumb Code   626  seekfree_printf.o(i.printf)
    printf_reverse_order                     0x00011f81   Thumb Code    34  seekfree_printf.o(i.printf_reverse_order)
    run_self_test                            0x00011fa3   Thumb Code   156  inv_mpu.o(i.run_self_test)
    sct_pwm_duty                             0x00012041   Thumb Code   124  lpc546xx_sct.o(i.sct_pwm_duty)
    sct_pwm_init                             0x000120e9   Thumb Code   414  lpc546xx_sct.o(i.sct_pwm_init)
    sct_pwm_mux                              0x000122c9   Thumb Code   458  lpc546xx_sct.o(i.sct_pwm_mux)
    set_sensor_orientation_and_scale         0x00012525   Thumb Code     6  data_builder.o(i.set_sensor_orientation_and_scale)
    sinf                                     0x00012781   Thumb Code    16  sinf.o(i.sinf)
    sqrt                                     0x00012791   Thumb Code   110  sqrt.o(i.sqrt)
    sqrtf                                    0x000127ff   Thumb Code    62  sqrtf.o(i.sqrtf)
    systick_delay                            0x0001283d   Thumb Code    64  lpc546xx_systick.o(i.systick_delay)
    systick_delay_ms                         0x0001289d   Thumb Code    32  lpc546xx_systick.o(i.systick_delay_ms)
    uart_getchar                             0x000128c1   Thumb Code    34  lpc546xx_uart.o(i.uart_getchar)
    uart_init                                0x000128e9   Thumb Code   302  lpc546xx_uart.o(i.uart_init)
    uart_mux                                 0x00012a39   Thumb Code   744  lpc546xx_uart.o(i.uart_mux)
    uart_putbuff                             0x00012d3d   Thumb Code    30  lpc546xx_uart.o(i.uart_putbuff)
    uart_putchar                             0x00012d5d   Thumb Code    32  lpc546xx_uart.o(i.uart_putchar)
    uart_query                               0x00012d81   Thumb Code    38  lpc546xx_uart.o(i.uart_query)
    uart_rx_irq                              0x00012dad   Thumb Code   116  lpc546xx_uart.o(i.uart_rx_irq)
    write_syspllctrl                         0x00012e25   Thumb Code   120  lpc546xx_pll.o(i.write_syspllctrl)
    _get_lc_numeric                          0x00012ea1   Thumb Code    44  lc_numeric_c.o(locale$$code)
    _get_lc_ctype                            0x00012ecd   Thumb Code    44  lc_ctype_c.o(locale$$code)
    __aeabi_dneg                             0x00012ef9   Thumb Code     0  basic.o(x$fpl$basic)
    _dneg                                    0x00012ef9   Thumb Code     6  basic.o(x$fpl$basic)
    __aeabi_fneg                             0x00012eff   Thumb Code     0  basic.o(x$fpl$basic)
    _fneg                                    0x00012eff   Thumb Code     6  basic.o(x$fpl$basic)
    _dabs                                    0x00012f05   Thumb Code     6  basic.o(x$fpl$basic)
    _fabs                                    0x00012f0b   Thumb Code     6  basic.o(x$fpl$basic)
    __aeabi_d2f                              0x00012f11   Thumb Code     0  d2f.o(x$fpl$d2f)
    _d2f                                     0x00012f11   Thumb Code    98  d2f.o(x$fpl$d2f)
    __aeabi_dadd                             0x00012f75   Thumb Code     0  daddsub_clz.o(x$fpl$dadd)
    _dadd                                    0x00012f75   Thumb Code   332  daddsub_clz.o(x$fpl$dadd)
    __fpl_dcheck_NaN1                        0x000130c5   Thumb Code    10  dcheck1.o(x$fpl$dcheck1)
    __fpl_dcmp_Inf                           0x000130d5   Thumb Code    24  dcmpi.o(x$fpl$dcmpinf)
    __aeabi_ddiv                             0x000130ed   Thumb Code     0  ddiv.o(x$fpl$ddiv)
    _ddiv                                    0x000130ed   Thumb Code   552  ddiv.o(x$fpl$ddiv)
    __aeabi_cdcmpeq                          0x0001339d   Thumb Code     0  deqf.o(x$fpl$deqf)
    _dcmpeq                                  0x0001339d   Thumb Code   120  deqf.o(x$fpl$deqf)
    __aeabi_d2iz                             0x00013415   Thumb Code     0  dfix.o(x$fpl$dfix)
    _dfix                                    0x00013415   Thumb Code    94  dfix.o(x$fpl$dfix)
    __aeabi_d2uiz                            0x00013475   Thumb Code     0  dfixu.o(x$fpl$dfixu)
    _dfixu                                   0x00013475   Thumb Code    90  dfixu.o(x$fpl$dfixu)
    __aeabi_i2d                              0x000134cf   Thumb Code     0  dflt_clz.o(x$fpl$dflt)
    _dflt                                    0x000134cf   Thumb Code    46  dflt_clz.o(x$fpl$dflt)
    __aeabi_ui2d                             0x000134fd   Thumb Code     0  dflt_clz.o(x$fpl$dfltu)
    _dfltu                                   0x000134fd   Thumb Code    38  dflt_clz.o(x$fpl$dfltu)
    __aeabi_cdcmple                          0x00013525   Thumb Code     0  dleqf.o(x$fpl$dleqf)
    _dcmple                                  0x00013525   Thumb Code   120  dleqf.o(x$fpl$dleqf)
    __fpl_dcmple_InfNaN                      0x00013587   Thumb Code     0  dleqf.o(x$fpl$dleqf)
    __aeabi_dmul                             0x0001359d   Thumb Code     0  dmul.o(x$fpl$dmul)
    _dmul                                    0x0001359d   Thumb Code   332  dmul.o(x$fpl$dmul)
    __fpl_dnaninf                            0x000136f1   Thumb Code   156  dnaninf.o(x$fpl$dnaninf)
    __fpl_dretinf                            0x0001378d   Thumb Code    12  dretinf.o(x$fpl$dretinf)
    __aeabi_cdrcmple                         0x00013799   Thumb Code     0  drleqf.o(x$fpl$drleqf)
    _drcmple                                 0x00013799   Thumb Code   108  drleqf.o(x$fpl$drleqf)
    __aeabi_drsub                            0x00013805   Thumb Code     0  daddsub_clz.o(x$fpl$drsb)
    _drsb                                    0x00013805   Thumb Code    22  daddsub_clz.o(x$fpl$drsb)
    _dsqrt                                   0x0001381d   Thumb Code   404  dsqrt_umaal.o(x$fpl$dsqrt)
    __aeabi_dsub                             0x000139b5   Thumb Code     0  daddsub_clz.o(x$fpl$dsub)
    _dsub                                    0x000139b5   Thumb Code   464  daddsub_clz.o(x$fpl$dsub)
    __aeabi_f2d                              0x00013b89   Thumb Code     0  f2d.o(x$fpl$f2d)
    _f2d                                     0x00013b89   Thumb Code    86  f2d.o(x$fpl$f2d)
    __aeabi_fadd                             0x00013bdf   Thumb Code     0  faddsub_clz.o(x$fpl$fadd)
    _fadd                                    0x00013bdf   Thumb Code    18  faddsub_clz.o(x$fpl$fadd)
    __fpl_fcheck_NaN1                        0x00013bf1   Thumb Code     6  fcheck1.o(x$fpl$fcheck1)
    __fpl_fcmp_Inf                           0x00013bfd   Thumb Code    24  fcmpi.o(x$fpl$fcmpinf)
    __aeabi_fdiv                             0x00013c15   Thumb Code     0  fdiv.o(x$fpl$fdiv)
    _fdiv                                    0x00013c15   Thumb Code    18  fdiv.o(x$fpl$fdiv)
    __aeabi_f2iz                             0x00013c27   Thumb Code     0  ffix.o(x$fpl$ffix)
    _ffix                                    0x00013c27   Thumb Code    14  ffix.o(x$fpl$ffix)
    __aeabi_i2f                              0x00013c35   Thumb Code     0  fflt_clz.o(x$fpl$fflt)
    _fflt                                    0x00013c35   Thumb Code    14  fflt_clz.o(x$fpl$fflt)
    __aeabi_ul2f                             0x00013c43   Thumb Code     0  ffltll_clz.o(x$fpl$ffltll)
    _ll_uto_f                                0x00013c43   Thumb Code     6  ffltll_clz.o(x$fpl$ffltll)
    __aeabi_l2f                              0x00013c49   Thumb Code     0  ffltll_clz.o(x$fpl$ffltll)
    _ll_sto_f                                0x00013c49   Thumb Code    90  ffltll_clz.o(x$fpl$ffltll)
    __aeabi_ui2f                             0x00013ca3   Thumb Code     0  fflt_clz.o(x$fpl$ffltu)
    _ffltu                                   0x00013ca3   Thumb Code    14  fflt_clz.o(x$fpl$ffltu)
    __aeabi_cfcmple                          0x00013cb1   Thumb Code     0  fleqf.o(x$fpl$fleqf)
    _fcmple                                  0x00013cb1   Thumb Code    48  fleqf.o(x$fpl$fleqf)
    __fpl_fcmple_InfNaN                      0x00013cc9   Thumb Code     0  fleqf.o(x$fpl$fleqf)
    __aeabi_fmul                             0x00013ce1   Thumb Code     0  fmul.o(x$fpl$fmul)
    _fmul                                    0x00013ce1   Thumb Code    18  fmul.o(x$fpl$fmul)
    __fpl_fnaninf                            0x00013cf3   Thumb Code   140  fnaninf.o(x$fpl$fnaninf)
    _fp_init                                 0x00013d7f   Thumb Code    10  fpinit.o(x$fpl$fpinit)
    __fplib_config_fpu_vfp                   0x00013d87   Thumb Code     0  fpinit.o(x$fpl$fpinit)
    __fplib_config_pureend_doubles           0x00013d87   Thumb Code     0  fpinit.o(x$fpl$fpinit)
    __fpl_fretinf                            0x00013d89   Thumb Code    10  fretinf.o(x$fpl$fretinf)
    __aeabi_cfrcmple                         0x00013d93   Thumb Code     0  frleqf.o(x$fpl$frleqf)
    _frcmple                                 0x00013d93   Thumb Code    40  frleqf.o(x$fpl$frleqf)
    __aeabi_fsub                             0x00013dbb   Thumb Code     0  faddsub_clz.o(x$fpl$fsub)
    _fsub                                    0x00013dbb   Thumb Code    18  faddsub_clz.o(x$fpl$fsub)
    __aeabi_f2lz                             0x00013dcd   Thumb Code     0  ffixll.o(x$fpl$llsfromf)
    _ll_sfrom_f                              0x00013dcd   Thumb Code   134  ffixll.o(x$fpl$llsfromf)
    _printf_fp_dec                           0x00013e53   Thumb Code     4  printf1.o(x$fpl$printf1)
    _printf_fp_hex                           0x00013e57   Thumb Code     4  printf2.o(x$fpl$printf2)
    __fpl_return_NaN                         0x00013e5b   Thumb Code   100  retnan.o(x$fpl$retnan)
    __ARM_scalbn                             0x00013ebf   Thumb Code    92  scalbn.o(x$fpl$scalbn)
    __ARM_scalbnf                            0x00013f1b   Thumb Code    76  scalbnf.o(x$fpl$scalbnf)
    __fpl_cmpreturn                          0x00013f67   Thumb Code    48  trapv.o(x$fpl$trapveneer)
    __I$use$fp                               0x00013f96   Number         0  usenofp.o(x$fpl$usenofp)
    period_ch                                0x00013f98   Data          20  lpc546xx_ctimer.o(.constdata)
    duty_max                                 0x00013fac   Data          20  lpc546xx_ctimer.o(.constdata)
    sct_duty_max                             0x00013fc0   Data          40  lpc546xx_sct.o(.constdata)
    debugging_information                    0x00013fe8   Data          50  assert.o(.constdata)
    F6x8                                     0x0001401a   Data         552  selfbuild_oled.o(.constdata)
    F8X16                                    0x00014242   Data        1520  selfbuild_oled.o(.constdata)
    F14x16_Idx                               0x00014832   Data           9  selfbuild_oled.o(.constdata)
    F14x16                                   0x0001483b   Data         112  selfbuild_oled.o(.constdata)
    reg                                      0x000148ac   Data          42  inv_mpu.o(.constdata)
    hw                                       0x000148d6   Data          14  inv_mpu.o(.constdata)
    test                                     0x000148e4   Data          48  inv_mpu.o(.constdata)
    ml_ver                                   0x0001570a   Data          20  mpl.o(.constdata)
    __mathlib_zero                           0x000157e8   Data           8  qnan.o(.constdata)
    Region$$Table$$Base                      0x00015a0c   Number         0  anon$$obj.o(Region$$Table)
    Region$$Table$$Limit                     0x00015a2c   Number         0  anon$$obj.o(Region$$Table)
    __ctype                                  0x00015a55   Data           0  lc_ctype_c.o(locale$$data)
    TIMERN                                   0x20000000   Data          20  lpc546xx_ctimer.o(.data)
    FLEXCOMMN                                0x20000014   Data          40  lpc546xx_flexcomm.o(.data)
    main_clk_mhz                             0x2000003c   Data           2  lpc546xx_pll.o(.data)
    UARTN                                    0x20000040   Data          40  lpc546xx_uart.o(.data)
    Gray                                     0x20000068   Data          36  selfbuild_control.o(.data)
    Speed_Ratio                              0x2000008c   Data           4  selfbuild_mecanum_ctrl.o(.data)
    Encoder_Pulse_TIMER                      0x20000090   Data           5  selfbuild_mecanum_ctrl.o(.data)
    Encoder_Dir_Pin                          0x20000095   Data           5  selfbuild_mecanum_ctrl.o(.data)
    Encoder_Dir_Set                          0x2000009a   Data           5  selfbuild_mecanum_ctrl.o(.data)
    Motor_PWM                                0x2000009f   Data          10  selfbuild_mecanum_ctrl.o(.data)
    tt                                       0x200000b4   Data           4  isr.o(.data)
    receive                                  0x200000ba   Data           3  seekfree_mt9v032.o(.data)
    receive_num                              0x200000bd   Data           1  seekfree_mt9v032.o(.data)
    uart_receive_flag                        0x200000be   Data           1  seekfree_mt9v032.o(.data)
    MT9V032_CFG                              0x200000c0   Data          36  seekfree_mt9v032.o(.data)
    GET_CFG                                  0x200000e4   Data          32  seekfree_mt9v032.o(.data)
    mt9v032_finish_flag                      0x20000104   Data           1  seekfree_mt9v032.o(.data)
    mpl_key                                  0x20000108   Data           4  inv_mpu.o(.data)
    s_dma_descriptor_table                   0x20000200   Data         480  lpc546xx_dma.o(.bss)
    Base_Data                                0x200003e0   Data         146  selfbuild_control.o(.bss)
    PID_Speed                                0x20000474   Data          48  selfbuild_pid.o(.bss)
    PID_Dir                                  0x200004a4   Data          48  selfbuild_pid.o(.bss)
    PID_Dis                                  0x200004d4   Data          48  selfbuild_pid.o(.bss)
    MECANUM_Motor_Data                       0x20000508   Data         304  selfbuild_mecanum_ctrl.o(.bss)
    Menu                                     0x20000638   Data         440  selfbuild_oledmenu.o(.bss)
    Copy_Data                                0x200007f0   Data          64  selfbuild_oledmenu.o(.bss)
    Copy_Type                                0x20000830   Data          16  selfbuild_oledmenu.o(.bss)
    ZERO                                     0x20000840   Data         128  selfbuild_oledmenu.o(.bss)
    image                                    0x200008d0   Data       22560  seekfree_mt9v032.o(.bss)
    MPU_Data                                 0x20006738   Data         104  mpu_foruser.o(.bss)
    cb                                       0x200067a0   Data         232  compass_vec_cal.o(.bss)
    cb_test                                  0x20006888   Data         232  compass_vec_cal.o(.bss)
    cb_sim                                   0x20006970   Data         232  compass_vec_cal.o(.bss)
    vc                                       0x20006a58   Data         424  compass_vec_cal.o(.bss)
    fnm                                      0x20006c00   Data         608  fast_no_motion.o(.bss)
    s9axis                                   0x20006ea0   Data         312  fusion_9axis.o(.bss)
    mag_disturb                              0x2000719c   Data         184  mag_disturb.o(.bss)
    __libspace_start                         0x20007778   Data          96  libspace.o(.bss)
    __temporary_stack_top$libspace           0x200077d8   Data           0  libspace.o(.bss)



==============================================================================

Memory Map of the image

  Image Entry point : 0x00000125

  Load Region LR_IROM1 (Base: 0x00000000, Size: 0x00015cc4, Max: 0x00080000, ABSOLUTE, COMPRESSED[0x00015c1c])

    Execution Region ER_IROM1 (Base: 0x00000000, Size: 0x00015b58, Max: 0x00080000, ABSOLUTE)

    Base Addr    Size         Type   Attr      Idx    E Section Name        Object

    0x00000000   0x00000124   Data   RO            3    RESET               startup_lpc54606.o
    0x00000124   0x00000008   Code   RO         4978  * !!!main             c_w.l(__main.o)
    0x0000012c   0x00000034   Code   RO         5807    !!!scatter          c_w.l(__scatter.o)
    0x00000160   0x0000005a   Code   RO         5805    !!dczerorl2         c_w.l(__dczerorl2.o)
    0x000001ba   0x00000002   PAD
    0x000001bc   0x0000001c   Code   RO         5809    !!handler_zi        c_w.l(__scatter_zi.o)
    0x000001d8   0x00000000   Code   RO         4955    .ARM.Collect$$_printf_percent$$00000000  c_w.l(_printf_percent.o)
    0x000001d8   0x00000006   Code   RO         5317    .ARM.Collect$$_printf_percent$$00000001  c_w.l(_printf_n.o)
    0x000001de   0x00000006   Code   RO         5319    .ARM.Collect$$_printf_percent$$00000002  c_w.l(_printf_p.o)
    0x000001e4   0x00000006   Code   RO         4954    .ARM.Collect$$_printf_percent$$00000003  c_w.l(_printf_f.o)
    0x000001ea   0x00000006   Code   RO         5323    .ARM.Collect$$_printf_percent$$00000004  c_w.l(_printf_e.o)
    0x000001f0   0x00000006   Code   RO         5324    .ARM.Collect$$_printf_percent$$00000005  c_w.l(_printf_g.o)
    0x000001f6   0x00000006   Code   RO         5325    .ARM.Collect$$_printf_percent$$00000006  c_w.l(_printf_a.o)
    0x000001fc   0x0000000a   Code   RO         5330    .ARM.Collect$$_printf_percent$$00000007  c_w.l(_printf_ll.o)
    0x00000206   0x00000006   Code   RO         5321    .ARM.Collect$$_printf_percent$$00000008  c_w.l(_printf_i.o)
    0x0000020c   0x00000006   Code   RO         4953    .ARM.Collect$$_printf_percent$$00000009  c_w.l(_printf_d.o)
    0x00000212   0x00000006   Code   RO         5322    .ARM.Collect$$_printf_percent$$0000000A  c_w.l(_printf_u.o)
    0x00000218   0x00000006   Code   RO         5320    .ARM.Collect$$_printf_percent$$0000000B  c_w.l(_printf_o.o)
    0x0000021e   0x00000006   Code   RO         5318    .ARM.Collect$$_printf_percent$$0000000C  c_w.l(_printf_x.o)
    0x00000224   0x00000006   Code   RO         5327    .ARM.Collect$$_printf_percent$$0000000D  c_w.l(_printf_lli.o)
    0x0000022a   0x00000006   Code   RO         5328    .ARM.Collect$$_printf_percent$$0000000E  c_w.l(_printf_lld.o)
    0x00000230   0x00000006   Code   RO         5329    .ARM.Collect$$_printf_percent$$0000000F  c_w.l(_printf_llu.o)
    0x00000236   0x00000006   Code   RO         5334    .ARM.Collect$$_printf_percent$$00000010  c_w.l(_printf_llo.o)
    0x0000023c   0x00000006   Code   RO         5335    .ARM.Collect$$_printf_percent$$00000011  c_w.l(_printf_llx.o)
    0x00000242   0x0000000a   Code   RO         5331    .ARM.Collect$$_printf_percent$$00000012  c_w.l(_printf_l.o)
    0x0000024c   0x00000006   Code   RO         5315    .ARM.Collect$$_printf_percent$$00000013  c_w.l(_printf_c.o)
    0x00000252   0x00000006   Code   RO         5316    .ARM.Collect$$_printf_percent$$00000014  c_w.l(_printf_s.o)
    0x00000258   0x00000006   Code   RO         5332    .ARM.Collect$$_printf_percent$$00000015  c_w.l(_printf_lc.o)
    0x0000025e   0x00000006   Code   RO         5333    .ARM.Collect$$_printf_percent$$00000016  c_w.l(_printf_ls.o)
    0x00000264   0x00000004   Code   RO         5326    .ARM.Collect$$_printf_percent$$00000017  c_w.l(_printf_percent_end.o)
    0x00000268   0x00000002   Code   RO         5634    .ARM.Collect$$libinit$$00000000  c_w.l(libinit.o)
    0x0000026a   0x00000004   Code   RO         5635    .ARM.Collect$$libinit$$00000001  c_w.l(libinit2.o)
    0x0000026e   0x00000000   Code   RO         5638    .ARM.Collect$$libinit$$00000004  c_w.l(libinit2.o)
    0x0000026e   0x00000008   Code   RO         5639    .ARM.Collect$$libinit$$00000005  c_w.l(libinit2.o)
    0x00000276   0x00000000   Code   RO         5641    .ARM.Collect$$libinit$$0000000A  c_w.l(libinit2.o)
    0x00000276   0x00000000   Code   RO         5643    .ARM.Collect$$libinit$$0000000C  c_w.l(libinit2.o)
    0x00000276   0x00000000   Code   RO         5645    .ARM.Collect$$libinit$$0000000E  c_w.l(libinit2.o)
    0x00000276   0x00000006   Code   RO         5646    .ARM.Collect$$libinit$$0000000F  c_w.l(libinit2.o)
    0x0000027c   0x00000000   Code   RO         5648    .ARM.Collect$$libinit$$00000011  c_w.l(libinit2.o)
    0x0000027c   0x0000000c   Code   RO         5649    .ARM.Collect$$libinit$$00000012  c_w.l(libinit2.o)
    0x00000288   0x00000000   Code   RO         5650    .ARM.Collect$$libinit$$00000013  c_w.l(libinit2.o)
    0x00000288   0x00000000   Code   RO         5652    .ARM.Collect$$libinit$$00000015  c_w.l(libinit2.o)
    0x00000288   0x0000000a   Code   RO         5653    .ARM.Collect$$libinit$$00000016  c_w.l(libinit2.o)
    0x00000292   0x00000000   Code   RO         5654    .ARM.Collect$$libinit$$00000017  c_w.l(libinit2.o)
    0x00000292   0x00000000   Code   RO         5656    .ARM.Collect$$libinit$$00000019  c_w.l(libinit2.o)
    0x00000292   0x00000000   Code   RO         5658    .ARM.Collect$$libinit$$0000001B  c_w.l(libinit2.o)
    0x00000292   0x00000000   Code   RO         5660    .ARM.Collect$$libinit$$0000001D  c_w.l(libinit2.o)
    0x00000292   0x00000000   Code   RO         5662    .ARM.Collect$$libinit$$0000001F  c_w.l(libinit2.o)
    0x00000292   0x00000000   Code   RO         5664    .ARM.Collect$$libinit$$00000021  c_w.l(libinit2.o)
    0x00000292   0x00000000   Code   RO         5666    .ARM.Collect$$libinit$$00000023  c_w.l(libinit2.o)
    0x00000292   0x00000000   Code   RO         5668    .ARM.Collect$$libinit$$00000025  c_w.l(libinit2.o)
    0x00000292   0x00000000   Code   RO         5672    .ARM.Collect$$libinit$$0000002C  c_w.l(libinit2.o)
    0x00000292   0x00000000   Code   RO         5674    .ARM.Collect$$libinit$$0000002E  c_w.l(libinit2.o)
    0x00000292   0x00000000   Code   RO         5676    .ARM.Collect$$libinit$$00000030  c_w.l(libinit2.o)
    0x00000292   0x00000000   Code   RO         5678    .ARM.Collect$$libinit$$00000032  c_w.l(libinit2.o)
    0x00000292   0x00000002   Code   RO         5679    .ARM.Collect$$libinit$$00000033  c_w.l(libinit2.o)
    0x00000294   0x00000002   Code   RO         5786    .ARM.Collect$$libshutdown$$00000000  c_w.l(libshutdown.o)
    0x00000296   0x00000000   Code   RO         5757    .ARM.Collect$$libshutdown$$00000002  c_w.l(libshutdown2.o)
    0x00000296   0x00000000   Code   RO         5759    .ARM.Collect$$libshutdown$$00000004  c_w.l(libshutdown2.o)
    0x00000296   0x00000000   Code   RO         5762    .ARM.Collect$$libshutdown$$00000007  c_w.l(libshutdown2.o)
    0x00000296   0x00000000   Code   RO         5765    .ARM.Collect$$libshutdown$$0000000A  c_w.l(libshutdown2.o)
    0x00000296   0x00000000   Code   RO         5767    .ARM.Collect$$libshutdown$$0000000C  c_w.l(libshutdown2.o)
    0x00000296   0x00000000   Code   RO         5770    .ARM.Collect$$libshutdown$$0000000F  c_w.l(libshutdown2.o)
    0x00000296   0x00000002   Code   RO         5771    .ARM.Collect$$libshutdown$$00000010  c_w.l(libshutdown2.o)
    0x00000298   0x00000000   Code   RO         5262    .ARM.Collect$$rtentry$$00000000  c_w.l(__rtentry.o)
    0x00000298   0x00000000   Code   RO         5423    .ARM.Collect$$rtentry$$00000002  c_w.l(__rtentry2.o)
    0x00000298   0x00000006   Code   RO         5435    .ARM.Collect$$rtentry$$00000004  c_w.l(__rtentry4.o)
    0x0000029e   0x00000000   Code   RO         5425    .ARM.Collect$$rtentry$$00000009  c_w.l(__rtentry2.o)
    0x0000029e   0x00000004   Code   RO         5426    .ARM.Collect$$rtentry$$0000000A  c_w.l(__rtentry2.o)
    0x000002a2   0x00000000   Code   RO         5428    .ARM.Collect$$rtentry$$0000000C  c_w.l(__rtentry2.o)
    0x000002a2   0x00000008   Code   RO         5429    .ARM.Collect$$rtentry$$0000000D  c_w.l(__rtentry2.o)
    0x000002aa   0x00000002   Code   RO         5684    .ARM.Collect$$rtexit$$00000000  c_w.l(rtexit.o)
    0x000002ac   0x00000000   Code   RO         5720    .ARM.Collect$$rtexit$$00000002  c_w.l(rtexit2.o)
    0x000002ac   0x00000004   Code   RO         5721    .ARM.Collect$$rtexit$$00000003  c_w.l(rtexit2.o)
    0x000002b0   0x00000006   Code   RO         5722    .ARM.Collect$$rtexit$$00000004  c_w.l(rtexit2.o)
    0x000002b6   0x00000002   PAD
    0x000002b8   0x00000000   Code   RO         5688    .emb_text           c_w.l(maybetermalloc1.o)
    0x000002b8   0x00000208   Code   RO            4    .text               startup_lpc54606.o
    0x000004c0   0x00001e5c   Code   RO         4683    .text               libmpllib.lib(compass_vec_cal.o)
    0x0000231c   0x000009f4   Code   RO         4773    .text               libmpllib.lib(fast_no_motion.o)
    0x00002d10   0x0000065c   Code   RO         4806    .text               libmpllib.lib(fusion_9axis.o)
    0x0000336c   0x000004bc   Code   RO         4828    .text               libmpllib.lib(gyro_tc.o)
    0x00003828   0x00000550   Code   RO         4846    .text               libmpllib.lib(mag_disturb.o)
    0x00003d78   0x00000940   Code   RO         4868    .text               libmpllib.lib(quaternion_supervisor.o)
    0x000046b8   0x00000aec   Code   RO         4886    .text               libmpllib.lib(accel_auto_cal.o)
    0x000051a4   0x00000026   Code   RO         4917    .text               c_w.l(llshl.o)
    0x000051ca   0x00000026   Code   RO         4919    .text               c_w.l(llsshr.o)
    0x000051f0   0x00000048   Code   RO         4921    .text               c_w.l(llsdiv.o)
    0x00005238   0x00000024   Code   RO         4923    .text               c_w.l(vsprintf.o)
    0x0000525c   0x00000078   Code   RO         4931    .text               c_w.l(_printf_dec.o)
    0x000052d4   0x00000188   Code   RO         4950    .text               c_w.l(__printf_flags_ss_wp.o)
    0x0000545c   0x00000058   Code   RO         4962    .text               c_w.l(memcmp.o)
    0x000054b4   0x0000008a   Code   RO         4964    .text               c_w.l(rt_memcpy_v6.o)
    0x0000553e   0x00000064   Code   RO         4966    .text               c_w.l(rt_memcpy_w.o)
    0x000055a2   0x0000007a   Code   RO         4968    .text               c_w.l(rt_memmove_w.o)
    0x0000561c   0x00000010   Code   RO         4970    .text               c_w.l(aeabi_memset.o)
    0x0000562c   0x00000044   Code   RO         4972    .text               c_w.l(rt_memclr.o)
    0x00005670   0x0000004e   Code   RO         4974    .text               c_w.l(rt_memclr_w.o)
    0x000056be   0x00000006   Code   RO         4976    .text               c_w.l(heapauxi.o)
    0x000056c4   0x000000ee   Code   RO         5263    .text               c_w.l(lludivv7m.o)
    0x000057b2   0x00000016   Code   RO         5265    .text               c_w.l(_rserrno.o)
    0x000057c8   0x0000004e   Code   RO         5267    .text               c_w.l(_printf_pad.o)
    0x00005816   0x00000024   Code   RO         5269    .text               c_w.l(_printf_truncate.o)
    0x0000583a   0x00000052   Code   RO         5271    .text               c_w.l(_printf_str.o)
    0x0000588c   0x000000b2   Code   RO         5273    .text               c_w.l(_printf_intcommon.o)
    0x0000593e   0x00000028   Code   RO         5275    .text               c_w.l(_printf_charcount.o)
    0x00005966   0x0000041a   Code   RO         5277    .text               c_w.l(_printf_fp_dec.o)
    0x00005d80   0x00000030   Code   RO         5279    .text               c_w.l(_printf_char_common.o)
    0x00005db0   0x0000000a   Code   RO         5281    .text               c_w.l(_sputc.o)
    0x00005dba   0x00000002   PAD
    0x00005dbc   0x000000bc   Code   RO         5283    .text               c_w.l(_printf_wctomb.o)
    0x00005e78   0x0000007c   Code   RO         5286    .text               c_w.l(_printf_longlong_dec.o)
    0x00005ef4   0x00000070   Code   RO         5292    .text               c_w.l(_printf_oct_int_ll.o)
    0x00005f64   0x00000094   Code   RO         5312    .text               c_w.l(_printf_hex_int_ll_ptr.o)
    0x00005ff8   0x000001d6   Code   RO         5336    .text               c_w.l(flsbuf.o)
    0x000061ce   0x00000066   Code   RO         5417    .text               c_w.l(sys_io.o)
    0x00006234   0x00000008   Code   RO         5444    .text               c_w.l(rt_locale_intlibspace.o)
    0x0000623c   0x00000008   Code   RO         5449    .text               c_w.l(rt_errno_addr_intlibspace.o)
    0x00006244   0x0000005e   Code   RO         5453    .text               c_w.l(h1_alloc.o)
    0x000062a2   0x0000008a   Code   RO         5507    .text               c_w.l(lludiv10.o)
    0x0000632c   0x000002fc   Code   RO         5509    .text               c_w.l(_printf_fp_hex.o)
    0x00006628   0x00000080   Code   RO         5512    .text               c_w.l(_printf_fp_infnan.o)
    0x000066a8   0x0000002c   Code   RO         5516    .text               c_w.l(_printf_char.o)
    0x000066d4   0x0000002c   Code   RO         5518    .text               c_w.l(_printf_wchar.o)
    0x00006700   0x000000dc   Code   RO         5520    .text               c_w.l(bigflt0.o)
    0x000067dc   0x000000f0   Code   RO         5545    .text               c_w.l(stdio.o)
    0x000068cc   0x00000040   Code   RO         5551    .text               c_w.l(_wcrtomb.o)
    0x0000690c   0x00000008   Code   RO         5562    .text               c_w.l(libspace.o)
    0x00006914   0x00000002   Code   RO         5565    .text               c_w.l(use_no_semi.o)
    0x00006916   0x00000000   Code   RO         5569    .text               c_w.l(indicate_semi.o)
    0x00006916   0x0000004a   Code   RO         5570    .text               c_w.l(sys_stackheap_outer.o)
    0x00006960   0x00000010   Code   RO         5572    .text               c_w.l(rt_ctype_table.o)
    0x00006970   0x00000008   Code   RO         5579    .text               c_w.l(rt_heap_descriptor_intlibspace.o)
    0x00006978   0x00000004   Code   RO         5581    .text               c_w.l(hguard.o)
    0x0000697c   0x0000008a   Code   RO         5583    .text               c_w.l(init_alloc.o)
    0x00006a06   0x0000000e   Code   RO         5589    .text               c_w.l(h1_init.o)
    0x00006a14   0x0000004e   Code   RO         5591    .text               c_w.l(h1_free.o)
    0x00006a62   0x00000012   Code   RO         5621    .text               c_w.l(exit.o)
    0x00006a74   0x0000003e   Code   RO         5623    .text               c_w.l(strlen.o)
    0x00006ab2   0x00000002   PAD
    0x00006ab4   0x00000080   Code   RO         5625    .text               c_w.l(strcmpv7m.o)
    0x00006b34   0x00000034   Code   RO         5690    .text               c_w.l(h1_extend.o)
    0x00006b68   0x0000000e   Code   RO         5708    .text               c_w.l(defsig_rtmem_outer.o)
    0x00006b76   0x0000000a   Code   RO         5742    .text               c_w.l(defsig_exit.o)
    0x00006b80   0x00000050   Code   RO         5750    .text               c_w.l(defsig_rtmem_inner.o)
    0x00006bd0   0x0000000c   Code   RO         5772    .text               c_w.l(sys_exit.o)
    0x00006bdc   0x00000032   Code   RO         5780    .text               c_w.l(defsig_general.o)
    0x00006c0e   0x0000000e   Code   RO         5787    .text               c_w.l(sys_wrch.o)
    0x00006c1c   0x0000003e   Code   RO         5523    CL$$btod_d2e        c_w.l(btod.o)
    0x00006c5a   0x00000046   Code   RO         5525    CL$$btod_d2e_denorm_low  c_w.l(btod.o)
    0x00006ca0   0x00000060   Code   RO         5524    CL$$btod_d2e_norm_op1  c_w.l(btod.o)
    0x00006d00   0x00000338   Code   RO         5533    CL$$btod_div_common  c_w.l(btod.o)
    0x00007038   0x000000c6   Code   RO         5530    CL$$btod_e2e        c_w.l(btod.o)
    0x000070fe   0x00000028   Code   RO         5527    CL$$btod_ediv       c_w.l(btod.o)
    0x00007126   0x00000028   Code   RO         5526    CL$$btod_emul       c_w.l(btod.o)
    0x0000714e   0x00000244   Code   RO         5532    CL$$btod_mult_common  c_w.l(btod.o)
    0x00007392   0x00000044   Code   RO         1560    i.Button_Get        selfbuild_oledmenu.o
    0x000073d6   0x00000002   PAD
    0x000073d8   0x0000001c   Code   RO         1629    i.DMA0_DriverIRQHandler  isr.o
    0x000073f4   0x00000438   Code   RO         1630    i.FLEXCOMM0_DriverIRQHandler  isr.o
    0x0000782c   0x00000040   Code   RO         1631    i.FLEXCOMM5_DriverIRQHandler  isr.o
    0x0000786c   0x00000044   Code   RO           12    i.HardFault_Handler  system_lpc54606.o
    0x000078b0   0x00000044   Code   RO         4481    i.IIC_Ack           mpuiic.o
    0x000078f4   0x0000001c   Code   RO         4482    i.IIC_Init          mpuiic.o
    0x00007910   0x00000044   Code   RO         4483    i.IIC_NAck          mpuiic.o
    0x00007954   0x00000060   Code   RO         4484    i.IIC_Read_Byte     mpuiic.o
    0x000079b4   0x00000060   Code   RO         4485    i.IIC_Send_Byte     mpuiic.o
    0x00007a14   0x00000044   Code   RO         4486    i.IIC_Start         mpuiic.o
    0x00007a58   0x00000044   Code   RO         4487    i.IIC_Stop          mpuiic.o
    0x00007a9c   0x00000058   Code   RO         4488    i.IIC_Wait_Ack      mpuiic.o
    0x00007af4   0x000001f8   Code   RO         1038    i.Init_ALL          selfbuild_control.o
    0x00007cec   0x00000034   Code   RO         1287    i.LEDPIN_Init       selfbuild_oled.o
    0x00007d20   0x0000001a   Code   RO         1290    i.LED_DLY_ms        selfbuild_oled.o
    0x00007d3a   0x0000003a   Code   RO         1291    i.LED_Fill          selfbuild_oled.o
    0x00007d74   0x00000050   Code   RO         1293    i.LED_P6x8Char      selfbuild_oled.o
    0x00007dc4   0x00000064   Code   RO         1294    i.LED_P6x8Str       selfbuild_oled.o
    0x00007e28   0x00000026   Code   RO         1302    i.LED_Set_Pos       selfbuild_oled.o
    0x00007e4e   0x00000050   Code   RO         1303    i.LED_WrCmd         selfbuild_oled.o
    0x00007e9e   0x00000050   Code   RO         1304    i.LED_WrDat         selfbuild_oled.o
    0x00007eee   0x000000b0   Code   RO         4546    i.MPU9250_Init      mpu9250.o
    0x00007f9e   0x00000050   Code   RO         4547    i.MPU_Get_Accelerometer  mpu9250.o
    0x00007fee   0x00000050   Code   RO         4548    i.MPU_Get_Gyroscope  mpu9250.o
    0x0000803e   0x00000060   Code   RO         4549    i.MPU_Get_Magnetometer  mpu9250.o
    0x0000809e   0x00000002   PAD
    0x000080a0   0x00000084   Code   RO         4550    i.MPU_Get_Temperature  mpu9250.o
    0x00008124   0x0000001a   Code   RO         4641    i.MPU_Init_ForUser  mpu_foruser.o
    0x0000813e   0x00000048   Code   RO         4551    i.MPU_Read_Byte     mpu9250.o
    0x00008186   0x00000074   Code   RO         4552    i.MPU_Read_Len      mpu9250.o
    0x000081fa   0x00000012   Code   RO         4553    i.MPU_Set_Accel_Fsr  mpu9250.o
    0x0000820c   0x00000012   Code   RO         4554    i.MPU_Set_Gyro_Fsr  mpu9250.o
    0x0000821e   0x0000003c   Code   RO         4555    i.MPU_Set_LPF       mpu9250.o
    0x0000825a   0x0000003c   Code   RO         4556    i.MPU_Set_Rate      mpu9250.o
    0x00008296   0x0000004c   Code   RO         4557    i.MPU_Write_Byte    mpu9250.o
    0x000082e2   0x00000060   Code   RO         4558    i.MPU_Write_Len     mpu9250.o
    0x00008342   0x00000002   PAD
    0x00008344   0x00000074   Code   RO         1632    i.MRT0_DriverIRQHandler  isr.o
    0x000083b8   0x0000006c   Code   RO          589    i.M_divider         lpc546xx_pll.o
    0x00008424   0x000000b8   Code   RO         1561    i.Menu_Data_Init    selfbuild_oledmenu.o
    0x000084dc   0x00000074   Code   RO         1562    i.Menu_HomePage_Show  selfbuild_oledmenu.o
    0x00008550   0x0000033c   Code   RO         1563    i.Menu_Init         selfbuild_oledmenu.o
    0x0000888c   0x00000130   Code   RO         1564    i.Menu_SubPage_Show  selfbuild_oledmenu.o
    0x000089bc   0x00000bf4   Code   RO         1565    i.Menu_Work         selfbuild_oledmenu.o
    0x000095b0   0x00000158   Code   RO         1231    i.Motor_PWM_Set     selfbuild_mecanum_ctrl.o
    0x00009708   0x00000058   Code   RO         4642    i.Mpu_Normalization  mpu_foruser.o
    0x00009760   0x00000002   Code   RO           13    i.NMI_Handler       system_lpc54606.o
    0x00009762   0x00000002   PAD
    0x00009764   0x00000018   Code   RO          257    i.NVIC_DisableIRQ   lpc546xx_flexcomm.o
    0x0000977c   0x00000016   Code   RO          258    i.NVIC_EnableIRQ    lpc546xx_flexcomm.o
    0x00009792   0x00000002   PAD
    0x00009794   0x00000070   Code   RO          590    i.N_divider         lpc546xx_pll.o
    0x00009804   0x0000008c   Code   RO         1305    i.OLED_Init         selfbuild_oled.o
    0x00009890   0x00000130   Code   RO         1306    i.OLED_P6x8Flo      selfbuild_oled.o
    0x000099c0   0x000000d8   Code   RO         1307    i.OLED_P6x8Int      selfbuild_oled.o
    0x00009a98   0x0000004c   Code   RO         1187    i.PID_Calcu         selfbuild_pid.o
    0x00009ae4   0x00000110   Code   RO         1188    i.PID_Dynam         selfbuild_pid.o
    0x00009bf4   0x0000006a   Code   RO         1189    i.PID_Incre         selfbuild_pid.o
    0x00009c5e   0x0000005e   Code   RO         1190    i.PID_Local         selfbuild_pid.o
    0x00009cbc   0x00000008   Code   RO         1633    i.PIN_INT7_DriverIRQHandler  isr.o
    0x00009cc4   0x00000064   Code   RO          591    i.P_divider         lpc546xx_pll.o
    0x00009d28   0x00000120   Code   RO         1634    i.RIT_DriverIRQHandler  isr.o
    0x00009e48   0x00000094   Code   RO         1040    i.Read_ButtSwitData  selfbuild_control.o
    0x00009edc   0x00000060   Code   RO         4643    i.Refresh_MPUTeam   mpu_foruser.o
    0x00009f3c   0x00000012   Code   RO         1308    i.SetAddressingMode  selfbuild_oled.o
    0x00009f4e   0x00000012   Code   RO         1310    i.SetContrastControl  selfbuild_oled.o
    0x00009f60   0x0000000e   Code   RO         1313    i.SetStartLine      selfbuild_oled.o
    0x00009f6e   0x00000014   Code   RO         1315    i.Set_Charge_Pump   selfbuild_oled.o
    0x00009f82   0x00000014   Code   RO         1316    i.Set_Common_Config  selfbuild_oled.o
    0x00009f96   0x0000000e   Code   RO         1317    i.Set_Common_Remap  selfbuild_oled.o
    0x00009fa4   0x00000012   Code   RO         1318    i.Set_Display_Clock  selfbuild_oled.o
    0x00009fb6   0x00000012   Code   RO         1319    i.Set_Display_Offset  selfbuild_oled.o
    0x00009fc8   0x0000000e   Code   RO         1320    i.Set_Display_On_Off  selfbuild_oled.o
    0x00009fd6   0x0000000e   Code   RO         1321    i.Set_Entire_Display  selfbuild_oled.o
    0x00009fe4   0x0000000e   Code   RO         1322    i.Set_Inverse_Display  selfbuild_oled.o
    0x00009ff2   0x00000012   Code   RO         1323    i.Set_Multiplex_Ratio  selfbuild_oled.o
    0x0000a004   0x00000012   Code   RO         1325    i.Set_Precharge_Period  selfbuild_oled.o
    0x0000a016   0x0000000e   Code   RO         1326    i.Set_Segment_Remap  selfbuild_oled.o
    0x0000a024   0x00000012   Code   RO         1327    i.Set_VCOMH         selfbuild_oled.o
    0x0000a036   0x00000002   PAD
    0x0000a038   0x00000038   Code   RO           14    i.SystemInit        system_lpc54606.o
    0x0000a070   0x00000124   Code   RO         1043    i.View_MPUddata     selfbuild_control.o
    0x0000a194   0x0000019c   Code   RO         1232    i.Wheel_Analysis    selfbuild_mecanum_ctrl.o
    0x0000a330   0x000001a0   Code   RO         1233    i.Wheel_Speed_Get_cm_s  selfbuild_mecanum_ctrl.o
    0x0000a4d0   0x000000a4   Code   RO         1234    i.Wheel_Speed_PID   selfbuild_mecanum_ctrl.o
    0x0000a574   0x000000ca   Code   RO         3042    i._MLPrintLog       log_stm32.o
    0x0000a63e   0x00000030   Code   RO         5382    i.__ARM_fpclassify  m_wm.l(fpclassify.o)
    0x0000a66e   0x00000026   Code   RO         5384    i.__ARM_fpclassifyf  m_wm.l(fpclassifyf.o)
    0x0000a694   0x00000118   Code   RO         5068    i.__hardfp_acosf    m_wm.l(acosf.o)
    0x0000a7ac   0x00000250   Code   RO         5132    i.__hardfp_atan2f   m_wm.l(atan2f.o)
    0x0000a9fc   0x00000004   PAD
    0x0000aa00   0x000000c8   Code   RO         5150    i.__hardfp_cos      m_wm.l(cos.o)
    0x0000aac8   0x00000150   Code   RO         5162    i.__hardfp_cosf     m_wm.l(cosf.o)
    0x0000ac18   0x00000014   Code   RO         5174    i.__hardfp_fabs     m_wm.l(fabs.o)
    0x0000ac2c   0x00000004   PAD
    0x0000ac30   0x000003c4   Code   RO         5186    i.__hardfp_log      m_wm.l(log.o)
    0x0000aff4   0x00000190   Code   RO         5226    i.__hardfp_sinf     m_wm.l(sinf.o)
    0x0000b184   0x0000003a   Code   RO         5250    i.__hardfp_sqrtf    m_wm.l(sqrtf.o)
    0x0000b1be   0x00000002   PAD
    0x0000b1c0   0x00000438   Code   RO         5403    i.__ieee754_rem_pio2  m_wm.l(rred.o)
    0x0000b5f8   0x00000170   Code   RO         5365    i.__kernel_cos      m_wm.l(cos_i.o)
    0x0000b768   0x000000f8   Code   RO         5400    i.__kernel_poly     m_wm.l(poly.o)
    0x0000b860   0x00000130   Code   RO         5411    i.__kernel_sin      m_wm.l(sin_i.o)
    0x0000b990   0x00000030   Code   RO         5368    i.__mathlib_dbl_divzero  m_wm.l(dunder.o)
    0x0000b9c0   0x00000014   Code   RO         5369    i.__mathlib_dbl_infnan  m_wm.l(dunder.o)
    0x0000b9d4   0x00000004   PAD
    0x0000b9d8   0x00000020   Code   RO         5371    i.__mathlib_dbl_invalid  m_wm.l(dunder.o)
    0x0000b9f8   0x00000020   Code   RO         5374    i.__mathlib_dbl_underflow  m_wm.l(dunder.o)
    0x0000ba18   0x00000006   Code   RO         5387    i.__mathlib_flt_infnan  m_wm.l(funder.o)
    0x0000ba1e   0x00000006   Code   RO         5388    i.__mathlib_flt_infnan2  m_wm.l(funder.o)
    0x0000ba24   0x00000010   Code   RO         5389    i.__mathlib_flt_invalid  m_wm.l(funder.o)
    0x0000ba34   0x00000010   Code   RO         5392    i.__mathlib_flt_underflow  m_wm.l(funder.o)
    0x0000ba44   0x00000154   Code   RO         5408    i.__mathlib_rredf2  m_wm.l(rredf.o)
    0x0000bb98   0x00000034   Code   RO         4128    i.__print_result_location  mpl.o
    0x0000bbcc   0x0000000e   Code   RO         4943    i._is_digit         c_w.l(__printf_wp.o)
    0x0000bbda   0x00000002   PAD
    0x0000bbdc   0x00000614   Code   RO         2383    i.accel_6500_self_test  inv_mpu.o
    0x0000c1f0   0x00000010   Code   RO         5070    i.acosf             m_wm.l(acosf.o)
    0x0000c200   0x00000018   Code   RO          931    i.assert_failed     assert.o
    0x0000c218   0x0000014c   Code   RO         2384    i.compass_self_test  inv_mpu.o
    0x0000c364   0x00000010   Code   RO         5152    i.cos               m_wm.l(cos.o)
    0x0000c374   0x00000010   Code   RO         5164    i.cosf              m_wm.l(cosf.o)
    0x0000c384   0x00000078   Code   RO          144    i.ctimer_clock      lpc546xx_ctimer.o
    0x0000c3fc   0x0000001c   Code   RO          145    i.ctimer_count_clean  lpc546xx_ctimer.o
    0x0000c418   0x000000a8   Code   RO          146    i.ctimer_count_init  lpc546xx_ctimer.o
    0x0000c4c0   0x0000001c   Code   RO          147    i.ctimer_count_read  lpc546xx_ctimer.o
    0x0000c4dc   0x0000018e   Code   RO          148    i.ctimer_countmux   lpc546xx_ctimer.o
    0x0000c66a   0x00000002   PAD
    0x0000c66c   0x00000114   Code   RO          149    i.ctimer_pwm_duty   lpc546xx_ctimer.o
    0x0000c780   0x000001d0   Code   RO          151    i.ctimer_pwm_init   lpc546xx_ctimer.o
    0x0000c950   0x000001ee   Code   RO          152    i.ctimer_pwmmux     lpc546xx_ctimer.o
    0x0000cb3e   0x00000002   PAD
    0x0000cb40   0x00000064   Code   RO         2854    i.decode_gesture    inv_mpu_dmp_motion_driver.o
    0x0000cba4   0x0000005c   Code   RO         2013    i.dma_reload_linked  seekfree_mt9v032.o
    0x0000cc00   0x0000003c   Code   RO         2855    i.dmp_enable_6x_lp_quat  inv_mpu_dmp_motion_driver.o
    0x0000cc3c   0x0000021c   Code   RO         2856    i.dmp_enable_feature  inv_mpu_dmp_motion_driver.o
    0x0000ce58   0x00000058   Code   RO         2857    i.dmp_enable_gyro_cal  inv_mpu_dmp_motion_driver.o
    0x0000ceb0   0x0000003c   Code   RO         2858    i.dmp_enable_lp_quat  inv_mpu_dmp_motion_driver.o
    0x0000ceec   0x00000018   Code   RO         2863    i.dmp_load_motion_driver_firmware  inv_mpu_dmp_motion_driver.o
    0x0000cf04   0x000001cc   Code   RO         2864    i.dmp_read_fifo     inv_mpu_dmp_motion_driver.o
    0x0000d0d0   0x00000130   Code   RO         2867    i.dmp_set_accel_bias  inv_mpu_dmp_motion_driver.o
    0x0000d200   0x00000070   Code   RO         2868    i.dmp_set_fifo_rate  inv_mpu_dmp_motion_driver.o
    0x0000d270   0x00000130   Code   RO         2869    i.dmp_set_gyro_bias  inv_mpu_dmp_motion_driver.o
    0x0000d3a0   0x00000138   Code   RO         2871    i.dmp_set_orientation  inv_mpu_dmp_motion_driver.o
    0x0000d4d8   0x00000038   Code   RO         2874    i.dmp_set_shake_reject_thresh  inv_mpu_dmp_motion_driver.o
    0x0000d510   0x00000026   Code   RO         2875    i.dmp_set_shake_reject_time  inv_mpu_dmp_motion_driver.o
    0x0000d536   0x00000026   Code   RO         2876    i.dmp_set_shake_reject_timeout  inv_mpu_dmp_motion_driver.o
    0x0000d55c   0x00000046   Code   RO         2877    i.dmp_set_tap_axes  inv_mpu_dmp_motion_driver.o
    0x0000d5a2   0x00000026   Code   RO         2878    i.dmp_set_tap_count  inv_mpu_dmp_motion_driver.o
    0x0000d5c8   0x000001c0   Code   RO         2879    i.dmp_set_tap_thresh  inv_mpu_dmp_motion_driver.o
    0x0000d788   0x00000026   Code   RO         2880    i.dmp_set_tap_time  inv_mpu_dmp_motion_driver.o
    0x0000d7ae   0x00000026   Code   RO         2881    i.dmp_set_tap_time_multi  inv_mpu_dmp_motion_driver.o
    0x0000d7d4   0x0000007c   Code   RO          896    i.eeprom_init       lpc546xx_eeprom.o
    0x0000d850   0x00000018   Code   RO         5176    i.fabs              m_wm.l(fabs.o)
    0x0000d868   0x0000001a   Code   RO          592    i.findPllMMult      lpc546xx_pll.o
    0x0000d882   0x00000020   Code   RO          593    i.findPllPostDiv    lpc546xx_pll.o
    0x0000d8a2   0x00000020   Code   RO          594    i.findPllPreDiv     lpc546xx_pll.o
    0x0000d8c2   0x00000002   PAD
    0x0000d8c4   0x000000fc   Code   RO          259    i.flexcomm_clk_enable  lpc546xx_flexcomm.o
    0x0000d9c0   0x0000000c   Code   RO          260    i.flexcomm_get_clk  lpc546xx_flexcomm.o
    0x0000d9cc   0x00000038   Code   RO          261    i.flexcomm_irq      lpc546xx_flexcomm.o
    0x0000da04   0x0000001a   Code   RO         4957    i.fputc             c_w.l(fputc.o)
    0x0000da1e   0x00000002   PAD
    0x0000da20   0x0000006c   Code   RO          595    i.get_clk           lpc546xx_pll.o
    0x0000da8c   0x00000670   Code   RO         2385    i.get_st_6500_biases  inv_mpu.o
    0x0000e0fc   0x00000070   Code   RO          357    i.gpio_dir          lpc546xx_gpio.o
    0x0000e16c   0x00000018   Code   RO          358    i.gpio_get          lpc546xx_gpio.o
    0x0000e184   0x000000c8   Code   RO          359    i.gpio_init         lpc546xx_gpio.o
    0x0000e24c   0x00000030   Code   RO          361    i.gpio_set          lpc546xx_gpio.o
    0x0000e27c   0x000005bc   Code   RO         2387    i.gyro_6500_self_test  inv_mpu.o
    0x0000e838   0x0000006a   Code   RO         3174    i.inv_apply_calibration  data_builder.o
    0x0000e8a2   0x00000002   PAD
    0x0000e8a4   0x0000008c   Code   RO         3175    i.inv_build_accel   data_builder.o
    0x0000e930   0x000000b0   Code   RO         3176    i.inv_build_compass  data_builder.o
    0x0000e9e0   0x00000038   Code   RO         3177    i.inv_build_gyro    data_builder.o
    0x0000ea18   0x0000002c   Code   RO         3179    i.inv_build_temp    data_builder.o
    0x0000ea44   0x000000b0   Code   RO         3771    i.inv_compass_angle  ml_math_func.o
    0x0000eaf4   0x00000072   Code   RO         3773    i.inv_convert_to_body_with_scale  ml_math_func.o
    0x0000eb66   0x00000002   PAD
    0x0000eb68   0x00000050   Code   RO         3181    i.inv_db_load_func  data_builder.o
    0x0000ebb8   0x00000018   Code   RO         3182    i.inv_db_save_func  data_builder.o
    0x0000ebd0   0x00000010   Code   RO         3183    i.inv_disable_compass_soft_iron_matrix  data_builder.o
    0x0000ebe0   0x0000001c   Code   RO         3080    i.inv_enable_eMPL_outputs  empl_outputs.o
    0x0000ebfc   0x00000020   Code   RO         4169    i.inv_enable_results_holder  results_holder.o
    0x0000ec1c   0x0000002c   Code   RO         4404    i.inv_execute_mpl_start_notification  start_manager.o
    0x0000ec48   0x000000a0   Code   RO         3185    i.inv_execute_on_data  data_builder.o
    0x0000ece8   0x000000f0   Code   RO         3081    i.inv_generate_eMPL_outputs  empl_outputs.o
    0x0000edd8   0x00000010   Code   RO         4170    i.inv_generate_results  results_holder.o
    0x0000ede8   0x00000018   Code   RO         4171    i.inv_get_6axis_quaternion  results_holder.o
    0x0000ee00   0x0000000c   Code   RO         4172    i.inv_get_acc_state  results_holder.o
    0x0000ee0c   0x0000000c   Code   RO         3186    i.inv_get_accel_accuracy  data_builder.o
    0x0000ee18   0x00000010   Code   RO         3188    i.inv_get_accel_on  data_builder.o
    0x0000ee28   0x0000002c   Code   RO         3192    i.inv_get_accel_set  data_builder.o
    0x0000ee54   0x00000018   Code   RO         3193    i.inv_get_compass_bias  data_builder.o
    0x0000ee6c   0x00000018   Code   RO         4176    i.inv_get_compass_correction  results_holder.o
    0x0000ee84   0x00000010   Code   RO         3195    i.inv_get_compass_on  data_builder.o
    0x0000ee94   0x0000001c   Code   RO         3202    i.inv_get_compass_soft_iron_output_data  data_builder.o
    0x0000eeb0   0x0000000c   Code   RO         4177    i.inv_get_compass_state  results_holder.o
    0x0000eebc   0x00000060   Code   RO         4178    i.inv_get_gravity   results_holder.o
    0x0000ef1c   0x00000010   Code   RO         3203    i.inv_get_gyro      data_builder.o
    0x0000ef2c   0x0000000c   Code   RO         3204    i.inv_get_gyro_accuracy  data_builder.o
    0x0000ef38   0x00000024   Code   RO         3205    i.inv_get_gyro_bias  data_builder.o
    0x0000ef5c   0x00000020   Code   RO         3206    i.inv_get_gyro_bias_tc_set  data_builder.o
    0x0000ef7c   0x00000010   Code   RO         3207    i.inv_get_gyro_on   data_builder.o
    0x0000ef8c   0x0000001c   Code   RO         3777    i.inv_get_gyro_sum_of_sqr  ml_math_func.o
    0x0000efa8   0x0000000c   Code   RO         4181    i.inv_get_large_mag_field  results_holder.o
    0x0000efb4   0x00000068   Code   RO         3213    i.inv_get_last_timestamp  data_builder.o
    0x0000f01c   0x0000003c   Code   RO         4182    i.inv_get_linear_accel  results_holder.o
    0x0000f058   0x00000044   Code   RO         4183    i.inv_get_linear_accel_float  results_holder.o
    0x0000f09c   0x00000010   Code   RO         4184    i.inv_get_local_field  results_holder.o
    0x0000f0ac   0x0000001c   Code   RO         3214    i.inv_get_mag_accuracy  data_builder.o
    0x0000f0c8   0x00000014   Code   RO         4186    i.inv_get_motion_state  results_holder.o
    0x0000f0dc   0x0000003c   Code   RO         4187    i.inv_get_quaternion  results_holder.o
    0x0000f118   0x00000044   Code   RO         4189    i.inv_get_quaternion_set  results_holder.o
    0x0000f15c   0x00000268   Code   RO         3084    i.inv_get_sensor_type_euler  empl_outputs.o
    0x0000f3c4   0x00000070   Code   RO         3638    i.inv_get_sensor_type_gravity  hal_outputs.o
    0x0000f434   0x0000000c   Code   RO         4191    i.inv_got_compass_bias  results_holder.o
    0x0000f440   0x0000003c   Code   RO         3217    i.inv_init_data_builder  data_builder.o
    0x0000f47c   0x00000014   Code   RO         3089    i.inv_init_eMPL_outputs  empl_outputs.o
    0x0000f490   0x00000088   Code   RO         4130    i.inv_init_mpl      mpl.o
    0x0000f518   0x0000003c   Code   RO         4192    i.inv_init_results_holder  results_holder.o
    0x0000f554   0x00000014   Code   RO         4405    i.inv_init_start_manager  start_manager.o
    0x0000f568   0x00000018   Code   RO         4438    i.inv_init_storage_manager  storage_manager.o
    0x0000f580   0x00000028   Code   RO         3786    i.inv_orientation_matrix_to_scalar  ml_math_func.o
    0x0000f5a8   0x00000012   Code   RO         3787    i.inv_q29_mult      ml_math_func.o
    0x0000f5ba   0x00000012   Code   RO         3789    i.inv_q30_mult      ml_math_func.o
    0x0000f5cc   0x00000018   Code   RO         3791    i.inv_q30_to_float  ml_math_func.o
    0x0000f5e4   0x00000024   Code   RO         3792    i.inv_q_add         ml_math_func.o
    0x0000f608   0x00000042   Code   RO         3793    i.inv_q_addf        ml_math_func.o
    0x0000f64a   0x00000018   Code   RO         3794    i.inv_q_invert      ml_math_func.o
    0x0000f662   0x0000002e   Code   RO         3795    i.inv_q_invertf     ml_math_func.o
    0x0000f690   0x000000b2   Code   RO         3796    i.inv_q_mult        ml_math_func.o
    0x0000f742   0x000000d2   Code   RO         3797    i.inv_q_multf       ml_math_func.o
    0x0000f814   0x000000a8   Code   RO         3798    i.inv_q_norm4       ml_math_func.o
    0x0000f8bc   0x00000134   Code   RO         3800    i.inv_q_normalizef  ml_math_func.o
    0x0000f9f0   0x00000042   Code   RO         3801    i.inv_q_rotate      ml_math_func.o
    0x0000fa32   0x000000da   Code   RO         3803    i.inv_quaternion_to_rotation  ml_math_func.o
    0x0000fb0c   0x000000f8   Code   RO         3220    i.inv_register_data_cb  data_builder.o
    0x0000fc04   0x00000090   Code   RO         4440    i.inv_register_load_store  storage_manager.o
    0x0000fc94   0x0000002c   Code   RO         4406    i.inv_register_mpl_start_notification  start_manager.o
    0x0000fcc0   0x00000058   Code   RO         3221    i.inv_reset_compass_soft_iron_matrix  data_builder.o
    0x0000fd18   0x0000004e   Code   RO         3805    i.inv_row_2_scale   ml_math_func.o
    0x0000fd66   0x00000002   PAD
    0x0000fd68   0x00000024   Code   RO         3222    i.inv_set_accel_accuracy  data_builder.o
    0x0000fd8c   0x0000000c   Code   RO         4195    i.inv_set_accel_bias_found  results_holder.o
    0x0000fd98   0x00000060   Code   RO         3225    i.inv_set_accel_bias_mask  data_builder.o
    0x0000fdf8   0x00000018   Code   RO         3226    i.inv_set_accel_orientation_and_scale  data_builder.o
    0x0000fe10   0x0000002c   Code   RO         3227    i.inv_set_accel_sample_rate  data_builder.o
    0x0000fe3c   0x0000004c   Code   RO         3229    i.inv_set_compass_bias  data_builder.o
    0x0000fe88   0x00000014   Code   RO         4196    i.inv_set_compass_bias_error  results_holder.o
    0x0000fe9c   0x0000000c   Code   RO         4197    i.inv_set_compass_bias_found  results_holder.o
    0x0000fea8   0x00000024   Code   RO         4198    i.inv_set_compass_correction  results_holder.o
    0x0000fecc   0x0000000c   Code   RO         3230    i.inv_set_compass_disturbance  data_builder.o
    0x0000fed8   0x00000018   Code   RO         3231    i.inv_set_compass_orientation_and_scale  data_builder.o
    0x0000fef0   0x00000030   Code   RO         3232    i.inv_set_compass_sample_rate  data_builder.o
    0x0000ff20   0x00000054   Code   RO         3233    i.inv_set_compass_soft_iron_input_data  data_builder.o
    0x0000ff74   0x0000000c   Code   RO         4199    i.inv_set_compass_state  results_holder.o
    0x0000ff80   0x00000120   Code   RO         3236    i.inv_set_contiguous  data_builder.o
    0x000100a0   0x00000074   Code   RO         3238    i.inv_set_gyro_bias  data_builder.o
    0x00010114   0x00000018   Code   RO         3239    i.inv_set_gyro_orientation_and_scale  data_builder.o
    0x0001012c   0x00000028   Code   RO         3240    i.inv_set_gyro_sample_rate  data_builder.o
    0x00010154   0x0000001c   Code   RO         3746    i.inv_set_message   message_layer.o
    0x00010170   0x00000050   Code   RO         4204    i.inv_set_motion_state  results_holder.o
    0x000101c0   0x00000014   Code   RO         3090    i.inv_start_eMPL_outputs  empl_outputs.o
    0x000101d4   0x00000044   Code   RO         4131    i.inv_start_mpl     mpl.o
    0x00010218   0x00000018   Code   RO         4205    i.inv_start_results_holder  results_holder.o
    0x00010230   0x00000024   Code   RO         4206    i.inv_store_gaming_quaternion  results_holder.o
    0x00010254   0x00000064   Code   RO         3243    i.inv_unregister_data_cb  data_builder.o
    0x000102b8   0x00000060   Code   RO         4407    i.inv_unregister_mpl_start_notification  start_manager.o
    0x00010318   0x00000064   Code   RO          457    i.iocon_init        lpc546xx_iocon.o
    0x0001037c   0x00000010   Code   RO         5188    i.log               m_wm.l(log.o)
    0x0001038c   0x0000000c   Code   RO         1682    i.main              main.o
    0x00010398   0x00000002   Code   RO         2389    i.mget_ms           inv_mpu.o
    0x0001039a   0x0000003e   Code   RO         3810    i.mlMatrixVectorMult  ml_math_func.o
    0x000103d8   0x00000070   Code   RO         2390    i.mpu_configure_fifo  inv_mpu.o
    0x00010448   0x00000164   Code   RO         2392    i.mpu_dmp_init      inv_mpu.o
    0x000105ac   0x0000004c   Code   RO         2393    i.mpu_get_accel_fsr  inv_mpu.o
    0x000105f8   0x00000054   Code   RO         2395    i.mpu_get_accel_sens  inv_mpu.o
    0x0001064c   0x00000014   Code   RO         2396    i.mpu_get_compass_fsr  inv_mpu.o
    0x00010660   0x000000d0   Code   RO         2397    i.mpu_get_compass_reg  inv_mpu.o
    0x00010730   0x00000010   Code   RO         2400    i.mpu_get_fifo_config  inv_mpu.o
    0x00010740   0x00000044   Code   RO         2401    i.mpu_get_gyro_fsr  inv_mpu.o
    0x00010784   0x00000060   Code   RO         2403    i.mpu_get_gyro_sens  inv_mpu.o
    0x000107e4   0x00000050   Code   RO         2405    i.mpu_get_lpf       inv_mpu.o
    0x00010834   0x00000020   Code   RO         2407    i.mpu_get_sample_rate  inv_mpu.o
    0x00010854   0x0000009c   Code   RO         2408    i.mpu_get_temperature  inv_mpu.o
    0x000108f0   0x0000012c   Code   RO         2409    i.mpu_init          inv_mpu.o
    0x00010a1c   0x000000b8   Code   RO         2410    i.mpu_load_firmware  inv_mpu.o
    0x00010ad4   0x0000011c   Code   RO         2411    i.mpu_lp_accel_mode  inv_mpu.o
    0x00010bf0   0x000000f0   Code   RO         2413    i.mpu_mpl_get_data  inv_mpu.o
    0x00010ce0   0x000000c0   Code   RO         2418    i.mpu_read_fifo_stream  inv_mpu.o
    0x00010da0   0x00000080   Code   RO         2419    i.mpu_read_mem      inv_mpu.o
    0x00010e20   0x000001c8   Code   RO         2422    i.mpu_reset_fifo    inv_mpu.o
    0x00010fe8   0x0000029c   Code   RO         2423    i.mpu_run_6500_self_test  inv_mpu.o
    0x00011284   0x00000084   Code   RO         2427    i.mpu_set_accel_fsr  inv_mpu.o
    0x00011308   0x0000014c   Code   RO         2428    i.mpu_set_bypass    inv_mpu.o
    0x00011454   0x00000060   Code   RO         2429    i.mpu_set_compass_sample_rate  inv_mpu.o
    0x000114b4   0x00000090   Code   RO         2430    i.mpu_set_dmp_state  inv_mpu.o
    0x00011544   0x00000088   Code   RO         2432    i.mpu_set_gyro_fsr  inv_mpu.o
    0x000115cc   0x0000006c   Code   RO         2433    i.mpu_set_int_latched  inv_mpu.o
    0x00011638   0x00000084   Code   RO         2435    i.mpu_set_lpf       inv_mpu.o
    0x000116bc   0x000000b4   Code   RO         2436    i.mpu_set_sample_rate  inv_mpu.o
    0x00011770   0x00000168   Code   RO         2437    i.mpu_set_sensors   inv_mpu.o
    0x000118d8   0x00000080   Code   RO         2438    i.mpu_write_mem     inv_mpu.o
    0x00011958   0x00000050   Code   RO         2016    i.mt9v032_cof_uart_interrupt  seekfree_mt9v032.o
    0x000119a8   0x00000020   Code   RO         2017    i.mt9v032_dma       seekfree_mt9v032.o
    0x000119c8   0x00000034   Code   RO         2018    i.mt9v032_vsync     seekfree_mt9v032.o
    0x000119fc   0x00000088   Code   RO          898    i.my_eeprom_write_word  lpc546xx_eeprom.o
    0x00011a84   0x0000000e   Code   RO         1814    i.myabs             seekfree_fun.o
    0x00011a92   0x00000088   Code   RO          997    i.number_conversion_ascii  seekfree_printf.o
    0x00011b1a   0x00000002   PAD
    0x00011b1c   0x00000054   Code   RO          536    i.pit_init          lpc546xx_pit.o
    0x00011b70   0x0000005a   Code   RO          596    i.pllDecodeM        lpc546xx_pll.o
    0x00011bca   0x0000005c   Code   RO          597    i.pllDecodeN        lpc546xx_pll.o
    0x00011c26   0x0000004e   Code   RO          598    i.pllDecodeP        lpc546xx_pll.o
    0x00011c74   0x00000088   Code   RO          599    i.pll_init          lpc546xx_pll.o
    0x00011cfc   0x00000284   Code   RO          998    i.printf            seekfree_printf.o
    0x00011f80   0x00000022   Code   RO          999    i.printf_reverse_order  seekfree_printf.o
    0x00011fa2   0x0000009c   Code   RO         2439    i.run_self_test     inv_mpu.o
    0x0001203e   0x00000002   PAD
    0x00012040   0x000000a8   Code   RO          677    i.sct_pwm_duty      lpc546xx_sct.o
    0x000120e8   0x000001e0   Code   RO          678    i.sct_pwm_init      lpc546xx_sct.o
    0x000122c8   0x000001ca   Code   RO          679    i.sct_pwm_mux       lpc546xx_sct.o
    0x00012492   0x00000002   PAD
    0x00012494   0x00000090   Code   RO         2440    i.set_int_enable    inv_mpu.o
    0x00012524   0x00000006   Code   RO         3244    i.set_sensor_orientation_and_scale  data_builder.o
    0x0001252a   0x00000002   PAD
    0x0001252c   0x00000254   Code   RO         2441    i.setup_compass     inv_mpu.o
    0x00012780   0x00000010   Code   RO         5228    i.sinf              m_wm.l(sinf.o)
    0x00012790   0x0000006e   Code   RO         5240    i.sqrt              m_wm.l(sqrt.o)
    0x000127fe   0x0000003e   Code   RO         5252    i.sqrtf             m_wm.l(sqrtf.o)
    0x0001283c   0x00000060   Code   RO          784    i.systick_delay     lpc546xx_systick.o
    0x0001289c   0x00000024   Code   RO          785    i.systick_delay_ms  lpc546xx_systick.o
    0x000128c0   0x00000028   Code   RO          822    i.uart_getchar      lpc546xx_uart.o
    0x000128e8   0x00000150   Code   RO          823    i.uart_init         lpc546xx_uart.o
    0x00012a38   0x00000304   Code   RO          824    i.uart_mux          lpc546xx_uart.o
    0x00012d3c   0x0000001e   Code   RO          825    i.uart_putbuff      lpc546xx_uart.o
    0x00012d5a   0x00000002   PAD
    0x00012d5c   0x00000024   Code   RO          826    i.uart_putchar      lpc546xx_uart.o
    0x00012d80   0x0000002c   Code   RO          828    i.uart_query        lpc546xx_uart.o
    0x00012dac   0x00000078   Code   RO          829    i.uart_rx_irq       lpc546xx_uart.o
    0x00012e24   0x0000007c   Code   RO          600    i.write_syspllctrl  lpc546xx_pll.o
    0x00012ea0   0x0000002c   Code   RO         5554    locale$$code        c_w.l(lc_numeric_c.o)
    0x00012ecc   0x0000002c   Code   RO         5702    locale$$code        c_w.l(lc_ctype_c.o)
    0x00012ef8   0x00000018   Code   RO         4980    x$fpl$basic         fz_wm.l(basic.o)
    0x00012f10   0x00000062   Code   RO         4982    x$fpl$d2f           fz_wm.l(d2f.o)
    0x00012f72   0x00000002   PAD
    0x00012f74   0x00000150   Code   RO         4984    x$fpl$dadd          fz_wm.l(daddsub_clz.o)
    0x000130c4   0x00000010   Code   RO         5340    x$fpl$dcheck1       fz_wm.l(dcheck1.o)
    0x000130d4   0x00000018   Code   RO         5342    x$fpl$dcmpinf       fz_wm.l(dcmpi.o)
    0x000130ec   0x000002b0   Code   RO         4991    x$fpl$ddiv          fz_wm.l(ddiv.o)
    0x0001339c   0x00000078   Code   RO         4994    x$fpl$deqf          fz_wm.l(deqf.o)
    0x00013414   0x0000005e   Code   RO         4996    x$fpl$dfix          fz_wm.l(dfix.o)
    0x00013472   0x00000002   PAD
    0x00013474   0x0000005a   Code   RO         5000    x$fpl$dfixu         fz_wm.l(dfixu.o)
    0x000134ce   0x0000002e   Code   RO         5005    x$fpl$dflt          fz_wm.l(dflt_clz.o)
    0x000134fc   0x00000026   Code   RO         5004    x$fpl$dfltu         fz_wm.l(dflt_clz.o)
    0x00013522   0x00000002   PAD
    0x00013524   0x00000078   Code   RO         5010    x$fpl$dleqf         fz_wm.l(dleqf.o)
    0x0001359c   0x00000154   Code   RO         5012    x$fpl$dmul          fz_wm.l(dmul.o)
    0x000136f0   0x0000009c   Code   RO         5344    x$fpl$dnaninf       fz_wm.l(dnaninf.o)
    0x0001378c   0x0000000c   Code   RO         5346    x$fpl$dretinf       fz_wm.l(dretinf.o)
    0x00013798   0x0000006c   Code   RO         5014    x$fpl$drleqf        fz_wm.l(drleqf.o)
    0x00013804   0x00000016   Code   RO         4985    x$fpl$drsb          fz_wm.l(daddsub_clz.o)
    0x0001381a   0x00000002   PAD
    0x0001381c   0x00000198   Code   RO         5348    x$fpl$dsqrt         fz_wm.l(dsqrt_umaal.o)
    0x000139b4   0x000001d4   Code   RO         4986    x$fpl$dsub          fz_wm.l(daddsub_clz.o)
    0x00013b88   0x00000056   Code   RO         5016    x$fpl$f2d           fz_wm.l(f2d.o)
    0x00013bde   0x00000012   Code   RO         5018    x$fpl$fadd          fz_wm.l(faddsub_clz.o)
    0x00013bf0   0x0000000c   Code   RO         5350    x$fpl$fcheck1       fz_wm.l(fcheck1.o)
    0x00013bfc   0x00000018   Code   RO         5352    x$fpl$fcmpinf       fz_wm.l(fcmpi.o)
    0x00013c14   0x00000012   Code   RO         5024    x$fpl$fdiv          fz_wm.l(fdiv.o)
    0x00013c26   0x0000000e   Code   RO         5028    x$fpl$ffix          fz_wm.l(ffix.o)
    0x00013c34   0x0000000e   Code   RO         5037    x$fpl$fflt          fz_wm.l(fflt_clz.o)
    0x00013c42   0x00000060   Code   RO         5040    x$fpl$ffltll        fz_wm.l(ffltll_clz.o)
    0x00013ca2   0x0000000e   Code   RO         5036    x$fpl$ffltu         fz_wm.l(fflt_clz.o)
    0x00013cb0   0x00000030   Code   RO         5042    x$fpl$fleqf         fz_wm.l(fleqf.o)
    0x00013ce0   0x00000012   Code   RO         5044    x$fpl$fmul          fz_wm.l(fmul.o)
    0x00013cf2   0x0000008c   Code   RO         5354    x$fpl$fnaninf       fz_wm.l(fnaninf.o)
    0x00013d7e   0x0000000a   Code   RO         5717    x$fpl$fpinit        fz_wm.l(fpinit.o)
    0x00013d88   0x0000000a   Code   RO         5356    x$fpl$fretinf       fz_wm.l(fretinf.o)
    0x00013d92   0x00000028   Code   RO         5046    x$fpl$frleqf        fz_wm.l(frleqf.o)
    0x00013dba   0x00000012   Code   RO         5019    x$fpl$fsub          fz_wm.l(faddsub_clz.o)
    0x00013dcc   0x00000086   Code   RO         5032    x$fpl$llsfromf      fz_wm.l(ffixll.o)
    0x00013e52   0x00000004   Code   RO         5048    x$fpl$printf1       fz_wm.l(printf1.o)
    0x00013e56   0x00000004   Code   RO         5358    x$fpl$printf2       fz_wm.l(printf2.o)
    0x00013e5a   0x00000064   Code   RO         5560    x$fpl$retnan        fz_wm.l(retnan.o)
    0x00013ebe   0x0000005c   Code   RO         5050    x$fpl$scalbn        fz_wm.l(scalbn.o)
    0x00013f1a   0x0000004c   Code   RO         5052    x$fpl$scalbnf       fz_wm.l(scalbnf.o)
    0x00013f66   0x00000030   Code   RO         5680    x$fpl$trapveneer    fz_wm.l(trapv.o)
    0x00013f96   0x00000000   Code   RO         5364    x$fpl$usenofp       fz_wm.l(usenofp.o)
    0x00013f96   0x00000002   PAD
    0x00013f98   0x00000028   Data   RO          153    .constdata          lpc546xx_ctimer.o
    0x00013fc0   0x00000028   Data   RO          683    .constdata          lpc546xx_sct.o
    0x00013fe8   0x00000032   Data   RO          932    .constdata          assert.o
    0x0001401a   0x00000891   Data   RO         1329    .constdata          selfbuild_oled.o
    0x000148ab   0x00000001   PAD
    0x000148ac   0x00000268   Data   RO         2442    .constdata          inv_mpu.o
    0x00014b14   0x00000bf6   Data   RO         2883    .constdata          inv_mpu_dmp_motion_driver.o
    0x0001570a   0x0000002f   Data   RO         4132    .constdata          mpl.o
    0x00015739   0x00000011   Data   RO         4951    .constdata          c_w.l(__printf_flags_ss_wp.o)
    0x0001574a   0x00000006   PAD
    0x00015750   0x00000038   Data   RO         5189    .constdata          m_wm.l(log.o)
    0x00015788   0x00000008   Data   RO         5284    .constdata          c_w.l(_printf_wctomb.o)
    0x00015790   0x00000028   Data   RO         5313    .constdata          c_w.l(_printf_hex_int_ll_ptr.o)
    0x000157b8   0x00000030   Data   RO         5366    .constdata          m_wm.l(cos_i.o)
    0x000157e8   0x00000008   Data   RO         5402    .constdata          m_wm.l(qnan.o)
    0x000157f0   0x000000c8   Data   RO         5405    .constdata          m_wm.l(rred.o)
    0x000158b8   0x00000020   Data   RO         5409    .constdata          m_wm.l(rredf.o)
    0x000158d8   0x00000028   Data   RO         5412    .constdata          m_wm.l(sin_i.o)
    0x00015900   0x00000026   Data   RO         5510    .constdata          c_w.l(_printf_fp_hex.o)
    0x00015926   0x00000002   PAD
    0x00015928   0x00000094   Data   RO         5521    .constdata          c_w.l(bigflt0.o)
    0x000159bc   0x00000009   Data   RO         2443    .conststring        inv_mpu.o
    0x000159c5   0x00000003   PAD
    0x000159c8   0x00000044   Data   RO         3246    .conststring        data_builder.o
    0x00015a0c   0x00000020   Data   RO         5803    Region$$Table       anon$$obj.o
    0x00015a2c   0x0000001c   Data   RO         5553    locale$$data        c_w.l(lc_numeric_c.o)
    0x00015a48   0x00000110   Data   RO         5701    locale$$data        c_w.l(lc_ctype_c.o)


    Execution Region RW_IRAM1 (Base: 0x20000000, Size: 0x0000a7d8, Max: 0x00028000, ABSOLUTE, COMPRESSED[0x000000c4])

    Base Addr    Size         Type   Attr      Idx    E Section Name        Object

    0x20000000   0x00000014   Data   RW          154    .data               lpc546xx_ctimer.o
    0x20000014   0x00000028   Data   RW          262    .data               lpc546xx_flexcomm.o
    0x2000003c   0x00000002   Data   RW          601    .data               lpc546xx_pll.o
    0x2000003e   0x00000002   PAD
    0x20000040   0x00000028   Data   RW          831    .data               lpc546xx_uart.o
    0x20000068   0x00000024   Data   RW         1045    .data               selfbuild_control.o
    0x2000008c   0x0000001d   Data   RW         1237    .data               selfbuild_mecanum_ctrl.o
    0x200000a9   0x00000001   PAD
    0x200000aa   0x0000000a   Data   RW         1567    .data               selfbuild_oledmenu.o
    0x200000b4   0x00000005   Data   RW         1635    .data               isr.o
    0x200000b9   0x00000001   PAD
    0x200000ba   0x0000004b   Data   RW         2023    .data               seekfree_mt9v032.o
    0x20000105   0x00000003   PAD
    0x20000108   0x0000004e   Data   RW         2444    .data               inv_mpu.o
    0x20000156   0x00000002   PAD
    0x20000158   0x00000004   Data   RW         3747    .data               message_layer.o
    0x2000015c   0x00000010   Data   RW         4685    .data               libmpllib.lib(compass_vec_cal.o)
    0x2000016c   0x00000094   PAD
    0x20000200   0x000001e0   Zero   RW          221    .bss                lpc546xx_dma.o
    0x200003e0   0x00000092   Zero   RW         1044    .bss                selfbuild_control.o
    0x20000472   0x00000002   PAD
    0x20000474   0x00000090   Zero   RW         1191    .bss                selfbuild_pid.o
    0x20000504   0x00000004   PAD
    0x20000508   0x00000130   Zero   RW         1236    .bss                selfbuild_mecanum_ctrl.o
    0x20000638   0x00000298   Zero   RW         1566    .bss                selfbuild_oledmenu.o
    0x200008d0   0x00005820   Zero   RW         2022    .bss                seekfree_mt9v032.o
    0x200060f0   0x00000010   Zero   RW         2882    .bss                inv_mpu_dmp_motion_driver.o
    0x20006100   0x00000028   Zero   RW         3092    .bss                empl_outputs.o
    0x20006128   0x000002d8   Zero   RW         3245    .bss                data_builder.o
    0x20006400   0x000000c4   Zero   RW         3648    .bss                hal_outputs.o
    0x200064c4   0x00000088   Zero   RW         4207    .bss                results_holder.o
    0x2000654c   0x00000054   Zero   RW         4408    .bss                start_manager.o
    0x200065a0   0x00000198   Zero   RW         4442    .bss                storage_manager.o
    0x20006738   0x00000068   Zero   RW         4645    .bss                mpu_foruser.o
    0x200067a0   0x00000460   Zero   RW         4684    .bss                libmpllib.lib(compass_vec_cal.o)
    0x20006c00   0x000002a0   Zero   RW         4774    .bss                libmpllib.lib(fast_no_motion.o)
    0x20006ea0   0x00000138   Zero   RW         4807    .bss                libmpllib.lib(fusion_9axis.o)
    0x20006fd8   0x000001c4   Zero   RW         4829    .bss                libmpllib.lib(gyro_tc.o)
    0x2000719c   0x000000b8   Zero   RW         4847    .bss                libmpllib.lib(mag_disturb.o)
    0x20007254   0x0000006c   Zero   RW         4869    .bss                libmpllib.lib(quaternion_supervisor.o)
    0x200072c0   0x000004b8   Zero   RW         4887    .bss                libmpllib.lib(accel_auto_cal.o)
    0x20007778   0x00000060   Zero   RW         5563    .bss                c_w.l(libspace.o)
    0x200077d8   0x00001000   Zero   RW            2    HEAP                startup_lpc54606.o
    0x200087d8   0x00002000   Zero   RW            1    STACK               startup_lpc54606.o


==============================================================================

Image component sizes


      Code (inc. data)   RO Data    RW Data    ZI Data      Debug   Object Name

        24          6         50          0          0       3176   assert.o
      2600        286         68          0        728      28860   data_builder.o
       924         48          0          0         40      10274   empl_outputs.o
       112          8          0          0        196       3086   hal_outputs.o
     11406       1554        625         78          0      43076   inv_mpu.o
      3128        138       3062          0         16      21250   inv_mpu_dmp_motion_driver.o
      1584        128          0          5          0       3942   isr.o
       202         10          0          0          0       2390   log_stm32.o
      1976        146         40         20          0       8166   lpc546xx_ctimer.o
         0          0          0          0        480       4257   lpc546xx_dma.o
       260         76          0          0          0       1661   lpc546xx_eeprom.o
       366         66          0         40          0      30271   lpc546xx_flexcomm.o
       384         40          0          0          0       2641   lpc546xx_gpio.o
       100         38          0          0          0        653   lpc546xx_iocon.o
        84         36          0          0          0        555   lpc546xx_pit.o
      1038         62          0          2          0       7763   lpc546xx_pll.o
      1106        120         40          0          0       3355   lpc546xx_sct.o
       132         36          0          0          0       1147   lpc546xx_systick.o
      1378         92          0         40          0       5871   lpc546xx_uart.o
        12          0          0          0          0        467   main.o
        28          4          0          4          0       1206   message_layer.o
      1878         24          0          0          0      14185   ml_math_func.o
       256         84         47          0          0       2532   mpl.o
      1080         22          0          0          0       9236   mpu9250.o
       210         24          0          0        104       3028   mpu_foruser.o
       580         28          0          0          0       4414   mpuiic.o
       824        128          0          0        136      15689   results_holder.o
         0          0          0          0          0       1589   seekfree_7725.o
        14          0          0          0          0        552   seekfree_fun.o
       256         46          0         75      22560       3145   seekfree_mt9v032.o
       814         18          0          0          0       4194   seekfree_printf.o
       944         86          0         36        146      31194   selfbuild_control.o
      1336         86          0         29        304       4497   selfbuild_mecanum_ctrl.o
      1424         32       2193          0          0      16587   selfbuild_oled.o
      4560        276          0         10        664       6874   selfbuild_oledmenu.o
       548         16          0          0        144       3736   selfbuild_pid.o
       204         20          0          0         84       3328   start_manager.o
       520        254        292          0      12288       3632   startup_lpc54606.o
       168         10          0          0        408       2465   storage_manager.o
       126         72          0          0          0     532719   system_lpc54606.o

    ----------------------------------------------------------------------
     42620       4120       6453        348      38304     847663   Object Totals
         0          0         32          0          0          0   (incl. Generated)
        34          0          4          9          6          0   (incl. Padding)

    ----------------------------------------------------------------------

      Code (inc. data)   RO Data    RW Data    ZI Data      Debug   Library Member Name

        90          0          0          0          0          0   __dczerorl2.o
         8          0          0          0          0         68   __main.o
       392          4         17          0          0         92   __printf_flags_ss_wp.o
        14          0          0          0          0         68   __printf_wp.o
         0          0          0          0          0          0   __rtentry.o
        12          0          0          0          0          0   __rtentry2.o
         6          0          0          0          0          0   __rtentry4.o
        52          8          0          0          0          0   __scatter.o
        28          0          0          0          0          0   __scatter_zi.o
         6          0          0          0          0          0   _printf_a.o
         6          0          0          0          0          0   _printf_c.o
        44          0          0          0          0        108   _printf_char.o
        48          6          0          0          0         96   _printf_char_common.o
        40          0          0          0          0         68   _printf_charcount.o
         6          0          0          0          0          0   _printf_d.o
       120         16          0          0          0         92   _printf_dec.o
         6          0          0          0          0          0   _printf_e.o
         6          0          0          0          0          0   _printf_f.o
      1050          0          0          0          0        216   _printf_fp_dec.o
       764          8         38          0          0        100   _printf_fp_hex.o
       128         16          0          0          0         84   _printf_fp_infnan.o
         6          0          0          0          0          0   _printf_g.o
       148          4         40          0          0        160   _printf_hex_int_ll_ptr.o
         6          0          0          0          0          0   _printf_i.o
       178          0          0          0          0         88   _printf_intcommon.o
        10          0          0          0          0          0   _printf_l.o
         6          0          0          0          0          0   _printf_lc.o
        10          0          0          0          0          0   _printf_ll.o
         6          0          0          0          0          0   _printf_lld.o
         6          0          0          0          0          0   _printf_lli.o
         6          0          0          0          0          0   _printf_llo.o
         6          0          0          0          0          0   _printf_llu.o
         6          0          0          0          0          0   _printf_llx.o
       124         16          0          0          0         92   _printf_longlong_dec.o
         6          0          0          0          0          0   _printf_ls.o
         6          0          0          0          0          0   _printf_n.o
         6          0          0          0          0          0   _printf_o.o
       112         10          0          0          0        124   _printf_oct_int_ll.o
         6          0          0          0          0          0   _printf_p.o
        78          0          0          0          0        108   _printf_pad.o
         0          0          0          0          0          0   _printf_percent.o
         4          0          0          0          0          0   _printf_percent_end.o
         6          0          0          0          0          0   _printf_s.o
        82          0          0          0          0         80   _printf_str.o
        36          0          0          0          0         84   _printf_truncate.o
         6          0          0          0          0          0   _printf_u.o
        44          0          0          0          0        108   _printf_wchar.o
       188          6          8          0          0         92   _printf_wctomb.o
         6          0          0          0          0          0   _printf_x.o
        22          0          0          0          0        100   _rserrno.o
        10          0          0          0          0         68   _sputc.o
        64          0          0          0          0         92   _wcrtomb.o
        16          0          0          0          0         68   aeabi_memset.o
       220          4        148          0          0         96   bigflt0.o
      1910        128          0          0          0        672   btod.o
        10          0          0          0          0         68   defsig_exit.o
        50          0          0          0          0         88   defsig_general.o
        80         58          0          0          0         76   defsig_rtmem_inner.o
        14          0          0          0          0         80   defsig_rtmem_outer.o
        18          0          0          0          0         80   exit.o
       470          0          0          0          0         88   flsbuf.o
        26          0          0          0          0         68   fputc.o
        94          0          0          0          0         80   h1_alloc.o
        52          0          0          0          0         68   h1_extend.o
        78          0          0          0          0         80   h1_free.o
        14          0          0          0          0         84   h1_init.o
         6          0          0          0          0        152   heapauxi.o
         4          0          0          0          0        136   hguard.o
         0          0          0          0          0          0   indicate_semi.o
       138          0          0          0          0        168   init_alloc.o
        44         10        272          0          0         76   lc_ctype_c.o
        44         10         28          0          0         76   lc_numeric_c.o
         2          0          0          0          0          0   libinit.o
        42          0          0          0          0          0   libinit2.o
         2          0          0          0          0          0   libshutdown.o
         2          0          0          0          0          0   libshutdown2.o
         8          4          0          0         96         68   libspace.o
        72          0          0          0          0         76   llsdiv.o
        38          0          0          0          0         68   llshl.o
        38          0          0          0          0         68   llsshr.o
       138          0          0          0          0         80   lludiv10.o
       238          0          0          0          0        100   lludivv7m.o
         0          0          0          0          0          0   maybetermalloc1.o
        88          0          0          0          0         76   memcmp.o
        16          4          0          0          0         76   rt_ctype_table.o
         8          4          0          0          0         68   rt_errno_addr_intlibspace.o
         8          4          0          0          0         68   rt_heap_descriptor_intlibspace.o
         8          4          0          0          0         68   rt_locale_intlibspace.o
        68          0          0          0          0         68   rt_memclr.o
        78          0          0          0          0         80   rt_memclr_w.o
       138          0          0          0          0         68   rt_memcpy_v6.o
       100          0          0          0          0         80   rt_memcpy_w.o
       122          0          0          0          0         80   rt_memmove_w.o
         2          0          0          0          0          0   rtexit.o
        10          0          0          0          0          0   rtexit2.o
       240          6          0          0          0        156   stdio.o
       128          0          0          0          0         68   strcmpv7m.o
        62          0          0          0          0         76   strlen.o
        12          4          0          0          0         68   sys_exit.o
       102          0          0          0          0        240   sys_io.o
        74          0          0          0          0         80   sys_stackheap_outer.o
        14          0          0          0          0         76   sys_wrch.o
         2          0          0          0          0         68   use_no_semi.o
        36          4          0          0          0         76   vsprintf.o
        24          0          0          0          0        164   basic.o
        98          4          0          0          0        140   d2f.o
       826         16          0          0          0        492   daddsub_clz.o
        16          4          0          0          0        116   dcheck1.o
        24          0          0          0          0        116   dcmpi.o
       688        140          0          0          0        256   ddiv.o
       120          4          0          0          0        140   deqf.o
        94          4          0          0          0        140   dfix.o
        90          4          0          0          0        140   dfixu.o
        84          0          0          0          0        232   dflt_clz.o
       120          4          0          0          0        140   dleqf.o
       340         12          0          0          0        152   dmul.o
       156          4          0          0          0        140   dnaninf.o
        12          0          0          0          0        116   dretinf.o
       108          0          0          0          0        128   drleqf.o
       408         56          0          0          0        168   dsqrt_umaal.o
        86          4          0          0          0        132   f2d.o
        36          0          0          0          0        232   faddsub_clz.o
        12          4          0          0          0        116   fcheck1.o
        24          0          0          0          0        116   fcmpi.o
        18          0          0          0          0        116   fdiv.o
        14          0          0          0          0        116   ffix.o
       134          4          0          0          0        132   ffixll.o
        28          0          0          0          0        232   fflt_clz.o
        96          0          0          0          0        132   ffltll_clz.o
        48          4          0          0          0        132   fleqf.o
        18          0          0          0          0        116   fmul.o
       140          4          0          0          0        132   fnaninf.o
        10          0          0          0          0        116   fpinit.o
        10          0          0          0          0        116   fretinf.o
        40          0          0          0          0        116   frleqf.o
         4          0          0          0          0        116   printf1.o
         4          0          0          0          0        116   printf2.o
       100          0          0          0          0        116   retnan.o
        92          0          0          0          0        116   scalbn.o
        76          0          0          0          0        116   scalbnf.o
        48          0          0          0          0        116   trapv.o
         0          0          0          0          0          0   usenofp.o
      2796        150          0          0       1208       9108   accel_auto_cal.o
      7772        154          0         16       1120      19264   compass_vec_cal.o
      2548         42          0          0        672      13408   fast_no_motion.o
      1628         54          0          0        312       5308   fusion_9axis.o
      1212         30          0          0        452       5515   gyro_tc.o
      1360         46          0          0        184       7270   mag_disturb.o
      2368        102          0          0        108       5409   quaternion_supervisor.o
       296         46          0          0          0        300   acosf.o
       592         90          0          0          0        184   atan2f.o
       216         20          0          0          0        288   cos.o
       368         46         48          0          0        200   cos_i.o
       352         56          0          0          0        260   cosf.o
       132         36          0          0          0        496   dunder.o
        44          0          0          0          0        248   fabs.o
        48          0          0          0          0        124   fpclassify.o
        38          0          0          0          0        116   fpclassifyf.o
        44         12          0          0          0        464   funder.o
       980         92         56          0          0        440   log.o
       248          0          0          0          0        152   poly.o
         0          0          8          0          0          0   qnan.o
      1080        142        200          0          0        188   rred.o
       340         24         32          0          0        160   rredf.o
       304         24         40          0          0        208   sin_i.o
       416         56          0          0          0        336   sinf.o
       110          0          0          0          0        148   sqrt.o
       120          0          0          0          0        272   sqrtf.o

    ----------------------------------------------------------------------
     38904       1836        943         16       4300      81986   Library Totals
        36          4          8          0        148          0   (incl. Padding)

    ----------------------------------------------------------------------

      Code (inc. data)   RO Data    RW Data    ZI Data      Debug   Library Name

      9210        338        551          0         96       6592   c_w.l
      4246        272          0          0          0       5528   fz_wm.l
     19684        578          0         16       4056      65282   libmpllib.lib
      5728        644        384          0          0       4584   m_wm.l

    ----------------------------------------------------------------------
     38904       1836        943         16       4300      81986   Library Totals

    ----------------------------------------------------------------------

==============================================================================


      Code (inc. data)   RO Data    RW Data    ZI Data      Debug   

     81524       5956       7396        364      42604     890169   Grand Totals
     81524       5956       7396        196      42604     890169   ELF Image Totals (compressed)
     81524       5956       7396        196          0          0   ROM Totals

==============================================================================

    Total RO  Size (Code + RO Data)                88920 (  86.84kB)
    Total RW  Size (RW Data + ZI Data)             42968 (  41.96kB)
    Total ROM Size (Code + RO Data + RW Data)      89116 (  87.03kB)

==============================================================================

